Archive member included to satisfy reference by file (symbol)

C:/ST/STM32CubeIDE_2.0.0/STM32CubeIDE/plugins/com.st.stm32cube.ide.mcu.externaltools.gnu-tools-for-stm32.13.3.rel1.win32_1.0.100.202509120712/tools/bin/../lib/gcc/arm-none-eabi/13.3.1/../../../../arm-none-eabi/lib/thumb/v7e-m+fp/hard\libc_nano.a(libc_a-exit.o)
                              C:/ST/STM32CubeIDE_2.0.0/STM32CubeIDE/plugins/com.st.stm32cube.ide.mcu.externaltools.gnu-tools-for-stm32.13.3.rel1.win32_1.0.100.202509120712/tools/bin/../lib/gcc/arm-none-eabi/13.3.1/../../../../arm-none-eabi/lib/thumb/v7e-m+fp/hard/crt0.o (exit)
C:/ST/STM32CubeIDE_2.0.0/STM32CubeIDE/plugins/com.st.stm32cube.ide.mcu.externaltools.gnu-tools-for-stm32.13.3.rel1.win32_1.0.100.202509120712/tools/bin/../lib/gcc/arm-none-eabi/13.3.1/../../../../arm-none-eabi/lib/thumb/v7e-m+fp/hard\libc_nano.a(libc_a-findfp.o)
                              C:/ST/STM32CubeIDE_2.0.0/STM32CubeIDE/plugins/com.st.stm32cube.ide.mcu.externaltools.gnu-tools-for-stm32.13.3.rel1.win32_1.0.100.202509120712/tools/bin/../lib/gcc/arm-none-eabi/13.3.1/../../../../arm-none-eabi/lib/thumb/v7e-m+fp/hard\libc_nano.a(libc_a-exit.o) (__stdio_exit_handler)
C:/ST/STM32CubeIDE_2.0.0/STM32CubeIDE/plugins/com.st.stm32cube.ide.mcu.externaltools.gnu-tools-for-stm32.13.3.rel1.win32_1.0.100.202509120712/tools/bin/../lib/gcc/arm-none-eabi/13.3.1/../../../../arm-none-eabi/lib/thumb/v7e-m+fp/hard\libc_nano.a(libc_a-fwalk.o)
                              C:/ST/STM32CubeIDE_2.0.0/STM32CubeIDE/plugins/com.st.stm32cube.ide.mcu.externaltools.gnu-tools-for-stm32.13.3.rel1.win32_1.0.100.202509120712/tools/bin/../lib/gcc/arm-none-eabi/13.3.1/../../../../arm-none-eabi/lib/thumb/v7e-m+fp/hard\libc_nano.a(libc_a-findfp.o) (_fwalk_sglue)
C:/ST/STM32CubeIDE_2.0.0/STM32CubeIDE/plugins/com.st.stm32cube.ide.mcu.externaltools.gnu-tools-for-stm32.13.3.rel1.win32_1.0.100.202509120712/tools/bin/../lib/gcc/arm-none-eabi/13.3.1/../../../../arm-none-eabi/lib/thumb/v7e-m+fp/hard\libc_nano.a(libc_a-stdio.o)
                              C:/ST/STM32CubeIDE_2.0.0/STM32CubeIDE/plugins/com.st.stm32cube.ide.mcu.externaltools.gnu-tools-for-stm32.13.3.rel1.win32_1.0.100.202509120712/tools/bin/../lib/gcc/arm-none-eabi/13.3.1/../../../../arm-none-eabi/lib/thumb/v7e-m+fp/hard\libc_nano.a(libc_a-findfp.o) (__sread)
C:/ST/STM32CubeIDE_2.0.0/STM32CubeIDE/plugins/com.st.stm32cube.ide.mcu.externaltools.gnu-tools-for-stm32.13.3.rel1.win32_1.0.100.202509120712/tools/bin/../lib/gcc/arm-none-eabi/13.3.1/../../../../arm-none-eabi/lib/thumb/v7e-m+fp/hard\libc_nano.a(libc_a-memset.o)
                              C:/ST/STM32CubeIDE_2.0.0/STM32CubeIDE/plugins/com.st.stm32cube.ide.mcu.externaltools.gnu-tools-for-stm32.13.3.rel1.win32_1.0.100.202509120712/tools/bin/../lib/gcc/arm-none-eabi/13.3.1/../../../../arm-none-eabi/lib/thumb/v7e-m+fp/hard/crt0.o (memset)
C:/ST/STM32CubeIDE_2.0.0/STM32CubeIDE/plugins/com.st.stm32cube.ide.mcu.externaltools.gnu-tools-for-stm32.13.3.rel1.win32_1.0.100.202509120712/tools/bin/../lib/gcc/arm-none-eabi/13.3.1/../../../../arm-none-eabi/lib/thumb/v7e-m+fp/hard\libc_nano.a(libc_a-closer.o)
                              C:/ST/STM32CubeIDE_2.0.0/STM32CubeIDE/plugins/com.st.stm32cube.ide.mcu.externaltools.gnu-tools-for-stm32.13.3.rel1.win32_1.0.100.202509120712/tools/bin/../lib/gcc/arm-none-eabi/13.3.1/../../../../arm-none-eabi/lib/thumb/v7e-m+fp/hard\libc_nano.a(libc_a-stdio.o) (_close_r)
C:/ST/STM32CubeIDE_2.0.0/STM32CubeIDE/plugins/com.st.stm32cube.ide.mcu.externaltools.gnu-tools-for-stm32.13.3.rel1.win32_1.0.100.202509120712/tools/bin/../lib/gcc/arm-none-eabi/13.3.1/../../../../arm-none-eabi/lib/thumb/v7e-m+fp/hard\libc_nano.a(libc_a-reent.o)
                              C:/ST/STM32CubeIDE_2.0.0/STM32CubeIDE/plugins/com.st.stm32cube.ide.mcu.externaltools.gnu-tools-for-stm32.13.3.rel1.win32_1.0.100.202509120712/tools/bin/../lib/gcc/arm-none-eabi/13.3.1/../../../../arm-none-eabi/lib/thumb/v7e-m+fp/hard\libc_nano.a(libc_a-closer.o) (errno)
C:/ST/STM32CubeIDE_2.0.0/STM32CubeIDE/plugins/com.st.stm32cube.ide.mcu.externaltools.gnu-tools-for-stm32.13.3.rel1.win32_1.0.100.202509120712/tools/bin/../lib/gcc/arm-none-eabi/13.3.1/../../../../arm-none-eabi/lib/thumb/v7e-m+fp/hard\libc_nano.a(libc_a-impure.o)
                              C:/ST/STM32CubeIDE_2.0.0/STM32CubeIDE/plugins/com.st.stm32cube.ide.mcu.externaltools.gnu-tools-for-stm32.13.3.rel1.win32_1.0.100.202509120712/tools/bin/../lib/gcc/arm-none-eabi/13.3.1/../../../../arm-none-eabi/lib/thumb/v7e-m+fp/hard\libc_nano.a(libc_a-reent.o) (_impure_ptr)
C:/ST/STM32CubeIDE_2.0.0/STM32CubeIDE/plugins/com.st.stm32cube.ide.mcu.externaltools.gnu-tools-for-stm32.13.3.rel1.win32_1.0.100.202509120712/tools/bin/../lib/gcc/arm-none-eabi/13.3.1/../../../../arm-none-eabi/lib/thumb/v7e-m+fp/hard\libc_nano.a(libc_a-lseekr.o)
[...]
Memory Configuration

Name             Origin             Length             Attributes
CCMRAM           0x10000000         0x00010000         xrw
RAM              0x20000000         0x00020000         xrw
FLASH            0x08000000         0x00100000         xr
*default*        0x00000000         0xffffffff

Linker script and memory map

LOAD C:/ST/STM32CubeIDE_2.0.0/STM32CubeIDE/plugins/com.st.stm32cube.ide.mcu.externaltools.gnu-tools-for-stm32.13.3.rel1.win32_1.0.100.202509120712/tools/bin/../lib/gcc/arm-none-eabi/13.3.1/thumb/v7e-m+fp/hard/crti.o
LOAD C:/ST/STM32CubeIDE_2.0.0/STM32CubeIDE/plugins/com.st.stm32cube.ide.mcu.externaltools.gnu-tools-for-stm32.13.3.rel1.win32_1.0.100.202509120712/tools/bin/../lib/gcc/arm-none-eabi/13.3.1/thumb/v7e-m+fp/hard/crtbegin.o
LOAD C:/ST/STM32CubeIDE_2.0.0/STM32CubeIDE/plugins/com.st.stm32cube.ide.mcu.externaltools.gnu-tools-for-stm32.13.3.rel1.win32_1.0.100.202509120712/tools/bin/../lib/gcc/arm-none-eabi/13.3.1/../../../../arm-none-eabi/lib/thumb/v7e-m+fp/hard/crt0.o
LOAD ./.settings/Core/Startup/startup_stm32f407zetx.o
LOAD ./Core/Src/button.o
LOAD ./Core/Src/buzzer.o
LOAD ./Core/Src/electronic_lock.o
LOAD ./Core/Src/fsmc.o
LOAD ./Core/Src/gpio.o
LOAD ./Core/Src/keyboard.o
LOAD ./Core/Src/lcd.o
LOAD ./Core/Src/led_7seg.o
LOAD ./Core/Src/main.o
LOAD ./Core/Src/picture.o
LOAD ./Core/Src/software_timer.o
LOAD ./Core/Src/spi.o
LOAD ./Core/Src/stm32f4xx_hal_msp.o
LOAD ./Core/Src/stm32f4xx_it.o
LOAD ./Core/Src/syscalls.o
LOAD ./Core/Src/sysmem.o
LOAD ./Core/Src/system_stm32f4xx.o
LOAD ./Core/Src/tim.o
LOAD ./Drivers/STM32F4xx_HAL_Driver/Src/stm32f4xx_hal.o
LOAD ./Drivers/STM32F4xx_HAL_Driver/Src/stm32f4xx_hal_cortex.o
LOAD ./Drivers/STM32F4xx_HAL_Driver/Src/stm32f4xx_hal_dma.o
LOAD ./Drivers/STM32F4xx_HAL_Driver/Src/stm32f4xx_hal_dma_ex.o
LOAD ./Drivers/STM32F4xx_HAL_Driver/Src/stm32f4xx_hal_exti.o
LOAD ./Drivers/STM32F4xx_HAL_Driver/Src/stm32f4xx_hal_flash.o
LOAD ./Drivers/STM32F4xx_HAL_Driver/Src/stm32f4xx_hal_flash_ex.o
LOAD ./Drivers/STM32F4xx_HAL_Driver/Src/stm32f4xx_hal_flash_ramfunc.o
LOAD ./Drivers/STM32F4xx_HAL_Driver/Src/stm32f4xx_hal_gpio.o
LOAD ./Drivers/STM32F4xx_HAL_Driver/Src/stm32f4xx_hal_nand.o
LOAD ./Drivers/STM32F4xx_HAL_Driver/Src/stm32f4xx_hal_nor.o
LOAD ./Drivers/STM32F4xx_HAL_Driver/Src/stm32f4xx_hal_pccard.o
LOAD ./Drivers/STM32F4xx_HAL_Driver/Src/stm32f4xx_hal_pwr.o
LOAD ./Drivers/STM32F4xx_HAL_Driver/Src/stm32f4xx_hal_pwr_ex.o
LOAD ./Drivers/STM32F4xx_HAL_Driver/Src/stm32f4xx_hal_rcc.o
LOAD ./Drivers/STM32F4xx_HAL_Driver/Src/stm32f4xx_hal_rcc_ex.o
LOAD ./Drivers/STM32F4xx_HAL_Driver/Src/stm32f4xx_hal_spi.o
LOAD ./Drivers/STM32F4xx_HAL_Driver/Src/stm32f4xx_hal_sram.o
LOAD ./Drivers/STM32F4xx_HAL_Driver/Src/stm32f4xx_hal_tim.o
LOAD ./Drivers/STM32F4xx_HAL_Driver/Src/stm32f4xx_hal_tim_ex.o
LOAD ./Drivers/STM32F4xx_HAL_Driver/Src/stm32f4xx_ll_fsmc.o
START GROUP
LOAD C:/ST/STM32CubeIDE_2.0.0/STM32CubeIDE/plugins/com.st.stm32cube.ide.mcu.externaltools.gnu-tools-for-stm32.13.3.rel1.win32_1.0.100.202509120712/tools/bin/../lib/gcc/arm-none-eabi/13.3.1/../../../../arm-none-eabi/lib/thumb/v7e-m+fp/hard\libc_nano.a
LOAD C:/ST/STM32CubeIDE_2.0.0/STM32CubeIDE/plugins/com.st.stm32cube.ide.mcu.externaltools.gnu-tools-for-stm32.13.3.rel1.win32_1.0.100.202509120712/tools/bin/../lib/gcc/arm-none-eabi/13.3.1/../../../../arm-none-eabi/lib/thumb/v7e-m+fp/hard\libm.a
END GROUP
START GROUP
LOAD C:/ST/STM32CubeIDE_2.0.0/STM32CubeIDE/plugins/com.st.stm32cube.ide.mcu.externaltools.gnu-tools-for-stm32.13.3.rel1.win32_1.0.100.202509120712/tools/bin/../lib/gcc/arm-none-eabi/13.3.1/thumb/v7e-m+fp/hard\libgcc.a
LOAD C:/ST/STM32CubeIDE_2.0.0/STM32CubeIDE/plugins/com.st.stm32cube.ide.mcu.externaltools.gnu-tools-for-stm32.13.3.rel1.win32_1.0.100.202509120712/tools/bin/../lib/gcc/arm-none-eabi/13.3.1/../../../../arm-none-eabi/lib/thumb/v7e-m+fp/hard\libc_nano.a
END GROUP
START GROUP
LOAD C:/ST/STM32CubeIDE_2.0.0/STM32CubeIDE/plugins/com.st.stm32cube.ide.mcu.externaltools.gnu-tools-for-stm32.13.3.rel1.win32_1.0.100.202509120712/tools/bin/../lib/gcc/arm-none-eabi/13.3.1/thumb/v7e-m+fp/hard\libgcc.a
LOAD C:/ST/STM32CubeIDE_2.0.0/STM32CubeIDE/plugins/com.st.stm32cube.ide.mcu.externaltools.gnu-tools-for-stm32.13.3.rel1.win32_1.0.100.202509120712/tools/bin/../lib/gcc/arm-none-eabi/13.3.1/../../../../arm-none-eabi/lib/thumb/v7e-m+fp/hard\libc_nano.a
LOAD C:/ST/STM32CubeIDE_2.0.0/STM32CubeIDE/plugins/com.st.stm32cube.ide.mcu.externaltools.gnu-tools-for-stm32.13.3.rel1.win32_1.0.100.202509120712/tools/bin/../lib/gcc/arm-none-eabi/13.3.1/../../../../arm-none-eabi/lib/thumb/v7e-m+fp/hard\libnosys.a
END GROUP
START GROUP
LOAD C:/ST/STM32CubeIDE_2.0.0/STM32CubeIDE/plugins/com.st.stm32cube.ide.mcu.externaltools.gnu-tools-for-stm32.13.3.rel1.win32_1.0.100.202509120712/tools/bin/../lib/gcc/arm-none-eabi/13.3.1/thumb/v7e-m+fp/hard\libgcc.a
LOAD C:/ST/STM32CubeIDE_2.0.0/STM32CubeIDE/plugins/com.st.stm32cube.ide.mcu.externaltools.gnu-tools-for-stm32.13.3.rel1.win32_1.0.100.202509120712/tools/bin/../lib/gcc/arm-none-eabi/13.3.1/../../../../arm-none-eabi/lib/thumb/v7e-m+fp/hard\libc_nano.a
LOAD C:/ST/STM32CubeIDE_2.0.0/STM32CubeIDE/plugins/com.st.stm32cube.ide.mcu.externaltools.gnu-tools-for-stm32.13.3.rel1.win32_1.0.100.202509120712/tools/bin/../lib/gcc/arm-none-eabi/13.3.1/../../../../arm-none-eabi/lib/thumb/v7e-m+fp/hard\libnosys.a
END GROUP
LOAD C:/ST/STM32CubeIDE_2.0.0/STM32CubeIDE/plugins/com.st.stm32cube.ide.mcu.externaltools.gnu-tools-for-stm32.13.3.rel1.win32_1.0.100.202509120712/tools/bin/../lib/gcc/arm-none-eabi/13.3.1/thumb/v7e-m+fp/hard/crtend.o
LOAD C:/ST/STM32CubeIDE_2.0.0/STM32CubeIDE/plugins/com.st.stm32cube.ide.mcu.externaltools.gnu-tools-for-stm32.13.3.rel1.win32_1.0.100.202509120712/tools/bin/../lib/gcc/arm-none-eabi/13.3.1/thumb/v7e-m+fp/hard/crtn.o
                0x20020000                        _estack = (ORIGIN (RAM) + LENGTH (RAM))
                0x00000200                        _Min_Heap_Size = 0x200
                0x00000400                        _Min_Stack_Size = 0x400

.isr_vector     0x08000000      0x188
                0x08000000                        . = ALIGN (0x4)
 *(.isr_vector)
 .isr_vector    0x08000000      0x188 ./.settings/Core/Startup/startup_stm32f407zetx.o
                0x08000000                g_pfnVectors
                0x08000188                        . = ALIGN (0x4)

.text           0x08000188     0x6abc
                0x08000188                        . = ALIGN (0x4)
 *(.text)
 .text          0x08000188       0x40 C:/ST/STM32CubeIDE_2.0.0/STM32CubeIDE/plugins/com.st.stm32cube.ide.mcu.externaltools.gnu-tools-for-stm32.13.3.rel1.win32_1.0.100.202509120712/tools/bin/../lib/gcc/arm-none-eabi/13.3.1/thumb/v7e-m+fp/hard/crtbegin.o
 .text          0x080001c8       0x10 C:/ST/STM32CubeIDE_2.0.0/STM32CubeIDE/plugins/com.st.stm32cube.ide.mcu.externaltools.gnu-tools-for-stm32.13.3.rel1.win32_1.0.100.202509120712/tools/bin/../lib/gcc/arm-none-eabi/13.3.1/../../../../arm-none-eabi/lib/thumb/v7e-m+fp/hard\libc_nano.a(libc_a-strlen.o)
                0x080001c8                strlen
 .text          0x080001d8       0x30 C:/ST/STM32CubeIDE_2.0.0/STM32CubeIDE/plugins/com.st.stm32cube.ide.mcu.externaltools.gnu-tools-for-stm32.13.3.rel1.win32_1.0.100.202509120712/tools/bin/../lib/gcc/arm-none-eabi/13.3.1/thumb/v7e-m+fp/hard\libgcc.a(_aeabi_uldivmod.o)
                0x080001d8                __aeabi_uldivmod
 .text          0x08000208      0x2f8 C:/ST/STM32CubeIDE_2.0.0/STM32CubeIDE/plugins/com.st.stm32cube.ide.mcu.externaltools.gnu-tools-for-stm32.13.3.rel1.win32_1.0.100.202509120712/tools/bin/../lib/gcc/arm-none-eabi/13.3.1/thumb/v7e-m+fp/hard\libgcc.a(_udivmoddi4.o)
                0x08000208                __udivmoddi4
 .text          0x08000500        0x4 C:/ST/STM32CubeIDE_2.0.0/STM32CubeIDE/plugins/com.st.stm32cube.ide.mcu.externaltools.gnu-tools-for-stm32.13.3.rel1.win32_1.0.100.202509120712/tools/bin/../lib/gcc/arm-none-eabi/13.3.1/thumb/v7e-m+fp/hard\libgcc.a(_dvmd_tls.o)
                0x08000500                __aeabi_idiv0
                0x08000500                __aeabi_ldiv0
 *(.text*)
 .text.Reset_Handler
                0x08000504       0x50 ./.settings/Core/Startup/startup_stm32f407zetx.o
                0x08000504                Reset_Handler
 .text.Default_Handler
                0x08000554        0x2 ./.settings/Core/Startup/startup_stm32f407zetx.o
                0x08000554                RTC_Alarm_IRQHandler
                0x08000554                HASH_RNG_IRQHandler
                0x08000554                EXTI2_IRQHandler
                0x08000554                TIM8_CC_IRQHandler
                0x08000554                TIM1_CC_IRQHandler
                0x08000554                DMA2_Stream5_IRQHandler
                0x08000554                DMA1_Stream5_IRQHandler
                0x08000554                PVD_IRQHandler
                0x08000554                SDIO_IRQHandler
                0x08000554                TAMP_STAMP_IRQHandler
                0x08000554                CAN2_RX1_IRQHandler
                0x08000554                EXTI3_IRQHandler
                0x08000554                TIM8_TRG_COM_TIM14_IRQHandler
                0x08000554                TIM1_UP_TIM10_IRQHandler
                0x08000554                I2C3_ER_IRQHandler
                0x08000554                EXTI0_IRQHandler
                0x08000554                I2C2_EV_IRQHandler
                0x08000554                DMA1_Stream2_IRQHandler
                0x08000554                CAN1_RX0_IRQHandler
                0x08000554                FPU_IRQHandler
                0x08000554                OTG_HS_WKUP_IRQHandler
                0x08000554                CAN2_SCE_IRQHandler
                0x08000554                DMA2_Stream2_IRQHandler
                0x08000554                SPI1_IRQHandler
                0x08000554                TIM6_DAC_IRQHandler
                0x08000554                TIM1_BRK_TIM9_IRQHandler
                0x08000554                DCMI_IRQHandler
                0x08000554                CAN2_RX0_IRQHandler
                0x08000554                DMA2_Stream3_IRQHandler
                0x08000554                USART6_IRQHandler
                0x08000554                USART3_IRQHandler
                0x08000554                CAN1_RX1_IRQHandler
                0x08000554                UART5_IRQHandler
                0x08000554                DMA2_Stream0_IRQHandler
                0x08000554                I2C1_EV_IRQHandler
                0x08000554                DMA1_Stream6_IRQHandler
                0x08000554                DMA1_Stream1_IRQHandler
                0x08000554                UART4_IRQHandler
                0x08000554                TIM3_IRQHandler
                0x08000554                RCC_IRQHandler
                0x08000554                TIM8_BRK_TIM12_IRQHandler
                0x08000554                Default_Handler
                0x08000554                EXTI15_10_IRQHandler
                0x08000554                ADC_IRQHandler
                0x08000554                DMA1_Stream7_IRQHandler
                0x08000554                TIM7_IRQHandler
                0x08000554                CAN2_TX_IRQHandler
                0x08000554                TIM5_IRQHandler
                0x08000554                DMA2_Stream7_IRQHandler
                0x08000554                I2C3_EV_IRQHandler
                0x08000554                EXTI9_5_IRQHandler
                0x08000554                RTC_WKUP_IRQHandler
                0x08000554                ETH_WKUP_IRQHandler
                0x08000554                SPI2_IRQHandler
                0x08000554                OTG_HS_EP1_IN_IRQHandler
                0x08000554                DMA1_Stream0_IRQHandler
                0x08000554                CAN1_TX_IRQHandler
                0x08000554                EXTI4_IRQHandler
                0x08000554                FSMC_IRQHandler
                0x08000554                ETH_IRQHandler
                0x08000554                OTG_HS_EP1_OUT_IRQHandler
                0x08000554                WWDG_IRQHandler
                0x08000554                OTG_FS_WKUP_IRQHandler
                0x08000554                TIM1_TRG_COM_TIM11_IRQHandler
                0x08000554                OTG_HS_IRQHandler
                0x08000554                EXTI1_IRQHandler
                0x08000554                USART2_IRQHandler
                0x08000554                I2C2_ER_IRQHandler
                0x08000554                DMA2_Stream1_IRQHandler
                0x08000554                CAN1_SCE_IRQHandler
                0x08000554                FLASH_IRQHandler
                0x08000554                DMA2_Stream4_IRQHandler
                0x08000554                USART1_IRQHandler
                0x08000554                OTG_FS_IRQHandler
                0x08000554                SPI3_IRQHandler
                0x08000554                DMA1_Stream4_IRQHandler
                0x08000554                I2C1_ER_IRQHandler
                0x08000554                DMA2_Stream6_IRQHandler
                0x08000554                DMA1_Stream3_IRQHandler
 *fill*         0x08000556        0x2 
 .text.button_init
                0x08000558       0x18 ./Core/Src/button.o
                0x08000558                button_init
 .text.button_scan
                0x08000570       0xd8 ./Core/Src/button.o
                0x08000570                button_scan
 .text.buzzer_init
                0x08000648       0x1c ./Core/Src/buzzer.o
                0x08000648                buzzer_init
 .text.buzzer_SetVolume
                0x08000664       0x2c ./Core/Src/buzzer.o
                0x08000664                buzzer_SetVolume
 .text.buzzer_Stop
                0x08000690       0x14 ./Core/Src/buzzer.o
                0x08000690                buzzer_Stop
 .text.fsm_electronic_lock_run
                0x080006a4       0xb4 ./Core/Src/electronic_lock.o
                0x080006a4                fsm_electronic_lock_run
 .text.reset_inputs
                0x08000758       0x40 ./Core/Src/electronic_lock.o
 .text.read_edges
                0x08000798       0x70 ./Core/Src/electronic_lock.o
 .text.check_password
                0x08000808       0x44 ./Core/Src/electronic_lock.o
                0x08000808                check_password
 .text.init_idle
                0x0800084c       0xac ./Core/Src/electronic_lock.o
                0x0800084c                init_idle
 .text.init_receive_password_number
                0x080008f8       0x68 ./Core/Src/electronic_lock.o
                0x080008f8                init_receive_password_number
 .text.init_receive_password_character
                0x08000960       0x68 ./Core/Src/electronic_lock.o
                0x08000960                init_receive_password_character
 .text.init_process_and_control
                0x080009c8       0x64 ./Core/Src/electronic_lock.o
                0x080009c8                init_process_and_control
 .text.init_unlock_door
                0x08000a2c       0x74 ./Core/Src/electronic_lock.o
                0x08000a2c                init_unlock_door
 .text.init_door_open
                0x08000aa0       0x84 ./Core/Src/electronic_lock.o
                0x08000aa0                init_door_open
 .text.init_door_close
                0x08000b24       0x84 ./Core/Src/electronic_lock.o
                0x08000b24                init_door_close
 .text.init_alert
                0x08000ba8       0x94 ./Core/Src/electronic_lock.o
                0x08000ba8                init_alert
 .text.init_lock_door
                0x08000c3c       0x74 ./Core/Src/electronic_lock.o
                0x08000c3c                init_lock_door
 .text.init     0x08000cb0        0xe ./Core/Src/electronic_lock.o
                0x08000cb0                init
 *fill*         0x08000cbe        0x2 
 .text.idle     0x08000cc0      0x280 ./Core/Src/electronic_lock.o
                0x08000cc0                idle
 .text.receive_password_number
                0x08000f40      0x1e4 ./Core/Src/electronic_lock.o
                0x08000f40                receive_password_number
 .text.receive_password_character
                0x08001124      0x1b4 ./Core/Src/electronic_lock.o
                0x08001124                receive_password_character
 .text.show_7SEGMENT
                0x080012d8       0xec ./Core/Src/electronic_lock.o
                0x080012d8                show_7SEGMENT
 .text.process_and_control
                0x080013c4       0xc8 ./Core/Src/electronic_lock.o
                0x080013c4                process_and_control
 .text.password_incorrect
                0x0800148c       0xe4 ./Core/Src/electronic_lock.o
                0x0800148c                password_incorrect
 .text.init_lockout
                0x08001570       0xa0 ./Core/Src/electronic_lock.o
                0x08001570                init_lockout
 .text.lockout  0x08001610       0x80 ./Core/Src/electronic_lock.o
                0x08001610                lockout
 .text.unlock_door
                0x08001690       0x78 ./Core/Src/electronic_lock.o
                0x08001690                unlock_door
 .text.door_open
                0x08001708       0x6c ./Core/Src/electronic_lock.o
                0x08001708                door_open
 .text.door_close
                0x08001774       0x70 ./Core/Src/electronic_lock.o
                0x08001774                door_close
 .text.alert    0x080017e4       0x80 ./Core/Src/electronic_lock.o
                0x080017e4                alert
 .text.lock_door
                0x08001864       0x30 ./Core/Src/electronic_lock.o
                0x08001864                lock_door
 .text.get_digit_from_edges
                0x08001894       0xa2 ./Core/Src/electronic_lock.o
 *fill*         0x08001936        0x2 
 .text.super_init_change_password_number
                0x08001938      0x120 ./Core/Src/electronic_lock.o
                0x08001938                super_init_change_password_number
 .text.reset_change_password_form
                0x08001a58      0x114 ./Core/Src/electronic_lock.o
                0x08001a58                reset_change_password_form
 .text.init_change_password_number
                0x08001b6c       0x58 ./Core/Src/electronic_lock.o
                0x08001b6c                init_change_password_number
 .text.init_change_password_character
                0x08001bc4       0x58 ./Core/Src/electronic_lock.o
                0x08001bc4                init_change_password_character
 .text.change_password_number
                0x08001c1c      0x4b0 ./Core/Src/electronic_lock.o
                0x08001c1c                change_password_number
 .text.change_password_character
                0x080020cc      0x4f4 ./Core/Src/electronic_lock.o
                0x080020cc                change_password_character
 .text.notify_password_not_ready
                0x080025c0       0x7c ./Core/Src/electronic_lock.o
                0x080025c0                notify_password_not_ready
 .text.clear_notify
                0x0800263c       0x30 ./Core/Src/electronic_lock.o
                0x0800263c                clear_notify
 .text.MX_FSMC_Init
                0x0800266c       0xf4 ./Core/Src/fsmc.o
                0x0800266c                MX_FSMC_Init
 .text.HAL_FSMC_MspInit
                0x08002760       0x98 ./Core/Src/fsmc.o
 .text.HAL_SRAM_MspInit
                0x080027f8       0x14 ./Core/Src/fsmc.o
                0x080027f8                HAL_SRAM_MspInit
 .text.MX_GPIO_Init
                0x0800280c      0x1dc ./Core/Src/gpio.o
                0x0800280c                MX_GPIO_Init
 .text.LCD_WR_REG
                0x080029e8       0x20 ./Core/Src/lcd.o
                0x080029e8                LCD_WR_REG
 .text.LCD_WR_DATA
                0x08002a08       0x20 ./Core/Src/lcd.o
 .text.LCD_RD_DATA
                0x08002a28       0x24 ./Core/Src/lcd.o
 .text.lcd_set_address
                0x08002a4c       0x98 ./Core/Src/lcd.o
                0x08002a4c                lcd_set_address
 .text.lcd_clear
                0x08002ae4       0x64 ./Core/Src/lcd.o
                0x08002ae4                lcd_clear
 .text.lcd_fill
                0x08002b48       0x6c ./Core/Src/lcd.o
                0x08002b48                lcd_fill
 .text.lcd_draw_point
                0x08002bb4       0x2e ./Core/Src/lcd.o
                0x08002bb4                lcd_draw_point
 *fill*         0x08002be2        0x2 
 .text.lcd_show_char
                0x08002be4      0x1a0 ./Core/Src/lcd.o
                0x08002be4                lcd_show_char
 .text.mypow    0x08002d84       0x38 ./Core/Src/lcd.o
 .text.lcd_show_int_num
                0x08002dbc       0xfc ./Core/Src/lcd.o
                0x08002dbc                lcd_show_int_num
 .text.lcd_show_picture
                0x08002eb8       0xae ./Core/Src/lcd.o
                0x08002eb8                lcd_show_picture
 *fill*         0x08002f66        0x2 
 .text.lcd_set_direction
                0x08002f68       0x44 ./Core/Src/lcd.o
                0x08002f68                lcd_set_direction
 .text.lcd_init
                0x08002fac      0x2c0 ./Core/Src/lcd.o
                0x08002fac                lcd_init
 .text.lcd_show_string
                0x0800326c       0xc8 ./Core/Src/lcd.o
                0x0800326c                lcd_show_string
 .text.lcd_show_string_center
                0x08003334       0x64 ./Core/Src/lcd.o
                0x08003334                lcd_show_string_center
 .text.led_7seg_init
                0x08003398       0x18 ./Core/Src/led_7seg.o
                0x08003398                led_7seg_init
 .text.led_7seg_display
                0x080033b0      0x11c ./Core/Src/led_7seg.o
                0x080033b0                led_7seg_display
 .text.led_7seg_set_digit
                0x080034cc       0x78 ./Core/Src/led_7seg.o
                0x080034cc                led_7seg_set_digit
 .text.led_7seg_clear_pos
                0x08003544       0x30 ./Core/Src/led_7seg.o
                0x08003544                led_7seg_clear_pos
 .text.main     0x08003574       0x4c ./Core/Src/main.o
                0x08003574                main
 .text.SystemClock_Config
                0x080035c0       0xd4 ./Core/Src/main.o
                0x080035c0                SystemClock_Config
 .text.init_system
                0x08003694       0x54 ./Core/Src/main.o
                0x08003694                init_system
 .text.HAL_TIM_PeriodElapsedCallback
                0x080036e8       0x1e ./Core/Src/main.o
                0x080036e8                HAL_TIM_PeriodElapsedCallback
 .text.Error_Handler
                0x08003706        0xc ./Core/Src/main.o
                0x08003706                Error_Handler
 *fill*         0x08003712        0x2 
 .text.timer_init
                0x08003714       0x28 ./Core/Src/software_timer.o
                0x08003714                timer_init
 .text.setTimer
                0x0800373c       0x38 ./Core/Src/software_timer.o
                0x0800373c                setTimer
 .text.isTimerExpired
                0x08003774       0x2c ./Core/Src/software_timer.o
                0x08003774                isTimerExpired
 .text.timerRun
                0x080037a0       0x60 ./Core/Src/software_timer.o
                0x080037a0                timerRun
 .text.MX_SPI1_Init
                0x08003800       0x6c ./Core/Src/spi.o
                0x08003800                MX_SPI1_Init
 .text.HAL_SPI_MspInit
                0x0800386c       0x90 ./Core/Src/spi.o
                0x0800386c                HAL_SPI_MspInit
 .text.HAL_MspInit
                0x080038fc       0x50 ./Core/Src/stm32f4xx_hal_msp.o
                0x080038fc                HAL_MspInit
 .text.NMI_Handler
                0x0800394c        0x8 ./Core/Src/stm32f4xx_it.o
                0x0800394c                NMI_Handler
 .text.HardFault_Handler
                0x08003954        0x8 ./Core/Src/stm32f4xx_it.o
                0x08003954                HardFault_Handler
 .text.MemManage_Handler
                0x0800395c        0x8 ./Core/Src/stm32f4xx_it.o
                0x0800395c                MemManage_Handler
 .text.BusFault_Handler
                0x08003964        0x8 ./Core/Src/stm32f4xx_it.o
                0x08003964                BusFault_Handler
 .text.UsageFault_Handler
                0x0800396c        0x8 ./Core/Src/stm32f4xx_it.o
                0x0800396c                UsageFault_Handler
 .text.SVC_Handler
                0x08003974        0xe ./Core/Src/stm32f4xx_it.o
                0x08003974                SVC_Handler
 .text.DebugMon_Handler
                0x08003982        0xe ./Core/Src/stm32f4xx_it.o
                0x08003982                DebugMon_Handler
 .text.PendSV_Handler
                0x08003990        0xe ./Core/Src/stm32f4xx_it.o
                0x08003990                PendSV_Handler
 .text.SysTick_Handler
                0x0800399e        0xc ./Core/Src/stm32f4xx_it.o
                0x0800399e                SysTick_Handler
 *fill*         0x080039aa        0x2 
 .text.TIM2_IRQHandler
                0x080039ac       0x14 ./Core/Src/stm32f4xx_it.o
                0x080039ac                TIM2_IRQHandler
 .text.TIM4_IRQHandler
                0x080039c0       0x14 ./Core/Src/stm32f4xx_it.o
                0x080039c0                TIM4_IRQHandler
 .text.TIM8_UP_TIM13_IRQHandler
                0x080039d4       0x14 ./Core/Src/stm32f4xx_it.o
                0x080039d4                TIM8_UP_TIM13_IRQHandler
 .text.SystemInit
                0x080039e8       0x24 ./Core/Src/system_stm32f4xx.o
                0x080039e8                SystemInit
 .text.MX_TIM2_Init
                0x08003a0c       0x98 ./Core/Src/tim.o
                0x08003a0c                MX_TIM2_Init
 .text.MX_TIM4_Init
                0x08003aa4       0x9c ./Core/Src/tim.o
                0x08003aa4                MX_TIM4_Init
 .text.MX_TIM13_Init
                0x08003b40       0x9c ./Core/Src/tim.o
                0x08003b40                MX_TIM13_Init
 .text.HAL_TIM_Base_MspInit
                0x08003bdc       0xc4 ./Core/Src/tim.o
                0x08003bdc                HAL_TIM_Base_MspInit
 .text.HAL_TIM_MspPostInit
                0x08003ca0       0x74 ./Core/Src/tim.o
                0x08003ca0                HAL_TIM_MspPostInit
 .text.HAL_Init
                0x08003d14       0x44 ./Drivers/STM32F4xx_HAL_Driver/Src/stm32f4xx_hal.o
                0x08003d14                HAL_Init
 .text.HAL_InitTick
                0x08003d58       0x60 ./Drivers/STM32F4xx_HAL_Driver/Src/stm32f4xx_hal.o
                0x08003d58                HAL_InitTick
 .text.HAL_IncTick
                0x08003db8       0x28 ./Drivers/STM32F4xx_HAL_Driver/Src/stm32f4xx_hal.o
                0x08003db8                HAL_IncTick
 .text.HAL_GetTick
                0x08003de0       0x18 ./Drivers/STM32F4xx_HAL_Driver/Src/stm32f4xx_hal.o
                0x08003de0                HAL_GetTick
 .text.HAL_Delay
                0x08003df8       0x48 ./Drivers/STM32F4xx_HAL_Driver/Src/stm32f4xx_hal.o
                0x08003df8                HAL_Delay
 .text.__NVIC_SetPriorityGrouping
                0x08003e40       0x48 ./Drivers/STM32F4xx_HAL_Driver/Src/stm32f4xx_hal_cortex.o
 .text.__NVIC_GetPriorityGrouping
                0x08003e88       0x1c ./Drivers/STM32F4xx_HAL_Driver/Src/stm32f4xx_hal_cortex.o
 .text.__NVIC_EnableIRQ
                0x08003ea4       0x3c ./Drivers/STM32F4xx_HAL_Driver/Src/stm32f4xx_hal_cortex.o
 .text.__NVIC_SetPriority
                0x08003ee0       0x54 ./Drivers/STM32F4xx_HAL_Driver/Src/stm32f4xx_hal_cortex.o
 .text.NVIC_EncodePriority
                0x08003f34       0x66 ./Drivers/STM32F4xx_HAL_Driver/Src/stm32f4xx_hal_cortex.o
 *fill*         0x08003f9a        0x2 
 .text.SysTick_Config
                0x08003f9c       0x44 ./Drivers/STM32F4xx_HAL_Driver/Src/stm32f4xx_hal_cortex.o
 .text.HAL_NVIC_SetPriorityGrouping
                0x08003fe0       0x16 ./Drivers/STM32F4xx_HAL_Driver/Src/stm32f4xx_hal_cortex.o
                0x08003fe0                HAL_NVIC_SetPriorityGrouping
 .text.HAL_NVIC_SetPriority
                0x08003ff6       0x38 ./Drivers/STM32F4xx_HAL_Driver/Src/stm32f4xx_hal_cortex.o
                0x08003ff6                HAL_NVIC_SetPriority
 .text.HAL_NVIC_EnableIRQ
                0x0800402e       0x1c ./Drivers/STM32F4xx_HAL_Driver/Src/stm32f4xx_hal_cortex.o
                0x0800402e                HAL_NVIC_EnableIRQ
 .text.HAL_SYSTICK_Config
                0x0800404a       0x18 ./Drivers/STM32F4xx_HAL_Driver/Src/stm32f4xx_hal_cortex.o
                0x0800404a                HAL_SYSTICK_Config
 *fill*         0x08004062        0x2 
 .text.HAL_GPIO_Init
                0x08004064      0x338 ./Drivers/STM32F4xx_HAL_Driver/Src/stm32f4xx_hal_gpio.o
                0x08004064                HAL_GPIO_Init
 .text.HAL_GPIO_WritePin
                0x0800439c       0x32 ./Drivers/STM32F4xx_HAL_Driver/Src/stm32f4xx_hal_gpio.o
                0x0800439c                HAL_GPIO_WritePin
 .text.HAL_GPIO_TogglePin
                0x080043ce       0x34 ./Drivers/STM32F4xx_HAL_Driver/Src/stm32f4xx_hal_gpio.o
                0x080043ce                HAL_GPIO_TogglePin
 *fill*         0x08004402        0x2 
 .text.HAL_RCC_OscConfig
                0x08004404      0x4f0 ./Drivers/STM32F4xx_HAL_Driver/Src/stm32f4xx_hal_rcc.o
                0x08004404                HAL_RCC_OscConfig
 .text.HAL_RCC_ClockConfig
                0x080048f4      0x1cc ./Drivers/STM32F4xx_HAL_Driver/Src/stm32f4xx_hal_rcc.o
                0x080048f4                HAL_RCC_ClockConfig
 .text.HAL_RCC_GetSysClockFreq
                0x08004ac0      0x20c ./Drivers/STM32F4xx_HAL_Driver/Src/stm32f4xx_hal_rcc.o
                0x08004ac0                HAL_RCC_GetSysClockFreq
 .text.HAL_SPI_Init
                0x08004ccc      0x112 ./Drivers/STM32F4xx_HAL_Driver/Src/stm32f4xx_hal_spi.o
                0x08004ccc                HAL_SPI_Init
 .text.HAL_SPI_Transmit
                0x08004dde      0x288 ./Drivers/STM32F4xx_HAL_Driver/Src/stm32f4xx_hal_spi.o
                0x08004dde                HAL_SPI_Transmit
 .text.HAL_SPI_Receive
                0x08005066      0x232 ./Drivers/STM32F4xx_HAL_Driver/Src/stm32f4xx_hal_spi.o
                0x08005066                HAL_SPI_Receive
 .text.HAL_SPI_TransmitReceive
                0x08005298      0x352 ./Drivers/STM32F4xx_HAL_Driver/Src/stm32f4xx_hal_spi.o
                0x08005298                HAL_SPI_TransmitReceive
 *fill*         0x080055ea        0x2 
 .text.SPI_WaitFlagStateUntilTimeout
                0x080055ec      0x110 ./Drivers/STM32F4xx_HAL_Driver/Src/stm32f4xx_hal_spi.o
 .text.SPI_EndRxTransaction
                0x080056fc       0xca ./Drivers/STM32F4xx_HAL_Driver/Src/stm32f4xx_hal_spi.o
 *fill*         0x080057c6        0x2 
 .text.SPI_EndRxTxTransaction
                0x080057c8       0xa8 ./Drivers/STM32F4xx_HAL_Driver/Src/stm32f4xx_hal_spi.o
 .text.HAL_SRAM_Init
                0x08005870       0x90 ./Drivers/STM32F4xx_HAL_Driver/Src/stm32f4xx_hal_sram.o
                0x08005870                HAL_SRAM_Init
 .text.HAL_TIM_Base_Init
                0x08005900       0x9e ./Drivers/STM32F4xx_HAL_Driver/Src/stm32f4xx_hal_tim.o
                0x08005900                HAL_TIM_Base_Init
 *fill*         0x0800599e        0x2 
 .text.HAL_TIM_Base_Start_IT
                0x080059a0       0xe0 ./Drivers/STM32F4xx_HAL_Driver/Src/stm32f4xx_hal_tim.o
                0x080059a0                HAL_TIM_Base_Start_IT
 .text.HAL_TIM_PWM_Init
                0x08005a80       0x9e ./Drivers/STM32F4xx_HAL_Driver/Src/stm32f4xx_hal_tim.o
                0x08005a80                HAL_TIM_PWM_Init
 .text.HAL_TIM_PWM_MspInit
                0x08005b1e       0x14 ./Drivers/STM32F4xx_HAL_Driver/Src/stm32f4xx_hal_tim.o
                0x08005b1e                HAL_TIM_PWM_MspInit
 *fill*         0x08005b32        0x2 
 .text.HAL_TIM_PWM_Start
                0x08005b34      0x190 ./Drivers/STM32F4xx_HAL_Driver/Src/stm32f4xx_hal_tim.o
                0x08005b34                HAL_TIM_PWM_Start
 .text.HAL_TIM_PWM_Stop
                0x08005cc4       0xe0 ./Drivers/STM32F4xx_HAL_Driver/Src/stm32f4xx_hal_tim.o
                0x08005cc4                HAL_TIM_PWM_Stop
 .text.HAL_TIM_IRQHandler
                0x08005da4      0x1e0 ./Drivers/STM32F4xx_HAL_Driver/Src/stm32f4xx_hal_tim.o
                0x08005da4                HAL_TIM_IRQHandler
 .text.HAL_TIM_PWM_ConfigChannel
                0x08005f84      0x184 ./Drivers/STM32F4xx_HAL_Driver/Src/stm32f4xx_hal_tim.o
                0x08005f84                HAL_TIM_PWM_ConfigChannel
 .text.HAL_TIM_ConfigClockSource
                0x08006108      0x18e ./Drivers/STM32F4xx_HAL_Driver/Src/stm32f4xx_hal_tim.o
                0x08006108                HAL_TIM_ConfigClockSource
 .text.HAL_TIM_OC_DelayElapsedCallback
                0x08006296       0x14 ./Drivers/STM32F4xx_HAL_Driver/Src/stm32f4xx_hal_tim.o
                0x08006296                HAL_TIM_OC_DelayElapsedCallback
 .text.HAL_TIM_IC_CaptureCallback
                0x080062aa       0x14 ./Drivers/STM32F4xx_HAL_Driver/Src/stm32f4xx_hal_tim.o
                0x080062aa                HAL_TIM_IC_CaptureCallback
 .text.HAL_TIM_PWM_PulseFinishedCallback
                0x080062be       0x14 ./Drivers/STM32F4xx_HAL_Driver/Src/stm32f4xx_hal_tim.o
                0x080062be                HAL_TIM_PWM_PulseFinishedCallback
 .text.HAL_TIM_TriggerCallback
                0x080062d2       0x14 ./Drivers/STM32F4xx_HAL_Driver/Src/stm32f4xx_hal_tim.o
                0x080062d2                HAL_TIM_TriggerCallback
 *fill*         0x080062e6        0x2 
 .text.TIM_Base_SetConfig
                0x080062e8      0x14c ./Drivers/STM32F4xx_HAL_Driver/Src/stm32f4xx_hal_tim.o
                0x080062e8                TIM_Base_SetConfig
 .text.TIM_OC1_SetConfig
                0x08006434       0xe0 ./Drivers/STM32F4xx_HAL_Driver/Src/stm32f4xx_hal_tim.o
 .text.TIM_OC2_SetConfig
                0x08006514       0xec ./Drivers/STM32F4xx_HAL_Driver/Src/stm32f4xx_hal_tim.o
                0x08006514                TIM_OC2_SetConfig
 .text.TIM_OC3_SetConfig
                0x08006600       0xe8 ./Drivers/STM32F4xx_HAL_Driver/Src/stm32f4xx_hal_tim.o
 .text.TIM_OC4_SetConfig
                0x080066e8       0xac ./Drivers/STM32F4xx_HAL_Driver/Src/stm32f4xx_hal_tim.o
 .text.TIM_TI1_ConfigInputStage
                0x08006794       0x5e ./Drivers/STM32F4xx_HAL_Driver/Src/stm32f4xx_hal_tim.o
 .text.TIM_TI2_ConfigInputStage
                0x080067f2       0x60 ./Drivers/STM32F4xx_HAL_Driver/Src/stm32f4xx_hal_tim.o
 .text.TIM_ITRx_SetConfig
                0x08006852       0x36 ./Drivers/STM32F4xx_HAL_Driver/Src/stm32f4xx_hal_tim.o
 .text.TIM_ETR_SetConfig
                0x08006888       0x40 ./Drivers/STM32F4xx_HAL_Driver/Src/stm32f4xx_hal_tim.o
                0x08006888                TIM_ETR_SetConfig
 .text.TIM_CCxChannelCmd
                0x080068c8       0x4a ./Drivers/STM32F4xx_HAL_Driver/Src/stm32f4xx_hal_tim.o
                0x080068c8                TIM_CCxChannelCmd
 *fill*         0x08006912        0x2 
 .text.HAL_TIMEx_MasterConfigSynchronization
                0x08006914       0xf8 ./Drivers/STM32F4xx_HAL_Driver/Src/stm32f4xx_hal_tim_ex.o
                0x08006914                HAL_TIMEx_MasterConfigSynchronization
 .text.HAL_TIMEx_CommutCallback
                0x08006a0c       0x14 ./Drivers/STM32F4xx_HAL_Driver/Src/stm32f4xx_hal_tim_ex.o
                0x08006a0c                HAL_TIMEx_CommutCallback
 .text.HAL_TIMEx_BreakCallback
                0x08006a20       0x14 ./Drivers/STM32F4xx_HAL_Driver/Src/stm32f4xx_hal_tim_ex.o
                0x08006a20                HAL_TIMEx_BreakCallback
 .text.FSMC_NORSRAM_Init
                0x08006a34       0xd4 ./Drivers/STM32F4xx_HAL_Driver/Src/stm32f4xx_ll_fsmc.o
                0x08006a34                FSMC_NORSRAM_Init
 .text.FSMC_NORSRAM_Timing_Init
                0x08006b08       0x5c ./Drivers/STM32F4xx_HAL_Driver/Src/stm32f4xx_ll_fsmc.o
                0x08006b08                FSMC_NORSRAM_Timing_Init
 .text.FSMC_NORSRAM_Extended_Timing_Init
                0x08006b64       0x70 ./Drivers/STM32F4xx_HAL_Driver/Src/stm32f4xx_ll_fsmc.o
                0x08006b64                FSMC_NORSRAM_Extended_Timing_Init
 .text.memset   0x08006bd4       0x10 C:/ST/STM32CubeIDE_2.0.0/STM32CubeIDE/plugins/com.st.stm32cube.ide.mcu.externaltools.gnu-tools-for-stm32.13.3.rel1.win32_1.0.100.202509120712/tools/bin/../lib/gcc/arm-none-eabi/13.3.1/../../../../arm-none-eabi/lib/thumb/v7e-m+fp/hard\libc_nano.a(libc_a-memset.o)
                0x08006bd4                memset
 .text.__libc_init_array
                0x08006be4       0x48 C:/ST/STM32CubeIDE_2.0.0/STM32CubeIDE/plugins/com.st.stm32cube.ide.mcu.externaltools.gnu-tools-for-stm32.13.3.rel1.win32_1.0.100.202509120712/tools/bin/../lib/gcc/arm-none-eabi/13.3.1/../../../../arm-none-eabi/lib/thumb/v7e-m+fp/hard\libc_nano.a(libc_a-init.o)
                0x08006be4                __libc_init_array
 *(.glue_7)
 .glue_7        0x08006c2c        0x0 linker stubs
 *(.glue_7t)
 .glue_7t       0x08006c2c        0x0 linker stubs
 *(.eh_frame)
 .eh_frame      0x08006c2c        0x0 C:/ST/STM32CubeIDE_2.0.0/STM32CubeIDE/plugins/com.st.stm32cube.ide.mcu.externaltools.gnu-tools-for-stm32.13.3.rel1.win32_1.0.100.202509120712/tools/bin/../lib/gcc/arm-none-eabi/13.3.1/thumb/v7e-m+fp/hard/crtbegin.o
 *(.init)
 .init          0x08006c2c        0x4 C:/ST/STM32CubeIDE_2.0.0/STM32CubeIDE/plugins/com.st.stm32cube.ide.mcu.externaltools.gnu-tools-for-stm32.13.3.rel1.win32_1.0.100.202509120712/tools/bin/../lib/gcc/arm-none-eabi/13.3.1/thumb/v7e-m+fp/hard/crti.o
                0x08006c2c                _init
 .init          0x08006c30        0x8 C:/ST/STM32CubeIDE_2.0.0/STM32CubeIDE/plugins/com.st.stm32cube.ide.mcu.externaltools.gnu-tools-for-stm32.13.3.rel1.win32_1.0.100.202509120712/tools/bin/../lib/gcc/arm-none-eabi/13.3.1/thumb/v7e-m+fp/hard/crtn.o
 *(.fini)
 .fini          0x08006c38        0x4 C:/ST/STM32CubeIDE_2.0.0/STM32CubeIDE/plugins/com.st.stm32cube.ide.mcu.externaltools.gnu-tools-for-stm32.13.3.rel1.win32_1.0.100.202509120712/tools/bin/../lib/gcc/arm-none-eabi/13.3.1/thumb/v7e-m+fp/hard/crti.o
                0x08006c38                _fini
 .fini          0x08006c3c        0x8 C:/ST/STM32CubeIDE_2.0.0/STM32CubeIDE/plugins/com.st.stm32cube.ide.mcu.externaltools.gnu-tools-for-stm32.13.3.rel1.win32_1.0.100.202509120712/tools/bin/../lib/gcc/arm-none-eabi/13.3.1/thumb/v7e-m+fp/hard/crtn.o
                0x08006c44                        . = ALIGN (0x4)
                0x08006c44                        _etext = .

.vfp11_veneer   0x08006c44        0x0
 .vfp11_veneer  0x08006c44        0x0 linker stubs

.v4_bx          0x08006c44        0x0
 .v4_bx         0x08006c44        0x0 linker stubs

.iplt           0x08006c44        0x0
 .iplt          0x08006c44        0x0 C:/ST/STM32CubeIDE_2.0.0/STM32CubeIDE/plugins/com.st.stm32cube.ide.mcu.externaltools.gnu-tools-for-stm32.13.3.rel1.win32_1.0.100.202509120712/tools/bin/../lib/gcc/arm-none-eabi/13.3.1/thumb/v7e-m+fp/hard/crtbegin.o

.rodata         0x08006c44    0x2f848
                0x08006c44                        . = ALIGN (0x4)
 *(.rodata)
 .rodata        0x08006c44      0x19f ./Core/Src/electronic_lock.o
 *(.rodata*)
 *fill*         0x08006de3        0x1 
 .rodata.ascii_1608
                0x08006de4      0x5f0 ./Core/Src/lcd.o
                0x08006de4                ascii_1608
 .rodata.ascii_2412
                0x080073d4     0x11d0 ./Core/Src/lcd.o
                0x080073d4                ascii_2412
 .rodata.ascii_3216
                0x080085a4     0x17c0 ./Core/Src/lcd.o
                0x080085a4                ascii_3216
 .rodata.gImage_ini_key_num
                0x08009d64    0x11580 ./Core/Src/picture.o
                0x08009d64                gImage_ini_key_num
 .rodata.gImage_door_close
                0x0801b2e4     0x4380 ./Core/Src/picture.o
                0x0801b2e4                gImage_door_close
 .rodata.gImage_ini_key_char
                0x0801f664    0x11580 ./Core/Src/picture.o
                0x0801f664                gImage_ini_key_char
 .rodata.gImage_locked
                0x08030be4      0x708 ./Core/Src/picture.o
                0x08030be4                gImage_locked
 .rodata.gImage_unlocked
                0x080312ec      0x708 ./Core/Src/picture.o
                0x080312ec                gImage_unlocked
 .rodata.gImage_door_open
                0x080319f4     0x4380 ./Core/Src/picture.o
                0x080319f4                gImage_door_open
 .rodata.gImage_alert
                0x08035d74      0x708 ./Core/Src/picture.o
                0x08035d74                gImage_alert
 .rodata.AHBPrescTable
                0x0803647c       0x10 ./Core/Src/system_stm32f4xx.o
                0x0803647c                AHBPrescTable
                0x0803648c                        . = ALIGN (0x4)

.ARM.extab      0x0803648c        0x0
                0x0803648c                        . = ALIGN (0x4)
 *(.ARM.extab* .gnu.linkonce.armextab.*)
                0x0803648c                        . = ALIGN (0x4)

.ARM            0x0803648c        0x8
                0x0803648c                        . = ALIGN (0x4)
                0x0803648c                        __exidx_start = .
 *(.ARM.exidx*)
 .ARM.exidx     0x0803648c        0x8 C:/ST/STM32CubeIDE_2.0.0/STM32CubeIDE/plugins/com.st.stm32cube.ide.mcu.externaltools.gnu-tools-for-stm32.13.3.rel1.win32_1.0.100.202509120712/tools/bin/../lib/gcc/arm-none-eabi/13.3.1/../../../../arm-none-eabi/lib/thumb/v7e-m+fp/hard\libc_nano.a(libc_a-strlen.o)
 .ARM.exidx     0x08036494        0x0 C:/ST/STM32CubeIDE_2.0.0/STM32CubeIDE/plugins/com.st.stm32cube.ide.mcu.externaltools.gnu-tools-for-stm32.13.3.rel1.win32_1.0.100.202509120712/tools/bin/../lib/gcc/arm-none-eabi/13.3.1/thumb/v7e-m+fp/hard\libgcc.a(_udivmoddi4.o)
                                  0x8 (size before relaxing)
                0x08036494                        __exidx_end = .
                0x08036494                        . = ALIGN (0x4)

.preinit_array  0x08036494        0x0
                0x08036494                        . = ALIGN (0x4)
                0x08036494                        PROVIDE (__preinit_array_start = .)
 *(.preinit_array*)
                0x08036494                        PROVIDE (__preinit_array_end = .)
                0x08036494                        . = ALIGN (0x4)

.init_array     0x08036494        0x4
                0x08036494                        . = ALIGN (0x4)
                0x08036494                        PROVIDE (__init_array_start = .)
 *(SORT_BY_NAME(.init_array.*))
 *(.init_array*)
 .init_array    0x08036494        0x4 C:/ST/STM32CubeIDE_2.0.0/STM32CubeIDE/plugins/com.st.stm32cube.ide.mcu.externaltools.gnu-tools-for-stm32.13.3.rel1.win32_1.0.100.202509120712/tools/bin/../lib/gcc/arm-none-eabi/13.3.1/thumb/v7e-m+fp/hard/crtbegin.o
                0x08036498                        PROVIDE (__init_array_end = .)
                0x08036498                        . = ALIGN (0x4)

.fini_array     0x08036498        0x4
                0x08036498                        . = ALIGN (0x4)
                [!provide]                        PROVIDE (__fini_array_start = .)
 *(SORT_BY_NAME(.fini_array.*))
 *(.fini_array*)
 .fini_array    0x08036498        0x4 C:/ST/STM32CubeIDE_2.0.0/STM32CubeIDE/plugins/com.st.stm32cube.ide.mcu.externaltools.gnu-tools-for-stm32.13.3.rel1.win32_1.0.100.202509120712/tools/bin/../lib/gcc/arm-none-eabi/13.3.1/thumb/v7e-m+fp/hard/crtbegin.o
                [!provide]                        PROVIDE (__fini_array_end = .)
                0x0803649c                        . = ALIGN (0x4)
                0x0803649c                        _sidata = LOADADDR (.data)

.rel.dyn        0x0803649c        0x0
 .rel.iplt      0x0803649c        0x0 C:/ST/STM32CubeIDE_2.0.0/STM32CubeIDE/plugins/com.st.stm32cube.ide.mcu.externaltools.gnu-tools-for-stm32.13.3.rel1.win32_1.0.100.202509120712/tools/bin/../lib/gcc/arm-none-eabi/13.3.1/thumb/v7e-m+fp/hard/crtbegin.o

.data           0x20000000       0x30 load address 0x0803649c
                0x20000000                        . = ALIGN (0x4)
                0x20000000                        _sdata = .
 *(.data)
 *(.data*)
 .data.keyboard_state
                0x20000000        0x1 ./Core/Src/electronic_lock.o
                0x20000000                keyboard_state
 *fill*         0x20000001        0x3 
 .data.correct_password
                0x20000004        0x4 ./Core/Src/electronic_lock.o
                0x20000004                correct_password
 .data.idle_first_input
                0x20000008        0x1 ./Core/Src/electronic_lock.o
                0x20000008                idle_first_input
 *fill*         0x20000009        0x3 
 .data.led_7seg
                0x2000000c        0x4 ./Core/Src/led_7seg.o
 .data.led_7seg_map_of_output
                0x20000010       0x10 ./Core/Src/led_7seg.o
 .data.spi_buffer
                0x20000020        0x2 ./Core/Src/led_7seg.o
 *fill*         0x20000022        0x2 
 .data.SystemCoreClock
                0x20000024        0x4 ./Core/Src/system_stm32f4xx.o
                0x20000024                SystemCoreClock
 .data.uwTickPrio
                0x20000028        0x4 ./Drivers/STM32F4xx_HAL_Driver/Src/stm32f4xx_hal.o
                0x20000028                uwTickPrio
 .data.uwTickFreq
                0x2000002c        0x1 ./Drivers/STM32F4xx_HAL_Driver/Src/stm32f4xx_hal.o
                0x2000002c                uwTickFreq
 *(.RamFunc)
 *(.RamFunc*)
                0x20000030                        . = ALIGN (0x4)
 *fill*         0x2000002d        0x3 
                0x20000030                        _edata = .
                0x080364cc                        _siccmram = LOADADDR (.ccmram)

.igot.plt       0x20000030        0x0 load address 0x080364cc
 .igot.plt      0x20000030        0x0 C:/ST/STM32CubeIDE_2.0.0/STM32CubeIDE/plugins/com.st.stm32cube.ide.mcu.externaltools.gnu-tools-for-stm32.13.3.rel1.win32_1.0.100.202509120712/tools/bin/../lib/gcc/arm-none-eabi/13.3.1/thumb/v7e-m+fp/hard/crtbegin.o

.ccmram         0x10000000        0x0 load address 0x080364cc
                0x10000000                        . = ALIGN (0x4)
                0x10000000                        _sccmram = .
 *(.ccmram)
 *(.ccmram*)
                0x10000000                        . = ALIGN (0x4)
                0x10000000                        _eccmram = .
                0x10000000                        . = ALIGN (0x4)

.bss            0x20000030      0x218
                0x20000030                        _sbss = .
                0x20000030                        __bss_start__ = _sbss
 *(.bss)
 .bss           0x20000030       0x1c C:/ST/STM32CubeIDE_2.0.0/STM32CubeIDE/plugins/com.st.stm32cube.ide.mcu.externaltools.gnu-tools-for-stm32.13.3.rel1.win32_1.0.100.202509120712/tools/bin/../lib/gcc/arm-none-eabi/13.3.1/thumb/v7e-m+fp/hard/crtbegin.o
 *(.bss*)
 .bss.button_count
                0x2000004c       0x20 ./Core/Src/button.o
                0x2000004c                button_count
 .bss.button_spi_buffer
                0x2000006c        0x2 ./Core/Src/button.o
 .bss.electronic_lock_state
                0x2000006e        0x1 ./Core/Src/electronic_lock.o
                0x2000006e                electronic_lock_state
 .bss.entered_index
                0x2000006f        0x1 ./Core/Src/electronic_lock.o
                0x2000006f                entered_index
 .bss.entered_password
                0x20000070        0x4 ./Core/Src/electronic_lock.o
                0x20000070                entered_password
 .bss.password_notify_active
                0x20000074        0x1 ./Core/Src/electronic_lock.o
 *fill*         0x20000075        0x3 
 .bss.prev_pressed
                0x20000078       0x10 ./Core/Src/electronic_lock.o
 .bss.wrong_counter
                0x20000088        0x1 ./Core/Src/electronic_lock.o
 .bss.lock_level
                0x20000089        0x1 ./Core/Src/electronic_lock.o
                0x20000089                lock_level
 *fill*         0x2000008a        0x2 
 .bss.lockout_remaining_ms
                0x2000008c        0x4 ./Core/Src/electronic_lock.o
                0x2000008c                lockout_remaining_ms
 .bss.change_stage
                0x20000090        0x1 ./Core/Src/electronic_lock.o
 *fill*         0x20000091        0x3 
 .bss.old_password_input
                0x20000094        0x4 ./Core/Src/electronic_lock.o
 .bss.new_password_input
                0x20000098        0x4 ./Core/Src/electronic_lock.o
 .bss.confirm_password_input
                0x2000009c        0x4 ./Core/Src/electronic_lock.o
 .bss.change_password_index
                0x200000a0        0x1 ./Core/Src/electronic_lock.o
 .bss.change_password_wrong_count
                0x200000a1        0x1 ./Core/Src/electronic_lock.o
 *fill*         0x200000a2        0x2 
 .bss.hsram1    0x200000a4       0x50 ./Core/Src/fsmc.o
                0x200000a4                hsram1
 .bss.FSMC_Initialized
                0x200000f4        0x4 ./Core/Src/fsmc.o
 .bss.lcddev    0x200000f8        0x6 ./Core/Src/lcd.o
                0x200000f8                lcddev
 .bss.led_7seg_index
                0x200000fe        0x2 ./Core/Src/led_7seg.o
 .bss.timer_counter
                0x20000100        0xc ./Core/Src/software_timer.o
                0x20000100                timer_counter
 .bss.timer_flag
                0x2000010c        0x6 ./Core/Src/software_timer.o
                0x2000010c                timer_flag
 *fill*         0x20000112        0x2 
 .bss.hspi1     0x20000114       0x58 ./Core/Src/spi.o
                0x20000114                hspi1
 .bss.htim2     0x2000016c       0x48 ./Core/Src/tim.o
                0x2000016c                htim2
 .bss.htim4     0x200001b4       0x48 ./Core/Src/tim.o
                0x200001b4                htim4
 .bss.htim13    0x200001fc       0x48 ./Core/Src/tim.o
                0x200001fc                htim13
 .bss.uwTick    0x20000244        0x4 ./Drivers/STM32F4xx_HAL_Driver/Src/stm32f4xx_hal.o
                0x20000244                uwTick
 *(COMMON)
                0x20000248                        . = ALIGN (0x4)
                0x20000248                        _ebss = .
                0x20000248                        __bss_end__ = _ebss

._user_heap_stack
                0x20000248      0x600
                0x20000248                        . = ALIGN (0x8)
                [!provide]                        PROVIDE (end = .)
                0x20000248                        PROVIDE (_end = .)
                0x20000448                        . = (. + _Min_Heap_Size)
 *fill*         0x20000248      0x200 
                0x20000848                        . = (. + _Min_Stack_Size)
 *fill*         0x20000448      0x400 
                0x20000848                        . = ALIGN (0x8)

/DISCARD/
 libc.a(*)
 libm.a(*)
 libgcc.a(*)

.ARM.attributes
                0x00000000       0x30
 *(.ARM.attributes)
 .ARM.attributes
                0x00000000       0x22 C:/ST/STM32CubeIDE_2.0.0/STM32CubeIDE/plugins/com.st.stm32cube.ide.mcu.externaltools.gnu-tools-for-stm32.13.3.rel1.win32_1.0.100.202509120712/tools/bin/../lib/gcc/arm-none-eabi/13.3.1/thumb/v7e-m+fp/hard/crti.o
 .ARM.attributes
                0x00000022       0x34 C:/ST/STM32CubeIDE_2.0.0/STM32CubeIDE/plugins/com.st.stm32cube.ide.mcu.externaltools.gnu-tools-for-stm32.13.3.rel1.win32_1.0.100.202509120712/tools/bin/../lib/gcc/arm-none-eabi/13.3.1/thumb/v7e-m+fp/hard/crtbegin.o
 .ARM.attributes
                0x00000056       0x21 ./.settings/Core/Startup/startup_stm32f407zetx.o
 .ARM.attributes
                0x00000077       0x34 ./Core/Src/button.o
 .ARM.attributes
                0x000000ab       0x34 ./Core/Src/buzzer.o
 .ARM.attributes
                0x000000df       0x34 ./Core/Src/electronic_lock.o
 .ARM.attributes
                0x00000113       0x34 ./Core/Src/fsmc.o
 .ARM.attributes
                0x00000147       0x34 ./Core/Src/gpio.o
 .ARM.attributes
                0x0000017b       0x34 ./Core/Src/lcd.o
 .ARM.attributes
                0x000001af       0x34 ./Core/Src/led_7seg.o
 .ARM.attributes
                0x000001e3       0x34 ./Core/Src/main.o
 .ARM.attributes
                0x00000217       0x34 ./Core/Src/picture.o
 .ARM.attributes
                0x0000024b       0x34 ./Core/Src/software_timer.o
 .ARM.attributes
                0x0000027f       0x34 ./Core/Src/spi.o
 .ARM.attributes
                0x000002b3       0x34 ./Core/Src/stm32f4xx_hal_msp.o
 .ARM.attributes
                0x000002e7       0x34 ./Core/Src/stm32f4xx_it.o
 .ARM.attributes
                0x0000031b       0x34 ./Core/Src/system_stm32f4xx.o
 .ARM.attributes
                0x0000034f       0x34 ./Core/Src/tim.o
 .ARM.attributes
                0x00000383       0x34 ./Drivers/STM32F4xx_HAL_Driver/Src/stm32f4xx_hal.o
 .ARM.attributes
                0x000003b7       0x34 ./Drivers/STM32F4xx_HAL_Driver/Src/stm32f4xx_hal_cortex.o
 .ARM.attributes
                0x000003eb       0x34 ./Drivers/STM32F4xx_HAL_Driver/Src/stm32f4xx_hal_gpio.o
 .ARM.attributes
                0x0000041f       0x34 ./Drivers/STM32F4xx_HAL_Driver/Src/stm32f4xx_hal_rcc.o
 .ARM.attributes
                0x00000453       0x34 ./Drivers/STM32F4xx_HAL_Driver/Src/stm32f4xx_hal_spi.o
 .ARM.attributes
                0x00000487       0x34 ./Drivers/STM32F4xx_HAL_Driver/Src/stm32f4xx_hal_sram.o
 .ARM.attributes
                0x000004bb       0x34 ./Drivers/STM32F4xx_HAL_Driver/Src/stm32f4xx_hal_tim.o
 .ARM.attributes
                0x000004ef       0x34 ./Drivers/STM32F4xx_HAL_Driver/Src/stm32f4xx_hal_tim_ex.o
 .ARM.attributes
                0x00000523       0x34 ./Drivers/STM32F4xx_HAL_Driver/Src/stm32f4xx_ll_fsmc.o
 .ARM.attributes
                0x00000557       0x34 C:/ST/STM32CubeIDE_2.0.0/STM32CubeIDE/plugins/com.st.stm32cube.ide.mcu.externaltools.gnu-tools-for-stm32.13.3.rel1.win32_1.0.100.202509120712/tools/bin/../lib/gcc/arm-none-eabi/13.3.1/../../../../arm-none-eabi/lib/thumb/v7e-m+fp/hard\libc_nano.a(libc_a-memset.o)
 .ARM.attributes
                0x0000058b       0x34 C:/ST/STM32CubeIDE_2.0.0/STM32CubeIDE/plugins/com.st.stm32cube.ide.mcu.externaltools.gnu-tools-for-stm32.13.3.rel1.win32_1.0.100.202509120712/tools/bin/../lib/gcc/arm-none-eabi/13.3.1/../../../../arm-none-eabi/lib/thumb/v7e-m+fp/hard\libc_nano.a(libc_a-init.o)
 .ARM.attributes
                0x000005bf       0x17 C:/ST/STM32CubeIDE_2.0.0/STM32CubeIDE/plugins/com.st.stm32cube.ide.mcu.externaltools.gnu-tools-for-stm32.13.3.rel1.win32_1.0.100.202509120712/tools/bin/../lib/gcc/arm-none-eabi/13.3.1/../../../../arm-none-eabi/lib/thumb/v7e-m+fp/hard\libc_nano.a(libc_a-strlen.o)
 .ARM.attributes
                0x000005d6       0x22 C:/ST/STM32CubeIDE_2.0.0/STM32CubeIDE/plugins/com.st.stm32cube.ide.mcu.externaltools.gnu-tools-for-stm32.13.3.rel1.win32_1.0.100.202509120712/tools/bin/../lib/gcc/arm-none-eabi/13.3.1/thumb/v7e-m+fp/hard\libgcc.a(_aeabi_uldivmod.o)
 .ARM.attributes
                0x000005f8       0x34 C:/ST/STM32CubeIDE_2.0.0/STM32CubeIDE/plugins/com.st.stm32cube.ide.mcu.externaltools.gnu-tools-for-stm32.13.3.rel1.win32_1.0.100.202509120712/tools/bin/../lib/gcc/arm-none-eabi/13.3.1/thumb/v7e-m+fp/hard\libgcc.a(_udivmoddi4.o)
 .ARM.attributes
                0x0000062c       0x22 C:/ST/STM32CubeIDE_2.0.0/STM32CubeIDE/plugins/com.st.stm32cube.ide.mcu.externaltools.gnu-tools-for-stm32.13.3.rel1.win32_1.0.100.202509120712/tools/bin/../lib/gcc/arm-none-eabi/13.3.1/thumb/v7e-m+fp/hard\libgcc.a(_dvmd_tls.o)
 .ARM.attributes
                0x0000064e       0x22 C:/ST/STM32CubeIDE_2.0.0/STM32CubeIDE/plugins/com.st.stm32cube.ide.mcu.externaltools.gnu-tools-for-stm32.13.3.rel1.win32_1.0.100.202509120712/tools/bin/../lib/gcc/arm-none-eabi/13.3.1/thumb/v7e-m+fp/hard/crtn.o
OUTPUT(LogicDesignProject.elf elf32-littlearm)
LOAD linker stubs
LOAD C:/ST/STM32CubeIDE_2.0.0/STM32CubeIDE/plugins/com.st.stm32cube.ide.mcu.externaltools.gnu-tools-for-stm32.13.3.rel1.win32_1.0.100.202509120712/tools/bin/../lib/gcc/arm-none-eabi/13.3.1/../../../../arm-none-eabi/lib/thumb/v7e-m+fp/hard\libc.a
LOAD C:/ST/STM32CubeIDE_2.0.0/STM32CubeIDE/plugins/com.st.stm32cube.ide.mcu.externaltools.gnu-tools-for-stm32.13.3.rel1.win32_1.0.100.202509120712/tools/bin/../lib/gcc/arm-none-eabi/13.3.1/../../../../arm-none-eabi/lib/thumb/v7e-m+fp/hard\libm.a
LOAD C:/ST/STM32CubeIDE_2.0.0/STM32CubeIDE/plugins/com.st.stm32cube.ide.mcu.externaltools.gnu-tools-for-stm32.13.3.rel1.win32_1.0.100.202509120712/tools/bin/../lib/gcc/arm-none-eabi/13.3.1/thumb/v7e-m+fp/hard\libgcc.a

.debug_line     0x00000000    0x14390
 .debug_line    0x00000000       0x7a ./.settings/Core/Startup/startup_stm32f407zetx.o
 .debug_line    0x0000007a      0x7fa ./Core/Src/button.o
 .debug_line    0x00000874      0x7d4 ./Core/Src/buzzer.o
 .debug_line    0x00001048     0x18cf ./Core/Src/electronic_lock.o
 .debug_line    0x00002917      0x881 ./Core/Src/fsmc.o
 .debug_line    0x00003198      0x7c4 ./Core/Src/gpio.o
 .debug_line    0x0000395c      0xfa1 ./Core/Src/lcd.o
 .debug_line    0x000048fd      0x8b3 ./Core/Src/led_7seg.o
 .debug_line    0x000051b0      0x8e5 ./Core/Src/main.o
 .debug_line    0x00005a95       0x4f ./Core/Src/picture.o
 .debug_line    0x00005ae4      0x81d ./Core/Src/software_timer.o
 .debug_line    0x00006301      0x7ee ./Core/Src/spi.o
 .debug_line    0x00006aef      0x778 ./Core/Src/stm32f4xx_hal_msp.o
 .debug_line    0x00007267      0x86f ./Core/Src/stm32f4xx_it.o
 .debug_line    0x00007ad6      0x7ee ./Core/Src/system_stm32f4xx.o
 .debug_line    0x000082c4      0x922 ./Core/Src/tim.o
 .debug_line    0x00008be6      0xa6a ./Drivers/STM32F4xx_HAL_Driver/Src/stm32f4xx_hal.o
 .debug_line    0x00009650      0xd3a ./Drivers/STM32F4xx_HAL_Driver/Src/stm32f4xx_hal_cortex.o
 .debug_line    0x0000a38a      0xbc2 ./Drivers/STM32F4xx_HAL_Driver/Src/stm32f4xx_hal_gpio.o
 .debug_line    0x0000af4c      0xe79 ./Drivers/STM32F4xx_HAL_Driver/Src/stm32f4xx_hal_rcc.o
 .debug_line    0x0000bdc5     0x1d05 ./Drivers/STM32F4xx_HAL_Driver/Src/stm32f4xx_hal_spi.o
 .debug_line    0x0000daca      0xc57 ./Drivers/STM32F4xx_HAL_Driver/Src/stm32f4xx_hal_sram.o
 .debug_line    0x0000e721     0x37df ./Drivers/STM32F4xx_HAL_Driver/Src/stm32f4xx_hal_tim.o
 .debug_line    0x00011f00     0x19ca ./Drivers/STM32F4xx_HAL_Driver/Src/stm32f4xx_hal_tim_ex.o
 .debug_line    0x000138ca      0xac6 ./Drivers/STM32F4xx_HAL_Driver/Src/stm32f4xx_ll_fsmc.o

.debug_line_str
                0x00000000       0x55
 .debug_line_str
                0x00000000       0x55 ./.settings/Core/Startup/startup_stm32f407zetx.o

.debug_info     0x00000000    0x10b01
 .debug_info    0x00000000       0x30 ./.settings/Core/Startup/startup_stm32f407zetx.o
 .debug_info    0x00000030      0x776 ./Core/Src/button.o
 .debug_info    0x000007a6      0x6e8 ./Core/Src/buzzer.o
 .debug_info    0x00000e8e      0xd6e ./Core/Src/electronic_lock.o
 .debug_info    0x00001bfc      0x9ee ./Core/Src/fsmc.o
 .debug_info    0x000025ea      0x479 ./Core/Src/gpio.o
 .debug_info    0x00002a63      0xc29 ./Core/Src/lcd.o
 .debug_info    0x0000368c      0x83f ./Core/Src/led_7seg.o
 .debug_info    0x00003ecb      0xbdb ./Core/Src/main.o
 .debug_info    0x00004aa6      0x11b ./Core/Src/picture.o
 .debug_info    0x00004bc1      0x78b ./Core/Src/software_timer.o
 .debug_info    0x0000534c      0x94d ./Core/Src/spi.o
 .debug_info    0x00005c99      0x269 ./Core/Src/stm32f4xx_hal_msp.o
 .debug_info    0x00005f02      0x713 ./Core/Src/stm32f4xx_it.o
 .debug_info    0x00006615      0x512 ./Core/Src/system_stm32f4xx.o
 .debug_info    0x00006b27      0xefa ./Core/Src/tim.o
 .debug_info    0x00007a21      0x944 ./Drivers/STM32F4xx_HAL_Driver/Src/stm32f4xx_hal.o
 .debug_info    0x00008365      0xd8c ./Drivers/STM32F4xx_HAL_Driver/Src/stm32f4xx_hal_cortex.o
 .debug_info    0x000090f1      0x6c3 ./Drivers/STM32F4xx_HAL_Driver/Src/stm32f4xx_hal_gpio.o
 .debug_info    0x000097b4      0x8c3 ./Drivers/STM32F4xx_HAL_Driver/Src/stm32f4xx_hal_rcc.o
 .debug_info    0x0000a077     0x1525 ./Drivers/STM32F4xx_HAL_Driver/Src/stm32f4xx_hal_spi.o
 .debug_info    0x0000b59c      0xd48 ./Drivers/STM32F4xx_HAL_Driver/Src/stm32f4xx_hal_sram.o
 .debug_info    0x0000c2e4     0x299d ./Drivers/STM32F4xx_HAL_Driver/Src/stm32f4xx_hal_tim.o
 .debug_info    0x0000ec81     0x14db ./Drivers/STM32F4xx_HAL_Driver/Src/stm32f4xx_hal_tim_ex.o
 .debug_info    0x0001015c      0x9a5 ./Drivers/STM32F4xx_HAL_Driver/Src/stm32f4xx_ll_fsmc.o

.debug_abbrev   0x00000000     0x3085
 .debug_abbrev  0x00000000       0x24 ./.settings/Core/Startup/startup_stm32f407zetx.o
 .debug_abbrev  0x00000024      0x1cf ./Core/Src/button.o
 .debug_abbrev  0x000001f3      0x192 ./Core/Src/buzzer.o
 .debug_abbrev  0x00000385      0x32b ./Core/Src/electronic_lock.o
 .debug_abbrev  0x000006b0      0x212 ./Core/Src/fsmc.o
 .debug_abbrev  0x000008c2      0x152 ./Core/Src/gpio.o
 .debug_abbrev  0x00000a14      0x328 ./Core/Src/lcd.o
 .debug_abbrev  0x00000d3c      0x1e2 ./Core/Src/led_7seg.o
 .debug_abbrev  0x00000f1e      0x291 ./Core/Src/main.o
 .debug_abbrev  0x000011af       0x65 ./Core/Src/picture.o
 .debug_abbrev  0x00001214      0x1f6 ./Core/Src/software_timer.o
 .debug_abbrev  0x0000140a      0x1fa ./Core/Src/spi.o
 .debug_abbrev  0x00001604       0xd8 ./Core/Src/stm32f4xx_hal_msp.o
 .debug_abbrev  0x000016dc      0x194 ./Core/Src/stm32f4xx_it.o
 .debug_abbrev  0x00001870      0x11a ./Core/Src/system_stm32f4xx.o
 .debug_abbrev  0x0000198a      0x22c ./Core/Src/tim.o
 .debug_abbrev  0x00001bb6      0x214 ./Drivers/STM32F4xx_HAL_Driver/Src/stm32f4xx_hal.o
 .debug_abbrev  0x00001dca      0x31d ./Drivers/STM32F4xx_HAL_Driver/Src/stm32f4xx_hal_cortex.o
 .debug_abbrev  0x000020e7      0x1d4 ./Drivers/STM32F4xx_HAL_Driver/Src/stm32f4xx_hal_gpio.o
 .debug_abbrev  0x000022bb      0x2b7 ./Drivers/STM32F4xx_HAL_Driver/Src/stm32f4xx_hal_rcc.o
 .debug_abbrev  0x00002572      0x27a ./Drivers/STM32F4xx_HAL_Driver/Src/stm32f4xx_hal_spi.o
 .debug_abbrev  0x000027ec      0x1f3 ./Drivers/STM32F4xx_HAL_Driver/Src/stm32f4xx_hal_sram.o
 .debug_abbrev  0x000029df      0x278 ./Drivers/STM32F4xx_HAL_Driver/Src/stm32f4xx_hal_tim.o
 .debug_abbrev  0x00002c57      0x283 ./Drivers/STM32F4xx_HAL_Driver/Src/stm32f4xx_hal_tim_ex.o
 .debug_abbrev  0x00002eda      0x1ab ./Drivers/STM32F4xx_HAL_Driver/Src/stm32f4xx_ll_fsmc.o

.debug_aranges  0x00000000     0x1098
 .debug_aranges
                0x00000000       0x28 ./.settings/Core/Startup/startup_stm32f407zetx.o
 .debug_aranges
                0x00000028       0x28 ./Core/Src/button.o
 .debug_aranges
                0x00000050       0x30 ./Core/Src/buzzer.o
 .debug_aranges
                0x00000080      0x160 ./Core/Src/electronic_lock.o
 .debug_aranges
                0x000001e0       0x40 ./Core/Src/fsmc.o
 .debug_aranges
                0x00000220       0x20 ./Core/Src/gpio.o
 .debug_aranges
                0x00000240       0xd8 ./Core/Src/lcd.o
 .debug_aranges
                0x00000318       0x50 ./Core/Src/led_7seg.o
 .debug_aranges
                0x00000368       0x40 ./Core/Src/main.o
 .debug_aranges
                0x000003a8       0x18 ./Core/Src/picture.o
 .debug_aranges
                0x000003c0       0x38 ./Core/Src/software_timer.o
 .debug_aranges
                0x000003f8       0x30 ./Core/Src/spi.o
 .debug_aranges
                0x00000428       0x20 ./Core/Src/stm32f4xx_hal_msp.o
 .debug_aranges
                0x00000448       0x78 ./Core/Src/stm32f4xx_it.o
 .debug_aranges
                0x000004c0       0x28 ./Core/Src/system_stm32f4xx.o
 .debug_aranges
                0x000004e8       0x48 ./Core/Src/tim.o
 .debug_aranges
                0x00000530       0xf0 ./Drivers/STM32F4xx_HAL_Driver/Src/stm32f4xx_hal.o
 .debug_aranges
                0x00000620      0x130 ./Drivers/STM32F4xx_HAL_Driver/Src/stm32f4xx_hal_cortex.o
 .debug_aranges
                0x00000750       0x58 ./Drivers/STM32F4xx_HAL_Driver/Src/stm32f4xx_hal_gpio.o
 .debug_aranges
                0x000007a8       0x88 ./Drivers/STM32F4xx_HAL_Driver/Src/stm32f4xx_hal_rcc.o
 .debug_aranges
                0x00000830      0x1d0 ./Drivers/STM32F4xx_HAL_Driver/Src/stm32f4xx_hal_spi.o
 .debug_aranges
                0x00000a00       0xb8 ./Drivers/STM32F4xx_HAL_Driver/Src/stm32f4xx_hal_sram.o
 .debug_aranges
                0x00000ab8      0x3d0 ./Drivers/STM32F4xx_HAL_Driver/Src/stm32f4xx_hal_tim.o
 .debug_aranges
                0x00000e88      0x168 ./Drivers/STM32F4xx_HAL_Driver/Src/stm32f4xx_hal_tim_ex.o
 .debug_aranges
                0x00000ff0       0xa8 ./Drivers/STM32F4xx_HAL_Driver/Src/stm32f4xx_ll_fsmc.o

.debug_str      0x00000000    0xce6f7
 .debug_str     0x00000000    0xce6f7 ./.settings/Core/Startup/startup_stm32f407zetx.o
                                 0x71 (size before relaxing)
 .debug_str     0x000ce6f7        0x0 ./Core/Src/button.o
                              0xc6b2d (size before relaxing)
 .debug_str     0x000ce6f7        0x0 ./Core/Src/buzzer.o
                              0xc6bba (size before relaxing)
 .debug_str     0x000ce6f7        0x0 ./Core/Src/electronic_lock.o
                              0xc7208 (size before relaxing)
 .debug_str     0x000ce6f7        0x0 ./Core/Src/fsmc.o
                              0xc6ceb (size before relaxing)
 .debug_str     0x000ce6f7        0x0 ./Core/Src/gpio.o
                              0xc6799 (size before relaxing)
 .debug_str     0x000ce6f7        0x0 ./Core/Src/lcd.o
                              0xc9de3 (size before relaxing)
 .debug_str     0x000ce6f7        0x0 ./Core/Src/led_7seg.o
                              0xc6bbd (size before relaxing)
 .debug_str     0x000ce6f7        0x0 ./Core/Src/main.o
                              0xc7492 (size before relaxing)
 .debug_str     0x000ce6f7        0x0 ./Core/Src/picture.o
                               0x2eff (size before relaxing)
 .debug_str     0x000ce6f7        0x0 ./Core/Src/software_timer.o
                              0xc6bf2 (size before relaxing)
 .debug_str     0x000ce6f7        0x0 ./Core/Src/spi.o
                              0xc6c25 (size before relaxing)
 .debug_str     0x000ce6f7        0x0 ./Core/Src/stm32f4xx_hal_msp.o
                              0xc66ce (size before relaxing)
 .debug_str     0x000ce6f7        0x0 ./Core/Src/stm32f4xx_it.o
                              0xc6be8 (size before relaxing)
 .debug_str     0x000ce6f7        0x0 ./Core/Src/system_stm32f4xx.o
                              0xc6620 (size before relaxing)
 .debug_str     0x000ce6f7        0x0 ./Core/Src/tim.o
                              0xc7415 (size before relaxing)
 .debug_str     0x000ce6f7        0x0 ./Drivers/STM32F4xx_HAL_Driver/Src/stm32f4xx_hal.o
                              0xc71a4 (size before relaxing)
 .debug_str     0x000ce6f7        0x0 ./Drivers/STM32F4xx_HAL_Driver/Src/stm32f4xx_hal_cortex.o
                              0xc6f20 (size before relaxing)
 .debug_str     0x000ce6f7        0x0 ./Drivers/STM32F4xx_HAL_Driver/Src/stm32f4xx_hal_gpio.o
                              0xc679b (size before relaxing)
 .debug_str     0x000ce6f7        0x0 ./Drivers/STM32F4xx_HAL_Driver/Src/stm32f4xx_hal_rcc.o
                              0xc6a54 (size before relaxing)
 .debug_str     0x000ce6f7        0x0 ./Drivers/STM32F4xx_HAL_Driver/Src/stm32f4xx_hal_spi.o
                              0xc6ede (size before relaxing)
 .debug_str     0x000ce6f7        0x0 ./Drivers/STM32F4xx_HAL_Driver/Src/stm32f4xx_hal_sram.o
                              0xc6c1e (size before relaxing)
 .debug_str     0x000ce6f7        0x0 ./Drivers/STM32F4xx_HAL_Driver/Src/stm32f4xx_hal_tim.o
                              0xc79aa (size before relaxing)
 .debug_str     0x000ce6f7        0x0 ./Drivers/STM32F4xx_HAL_Driver/Src/stm32f4xx_hal_tim_ex.o
                              0xc71b6 (size before relaxing)
 .debug_str     0x000ce6f7        0x0 ./Drivers/STM32F4xx_HAL_Driver/Src/stm32f4xx_ll_fsmc.o
                              0xc6e8b (size before relaxing)

.debug_rnglists
                0x00000000      0xc9c
 .debug_rnglists
                0x00000000       0x19 ./.settings/Core/Startup/startup_stm32f407zetx.o
 .debug_rnglists
                0x00000019       0x1a ./Core/Src/button.o
 .debug_rnglists
                0x00000033       0x1f ./Core/Src/buzzer.o
 .debug_rnglists
                0x00000052      0x116 ./Core/Src/electronic_lock.o
 .debug_rnglists
                0x00000168       0x2d ./Core/Src/fsmc.o
 .debug_rnglists
                0x00000195       0x14 ./Core/Src/gpio.o
 .debug_rnglists
                0x000001a9       0xa8 ./Core/Src/lcd.o
 .debug_rnglists
                0x00000251       0x38 ./Core/Src/led_7seg.o
 .debug_rnglists
                0x00000289       0x2c ./Core/Src/main.o
 .debug_rnglists
                0x000002b5       0x25 ./Core/Src/software_timer.o
 .debug_rnglists
                0x000002da       0x20 ./Core/Src/spi.o
 .debug_rnglists
                0x000002fa       0x13 ./Core/Src/stm32f4xx_hal_msp.o
 .debug_rnglists
                0x0000030d       0x55 ./Core/Src/stm32f4xx_it.o
 .debug_rnglists
                0x00000362       0x1a ./Core/Src/system_stm32f4xx.o
 .debug_rnglists
                0x0000037c       0x35 ./Core/Src/tim.o
 .debug_rnglists
                0x000003b1       0xaf ./Drivers/STM32F4xx_HAL_Driver/Src/stm32f4xx_hal.o
 .debug_rnglists
                0x00000460       0xe0 ./Drivers/STM32F4xx_HAL_Driver/Src/stm32f4xx_hal_cortex.o
 .debug_rnglists
                0x00000540       0x3f ./Drivers/STM32F4xx_HAL_Driver/Src/stm32f4xx_hal_gpio.o
 .debug_rnglists
                0x0000057f       0x66 ./Drivers/STM32F4xx_HAL_Driver/Src/stm32f4xx_hal_rcc.o
 .debug_rnglists
                0x000005e5      0x16f ./Drivers/STM32F4xx_HAL_Driver/Src/stm32f4xx_hal_spi.o
 .debug_rnglists
                0x00000754       0x8d ./Drivers/STM32F4xx_HAL_Driver/Src/stm32f4xx_hal_sram.o
 .debug_rnglists
                0x000007e1      0x31a ./Drivers/STM32F4xx_HAL_Driver/Src/stm32f4xx_hal_tim.o
 .debug_rnglists
                0x00000afb      0x125 ./Drivers/STM32F4xx_HAL_Driver/Src/stm32f4xx_hal_tim_ex.o
 .debug_rnglists
                0x00000c20       0x7c ./Drivers/STM32F4xx_HAL_Driver/Src/stm32f4xx_ll_fsmc.o

.debug_macro    0x00000000    0x22c6f
 .debug_macro   0x00000000      0x216 ./Core/Src/button.o
 .debug_macro   0x00000216      0xad8 ./Core/Src/button.o
 .debug_macro   0x00000cee       0x22 ./Core/Src/button.o
 .debug_macro   0x00000d10       0x8e ./Core/Src/button.o
 .debug_macro   0x00000d9e       0x51 ./Core/Src/button.o
 .debug_macro   0x00000def      0x103 ./Core/Src/button.o
 .debug_macro   0x00000ef2       0x6a ./Core/Src/button.o
 .debug_macro   0x00000f5c      0x1df ./Core/Src/button.o
 .debug_macro   0x0000113b      0x2a1 ./Core/Src/button.o
 .debug_macro   0x000013dc       0x2e ./Core/Src/button.o
 .debug_macro   0x0000140a       0x2f ./Core/Src/button.o
 .debug_macro   0x00001439       0x1c ./Core/Src/button.o
 .debug_macro   0x00001455       0x22 ./Core/Src/button.o
 .debug_macro   0x00001477       0xfb ./Core/Src/button.o
 .debug_macro   0x00001572     0x1011 ./Core/Src/button.o
 .debug_macro   0x00002583      0x11f ./Core/Src/button.o
 .debug_macro   0x000026a2    0x15ea5 ./Core/Src/button.o
 .debug_macro   0x00018547       0x6d ./Core/Src/button.o
 .debug_macro   0x000185b4     0x3693 ./Core/Src/button.o
 .debug_macro   0x0001bc47      0x190 ./Core/Src/button.o
 .debug_macro   0x0001bdd7       0x5c ./Core/Src/button.o
 .debug_macro   0x0001be33      0x980 ./Core/Src/button.o
 .debug_macro   0x0001c7b3      0x9e9 ./Core/Src/button.o
 .debug_macro   0x0001d19c      0x115 ./Core/Src/button.o
 .debug_macro   0x0001d2b1      0x13e ./Core/Src/button.o
 .debug_macro   0x0001d3ef       0xa5 ./Core/Src/button.o
 .debug_macro   0x0001d494      0x174 ./Core/Src/button.o
 .debug_macro   0x0001d608      0x287 ./Core/Src/button.o
 .debug_macro   0x0001d88f       0x5f ./Core/Src/button.o
 .debug_macro   0x0001d8ee      0x236 ./Core/Src/button.o
 .debug_macro   0x0001db24      0x12c ./Core/Src/button.o
 .debug_macro   0x0001dc50      0x21e ./Core/Src/button.o
 .debug_macro   0x0001de6e       0x2e ./Core/Src/button.o
 .debug_macro   0x0001de9c      0x516 ./Core/Src/button.o
 .debug_macro   0x0001e3b2      0x127 ./Core/Src/button.o
 .debug_macro   0x0001e4d9       0x7e ./Core/Src/button.o
 .debug_macro   0x0001e557       0x89 ./Core/Src/button.o
 .debug_macro   0x0001e5e0      0x225 ./Core/Src/button.o
 .debug_macro   0x0001e805      0x8ed ./Core/Src/button.o
 .debug_macro   0x0001f0f2       0x4d ./Core/Src/button.o
 .debug_macro   0x0001f13f      0x12d ./Core/Src/button.o
 .debug_macro   0x0001f26c       0x58 ./Core/Src/button.o
 .debug_macro   0x0001f2c4      0x224 ./Core/Src/buzzer.o
 .debug_macro   0x0001f4e8      0x264 ./Core/Src/electronic_lock.o
 .debug_macro   0x0001f74c      0x142 ./Core/Src/electronic_lock.o
 .debug_macro   0x0001f88e       0xca ./Core/Src/electronic_lock.o
 .debug_macro   0x0001f958      0x202 ./Core/Src/fsmc.o
 .debug_macro   0x0001fb5a      0x202 ./Core/Src/gpio.o
 .debug_macro   0x0001fd5c      0x321 ./Core/Src/lcd.o
 .debug_macro   0x0002007d       0x2a ./Core/Src/lcd.o
 .debug_macro   0x000200a7       0x61 ./Core/Src/lcd.o
 .debug_macro   0x00020108       0x43 ./Core/Src/lcd.o
 .debug_macro   0x0002014b       0x34 ./Core/Src/lcd.o
 .debug_macro   0x0002017f       0x16 ./Core/Src/lcd.o
 .debug_macro   0x00020195       0x3c ./Core/Src/lcd.o
 .debug_macro   0x000201d1      0x370 ./Core/Src/lcd.o
 .debug_macro   0x00020541       0x16 ./Core/Src/lcd.o
 .debug_macro   0x00020557       0x4a ./Core/Src/lcd.o
 .debug_macro   0x000205a1       0x34 ./Core/Src/lcd.o
 .debug_macro   0x000205d5       0x10 ./Core/Src/lcd.o
 .debug_macro   0x000205e5       0x58 ./Core/Src/lcd.o
 .debug_macro   0x0002063d       0x8e ./Core/Src/lcd.o
 .debug_macro   0x000206cb       0x1c ./Core/Src/lcd.o
 .debug_macro   0x000206e7      0x185 ./Core/Src/lcd.o
 .debug_macro   0x0002086c       0x16 ./Core/Src/lcd.o
 .debug_macro   0x00020882       0x29 ./Core/Src/lcd.o
 .debug_macro   0x000208ab       0x16 ./Core/Src/lcd.o
 .debug_macro   0x000208c1       0x20 ./Core/Src/lcd.o
 .debug_macro   0x000208e1      0x20c ./Core/Src/led_7seg.o
 .debug_macro   0x00020aed      0x28e ./Core/Src/main.o
 .debug_macro   0x00020d7b       0xd0 ./Core/Src/main.o
 .debug_macro   0x00020e4b       0x1b ./Core/Src/picture.o
 .debug_macro   0x00020e66      0x21c ./Core/Src/software_timer.o
 .debug_macro   0x00021082      0x202 ./Core/Src/spi.o
 .debug_macro   0x00021284      0x1f8 ./Core/Src/stm32f4xx_hal_msp.o
 .debug_macro   0x0002147c      0x202 ./Core/Src/stm32f4xx_it.o
 .debug_macro   0x0002167e      0x1e9 ./Core/Src/system_stm32f4xx.o
 .debug_macro   0x00021867      0x202 ./Core/Src/tim.o
 .debug_macro   0x00021a69      0x249 ./Drivers/STM32F4xx_HAL_Driver/Src/stm32f4xx_hal.o
 .debug_macro   0x00021cb2      0x1e9 ./Drivers/STM32F4xx_HAL_Driver/Src/stm32f4xx_hal_cortex.o
 .debug_macro   0x00021e9b      0x1ef ./Drivers/STM32F4xx_HAL_Driver/Src/stm32f4xx_hal_gpio.o
 .debug_macro   0x0002208a      0x20d ./Drivers/STM32F4xx_HAL_Driver/Src/stm32f4xx_hal_rcc.o
 .debug_macro   0x00022297      0x1f8 ./Drivers/STM32F4xx_HAL_Driver/Src/stm32f4xx_hal_spi.o
 .debug_macro   0x0002248f      0x1e9 ./Drivers/STM32F4xx_HAL_Driver/Src/stm32f4xx_hal_sram.o
 .debug_macro   0x00022678      0x1ea ./Drivers/STM32F4xx_HAL_Driver/Src/stm32f4xx_hal_tim.o
 .debug_macro   0x00022862      0x1e9 ./Drivers/STM32F4xx_HAL_Driver/Src/stm32f4xx_hal_tim_ex.o
 .debug_macro   0x00022a4b      0x224 ./Drivers/STM32F4xx_HAL_Driver/Src/stm32f4xx_ll_fsmc.o

.comment        0x00000000       0x43
 .comment       0x00000000       0x43 ./Core/Src/button.o
                                 0x44 (size before relaxing)
 .comment       0x00000043        0x0 ./Core/Src/buzzer.o
                                 0x44 (size before relaxing)
 .comment       0x00000043        0x0 ./Core/Src/electronic_lock.o
                                 0x44 (size before relaxing)
 .comment       0x00000043        0x0 ./Core/Src/fsmc.o
                                 0x44 (size before relaxing)
 .comment       0x00000043        0x0 ./Core/Src/gpio.o
                                 0x44 (size before relaxing)
 .comment       0x00000043        0x0 ./Core/Src/lcd.o
                                 0x44 (size before relaxing)
 .comment       0x00000043        0x0 ./Core/Src/led_7seg.o
                                 0x44 (size before relaxing)
 .comment       0x00000043        0x0 ./Core/Src/main.o
                                 0x44 (size before relaxing)
 .comment       0x00000043        0x0 ./Core/Src/picture.o
                                 0x44 (size before relaxing)
 .comment       0x00000043        0x0 ./Core/Src/software_timer.o
                                 0x44 (size before relaxing)
 .comment       0x00000043        0x0 ./Core/Src/spi.o
                                 0x44 (size before relaxing)
 .comment       0x00000043        0x0 ./Core/Src/stm32f4xx_hal_msp.o
                                 0x44 (size before relaxing)
 .comment       0x00000043        0x0 ./Core/Src/stm32f4xx_it.o
                                 0x44 (size before relaxing)
 .comment       0x00000043        0x0 ./Core/Src/system_stm32f4xx.o
                                 0x44 (size before relaxing)
 .comment       0x00000043        0x0 ./Core/Src/tim.o
                                 0x44 (size before relaxing)
 .comment       0x00000043        0x0 ./Drivers/STM32F4xx_HAL_Driver/Src/stm32f4xx_hal.o
                                 0x44 (size before relaxing)
 .comment       0x00000043        0x0 ./Drivers/STM32F4xx_HAL_Driver/Src/stm32f4xx_hal_cortex.o
                                 0x44 (size before relaxing)
 .comment       0x00000043        0x0 ./Drivers/STM32F4xx_HAL_Driver/Src/stm32f4xx_hal_gpio.o
                                 0x44 (size before relaxing)
 .comment       0x00000043        0x0 ./Drivers/STM32F4xx_HAL_Driver/Src/stm32f4xx_hal_rcc.o
                                 0x44 (size before relaxing)
 .comment       0x00000043        0x0 ./Drivers/STM32F4xx_HAL_Driver/Src/stm32f4xx_hal_spi.o
                                 0x44 (size before relaxing)
 .comment       0x00000043        0x0 ./Drivers/STM32F4xx_HAL_Driver/Src/stm32f4xx_hal_sram.o
                                 0x44 (size before relaxing)
 .comment       0x00000043        0x0 ./Drivers/STM32F4xx_HAL_Driver/Src/stm32f4xx_hal_tim.o
                                 0x44 (size before relaxing)
 .comment       0x00000043        0x0 ./Drivers/STM32F4xx_HAL_Driver/Src/stm32f4xx_hal_tim_ex.o
                                 0x44 (size before relaxing)
 .comment       0x00000043        0x0 ./Drivers/STM32F4xx_HAL_Driver/Src/stm32f4xx_ll_fsmc.o
                                 0x44 (size before relaxing)

.debug_frame    0x00000000     0x432c
 .debug_frame   0x00000000       0x50 ./Core/Src/button.o
 .debug_frame   0x00000050       0x70 ./Core/Src/buzzer.o
 .debug_frame   0x000000c0      0x5d0 ./Core/Src/electronic_lock.o
 .debug_frame   0x00000690       0xbc ./Core/Src/fsmc.o
 .debug_frame   0x0000074c       0x34 ./Core/Src/gpio.o
 .debug_frame   0x00000780      0x394 ./Core/Src/lcd.o
 .debug_frame   0x00000b14      0x110 ./Core/Src/led_7seg.o
 .debug_frame   0x00000c24       0xb0 ./Core/Src/main.o
 .debug_frame   0x00000cd4       0xa4 ./Core/Src/software_timer.o
 .debug_frame   0x00000d78       0x74 ./Core/Src/spi.o
 .debug_frame   0x00000dec       0x38 ./Core/Src/stm32f4xx_hal_msp.o
 .debug_frame   0x00000e24      0x158 ./Core/Src/stm32f4xx_it.o
 .debug_frame   0x00000f7c       0x58 ./Core/Src/system_stm32f4xx.o
 .debug_frame   0x00000fd4       0xe8 ./Core/Src/tim.o
 .debug_frame   0x000010bc      0x374 ./Drivers/STM32F4xx_HAL_Driver/Src/stm32f4xx_hal.o
 .debug_frame   0x00001430      0x508 ./Drivers/STM32F4xx_HAL_Driver/Src/stm32f4xx_hal_cortex.o
 .debug_frame   0x00001938      0x14c ./Drivers/STM32F4xx_HAL_Driver/Src/stm32f4xx_hal_gpio.o
 .debug_frame   0x00001a84      0x1f4 ./Drivers/STM32F4xx_HAL_Driver/Src/stm32f4xx_hal_rcc.o
 .debug_frame   0x00001c78      0x828 ./Drivers/STM32F4xx_HAL_Driver/Src/stm32f4xx_hal_spi.o
 .debug_frame   0x000024a0      0x30c ./Drivers/STM32F4xx_HAL_Driver/Src/stm32f4xx_hal_sram.o
 .debug_frame   0x000027ac     0x11c0 ./Drivers/STM32F4xx_HAL_Driver/Src/stm32f4xx_hal_tim.o
 .debug_frame   0x0000396c      0x638 ./Drivers/STM32F4xx_HAL_Driver/Src/stm32f4xx_hal_tim_ex.o
 .debug_frame   0x00003fa4      0x2dc ./Drivers/STM32F4xx_HAL_Driver/Src/stm32f4xx_ll_fsmc.o
 .debug_frame   0x00004280       0x20 C:/ST/STM32CubeIDE_2.0.0/STM32CubeIDE/plugins/com.st.stm32cube.ide.mcu.externaltools.gnu-tools-for-stm32.13.3.rel1.win32_1.0.100.202509120712/tools/bin/../lib/gcc/arm-none-eabi/13.3.1/../../../../arm-none-eabi/lib/thumb/v7e-m+fp/hard\libc_nano.a(libc_a-memset.o)
 .debug_frame   0x000042a0       0x2c C:/ST/STM32CubeIDE_2.0.0/STM32CubeIDE/plugins/com.st.stm32cube.ide.mcu.externaltools.gnu-tools-for-stm32.13.3.rel1.win32_1.0.100.202509120712/tools/bin/../lib/gcc/arm-none-eabi/13.3.1/../../../../arm-none-eabi/lib/thumb/v7e-m+fp/hard\libc_nano.a(libc_a-init.o)
 .debug_frame   0x000042cc       0x2c C:/ST/STM32CubeIDE_2.0.0/STM32CubeIDE/plugins/com.st.stm32cube.ide.mcu.externaltools.gnu-tools-for-stm32.13.3.rel1.win32_1.0.100.202509120712/tools/bin/../lib/gcc/arm-none-eabi/13.3.1/thumb/v7e-m+fp/hard\libgcc.a(_aeabi_uldivmod.o)
 .debug_frame   0x000042f8       0x34 C:/ST/STM32CubeIDE_2.0.0/STM32CubeIDE/plugins/com.st.stm32cube.ide.mcu.externaltools.gnu-tools-for-stm32.13.3.rel1.win32_1.0.100.202509120712/tools/bin/../lib/gcc/arm-none-eabi/13.3.1/thumb/v7e-m+fp/hard\libgcc.a(_udivmoddi4.o)
