Archive member included to satisfy reference by file (symbol)

D:/STM32CubeIDE_1.19.0/STM32CubeIDE/plugins/com.st.stm32cube.ide.mcu.externaltools.gnu-tools-for-stm32.13.3.rel1.win32_1.0.0.202411081344/tools/bin/../lib/gcc/arm-none-eabi/13.3.1/../../../../arm-none-eabi/lib/thumb/v7e-m+fp/hard\libc_nano.a(libc_a-exit.o)
                              D:/STM32CubeIDE_1.19.0/STM32CubeIDE/plugins/com.st.stm32cube.ide.mcu.externaltools.gnu-tools-for-stm32.13.3.rel1.win32_1.0.0.202411081344/tools/bin/../lib/gcc/arm-none-eabi/13.3.1/../../../../arm-none-eabi/lib/thumb/v7e-m+fp/hard/crt0.o (exit)
D:/STM32CubeIDE_1.19.0/STM32CubeIDE/plugins/com.st.stm32cube.ide.mcu.externaltools.gnu-tools-for-stm32.13.3.rel1.win32_1.0.0.202411081344/tools/bin/../lib/gcc/arm-none-eabi/13.3.1/../../../../arm-none-eabi/lib/thumb/v7e-m+fp/hard\libc_nano.a(libc_a-findfp.o)
                              D:/STM32CubeIDE_1.19.0/STM32CubeIDE/plugins/com.st.stm32cube.ide.mcu.externaltools.gnu-tools-for-stm32.13.3.rel1.win32_1.0.0.202411081344/tools/bin/../lib/gcc/arm-none-eabi/13.3.1/../../../../arm-none-eabi/lib/thumb/v7e-m+fp/hard\libc_nano.a(libc_a-exit.o) (__stdio_exit_handler)
D:/STM32CubeIDE_1.19.0/STM32CubeIDE/plugins/com.st.stm32cube.ide.mcu.externaltools.gnu-tools-for-stm32.13.3.rel1.win32_1.0.0.202411081344/tools/bin/../lib/gcc/arm-none-eabi/13.3.1/../../../../arm-none-eabi/lib/thumb/v7e-m+fp/hard\libc_nano.a(libc_a-fwalk.o)
                              D:/STM32CubeIDE_1.19.0/STM32CubeIDE/plugins/com.st.stm32cube.ide.mcu.externaltools.gnu-tools-for-stm32.13.3.rel1.win32_1.0.0.202411081344/tools/bin/../lib/gcc/arm-none-eabi/13.3.1/../../../../arm-none-eabi/lib/thumb/v7e-m+fp/hard\libc_nano.a(libc_a-findfp.o) (_fwalk_sglue)
D:/STM32CubeIDE_1.19.0/STM32CubeIDE/plugins/com.st.stm32cube.ide.mcu.externaltools.gnu-tools-for-stm32.13.3.rel1.win32_1.0.0.202411081344/tools/bin/../lib/gcc/arm-none-eabi/13.3.1/../../../../arm-none-eabi/lib/thumb/v7e-m+fp/hard\libc_nano.a(libc_a-stdio.o)
                              D:/STM32CubeIDE_1.19.0/STM32CubeIDE/plugins/com.st.stm32cube.ide.mcu.externaltools.gnu-tools-for-stm32.13.3.rel1.win32_1.0.0.202411081344/tools/bin/../lib/gcc/arm-none-eabi/13.3.1/../../../../arm-none-eabi/lib/thumb/v7e-m+fp/hard\libc_nano.a(libc_a-findfp.o) (__sread)
D:/STM32CubeIDE_1.19.0/STM32CubeIDE/plugins/com.st.stm32cube.ide.mcu.externaltools.gnu-tools-for-stm32.13.3.rel1.win32_1.0.0.202411081344/tools/bin/../lib/gcc/arm-none-eabi/13.3.1/../../../../arm-none-eabi/lib/thumb/v7e-m+fp/hard\libc_nano.a(libc_a-memset.o)
                              D:/STM32CubeIDE_1.19.0/STM32CubeIDE/plugins/com.st.stm32cube.ide.mcu.externaltools.gnu-tools-for-stm32.13.3.rel1.win32_1.0.0.202411081344/tools/bin/../lib/gcc/arm-none-eabi/13.3.1/../../../../arm-none-eabi/lib/thumb/v7e-m+fp/hard/crt0.o (memset)
D:/STM32CubeIDE_1.19.0/STM32CubeIDE/plugins/com.st.stm32cube.ide.mcu.externaltools.gnu-tools-for-stm32.13.3.rel1.win32_1.0.0.202411081344/tools/bin/../lib/gcc/arm-none-eabi/13.3.1/../../../../arm-none-eabi/lib/thumb/v7e-m+fp/hard\libc_nano.a(libc_a-closer.o)
                              D:/STM32CubeIDE_1.19.0/STM32CubeIDE/plugins/com.st.stm32cube.ide.mcu.externaltools.gnu-tools-for-stm32.13.3.rel1.win32_1.0.0.202411081344/tools/bin/../lib/gcc/arm-none-eabi/13.3.1/../../../../arm-none-eabi/lib/thumb/v7e-m+fp/hard\libc_nano.a(libc_a-stdio.o) (_close_r)
D:/STM32CubeIDE_1.19.0/STM32CubeIDE/plugins/com.st.stm32cube.ide.mcu.externaltools.gnu-tools-for-stm32.13.3.rel1.win32_1.0.0.202411081344/tools/bin/../lib/gcc/arm-none-eabi/13.3.1/../../../../arm-none-eabi/lib/thumb/v7e-m+fp/hard\libc_nano.a(libc_a-reent.o)
                              D:/STM32CubeIDE_1.19.0/STM32CubeIDE/plugins/com.st.stm32cube.ide.mcu.externaltools.gnu-tools-for-stm32.13.3.rel1.win32_1.0.0.202411081344/tools/bin/../lib/gcc/arm-none-eabi/13.3.1/../../../../arm-none-eabi/lib/thumb/v7e-m+fp/hard\libc_nano.a(libc_a-closer.o) (errno)
D:/STM32CubeIDE_1.19.0/STM32CubeIDE/plugins/com.st.stm32cube.ide.mcu.externaltools.gnu-tools-for-stm32.13.3.rel1.win32_1.0.0.202411081344/tools/bin/../lib/gcc/arm-none-eabi/13.3.1/../../../../arm-none-eabi/lib/thumb/v7e-m+fp/hard\libc_nano.a(libc_a-impure.o)
                              D:/STM32CubeIDE_1.19.0/STM32CubeIDE/plugins/com.st.stm32cube.ide.mcu.externaltools.gnu-tools-for-stm32.13.3.rel1.win32_1.0.0.202411081344/tools/bin/../lib/gcc/arm-none-eabi/13.3.1/../../../../arm-none-eabi/lib/thumb/v7e-m+fp/hard\libc_nano.a(libc_a-reent.o) (_impure_ptr)
D:/STM32CubeIDE_1.19.0/STM32CubeIDE/plugins/com.st.stm32cube.ide.mcu.externaltools.gnu-tools-for-stm32.13.3.rel1.win32_1.0.0.202411081344/tools/bin/../lib/gcc/arm-none-eabi/13.3.1/../../../../arm-none-eabi/lib/thumb/v7e-m+fp/hard\libc_nano.a(libc_a-lseekr.o)
[...]
Memory Configuration

Name             Origin             Length             Attributes
CCMRAM           0x10000000         0x00010000         xrw
RAM              0x20000000         0x00020000         xrw
FLASH            0x08000000         0x00100000         xr
*default*        0x00000000         0xffffffff

Linker script and memory map

LOAD D:/STM32CubeIDE_1.19.0/STM32CubeIDE/plugins/com.st.stm32cube.ide.mcu.externaltools.gnu-tools-for-stm32.13.3.rel1.win32_1.0.0.202411081344/tools/bin/../lib/gcc/arm-none-eabi/13.3.1/thumb/v7e-m+fp/hard/crti.o
LOAD D:/STM32CubeIDE_1.19.0/STM32CubeIDE/plugins/com.st.stm32cube.ide.mcu.externaltools.gnu-tools-for-stm32.13.3.rel1.win32_1.0.0.202411081344/tools/bin/../lib/gcc/arm-none-eabi/13.3.1/thumb/v7e-m+fp/hard/crtbegin.o
LOAD D:/STM32CubeIDE_1.19.0/STM32CubeIDE/plugins/com.st.stm32cube.ide.mcu.externaltools.gnu-tools-for-stm32.13.3.rel1.win32_1.0.0.202411081344/tools/bin/../lib/gcc/arm-none-eabi/13.3.1/../../../../arm-none-eabi/lib/thumb/v7e-m+fp/hard/crt0.o
LOAD ./.settings/Core/Startup/startup_stm32f407zetx.o
LOAD ./Core/Src/button.o
LOAD ./Core/Src/buzzer.o
LOAD ./Core/Src/electronic_lock.o
LOAD ./Core/Src/fsmc.o
LOAD ./Core/Src/gpio.o
LOAD ./Core/Src/keyboard.o
LOAD ./Core/Src/lcd.o
LOAD ./Core/Src/led_7seg.o
LOAD ./Core/Src/main.o
LOAD ./Core/Src/picture.o
LOAD ./Core/Src/software_timer.o
LOAD ./Core/Src/spi.o
LOAD ./Core/Src/stm32f4xx_hal_msp.o
LOAD ./Core/Src/stm32f4xx_it.o
LOAD ./Core/Src/syscalls.o
LOAD ./Core/Src/sysmem.o
LOAD ./Core/Src/system_stm32f4xx.o
LOAD ./Core/Src/tim.o
LOAD ./Drivers/STM32F4xx_HAL_Driver/Src/stm32f4xx_hal.o
LOAD ./Drivers/STM32F4xx_HAL_Driver/Src/stm32f4xx_hal_cortex.o
LOAD ./Drivers/STM32F4xx_HAL_Driver/Src/stm32f4xx_hal_dma.o
LOAD ./Drivers/STM32F4xx_HAL_Driver/Src/stm32f4xx_hal_dma_ex.o
LOAD ./Drivers/STM32F4xx_HAL_Driver/Src/stm32f4xx_hal_exti.o
LOAD ./Drivers/STM32F4xx_HAL_Driver/Src/stm32f4xx_hal_flash.o
LOAD ./Drivers/STM32F4xx_HAL_Driver/Src/stm32f4xx_hal_flash_ex.o
LOAD ./Drivers/STM32F4xx_HAL_Driver/Src/stm32f4xx_hal_flash_ramfunc.o
LOAD ./Drivers/STM32F4xx_HAL_Driver/Src/stm32f4xx_hal_gpio.o
LOAD ./Drivers/STM32F4xx_HAL_Driver/Src/stm32f4xx_hal_nand.o
LOAD ./Drivers/STM32F4xx_HAL_Driver/Src/stm32f4xx_hal_nor.o
LOAD ./Drivers/STM32F4xx_HAL_Driver/Src/stm32f4xx_hal_pccard.o
LOAD ./Drivers/STM32F4xx_HAL_Driver/Src/stm32f4xx_hal_pwr.o
LOAD ./Drivers/STM32F4xx_HAL_Driver/Src/stm32f4xx_hal_pwr_ex.o
LOAD ./Drivers/STM32F4xx_HAL_Driver/Src/stm32f4xx_hal_rcc.o
LOAD ./Drivers/STM32F4xx_HAL_Driver/Src/stm32f4xx_hal_rcc_ex.o
LOAD ./Drivers/STM32F4xx_HAL_Driver/Src/stm32f4xx_hal_spi.o
LOAD ./Drivers/STM32F4xx_HAL_Driver/Src/stm32f4xx_hal_sram.o
LOAD ./Drivers/STM32F4xx_HAL_Driver/Src/stm32f4xx_hal_tim.o
LOAD ./Drivers/STM32F4xx_HAL_Driver/Src/stm32f4xx_hal_tim_ex.o
LOAD ./Drivers/STM32F4xx_HAL_Driver/Src/stm32f4xx_ll_fsmc.o
START GROUP
LOAD D:/STM32CubeIDE_1.19.0/STM32CubeIDE/plugins/com.st.stm32cube.ide.mcu.externaltools.gnu-tools-for-stm32.13.3.rel1.win32_1.0.0.202411081344/tools/bin/../lib/gcc/arm-none-eabi/13.3.1/../../../../arm-none-eabi/lib/thumb/v7e-m+fp/hard\libc_nano.a
LOAD D:/STM32CubeIDE_1.19.0/STM32CubeIDE/plugins/com.st.stm32cube.ide.mcu.externaltools.gnu-tools-for-stm32.13.3.rel1.win32_1.0.0.202411081344/tools/bin/../lib/gcc/arm-none-eabi/13.3.1/../../../../arm-none-eabi/lib/thumb/v7e-m+fp/hard\libm.a
END GROUP
START GROUP
LOAD D:/STM32CubeIDE_1.19.0/STM32CubeIDE/plugins/com.st.stm32cube.ide.mcu.externaltools.gnu-tools-for-stm32.13.3.rel1.win32_1.0.0.202411081344/tools/bin/../lib/gcc/arm-none-eabi/13.3.1/thumb/v7e-m+fp/hard\libgcc.a
LOAD D:/STM32CubeIDE_1.19.0/STM32CubeIDE/plugins/com.st.stm32cube.ide.mcu.externaltools.gnu-tools-for-stm32.13.3.rel1.win32_1.0.0.202411081344/tools/bin/../lib/gcc/arm-none-eabi/13.3.1/../../../../arm-none-eabi/lib/thumb/v7e-m+fp/hard\libc_nano.a
END GROUP
START GROUP
LOAD D:/STM32CubeIDE_1.19.0/STM32CubeIDE/plugins/com.st.stm32cube.ide.mcu.externaltools.gnu-tools-for-stm32.13.3.rel1.win32_1.0.0.202411081344/tools/bin/../lib/gcc/arm-none-eabi/13.3.1/thumb/v7e-m+fp/hard\libgcc.a
LOAD D:/STM32CubeIDE_1.19.0/STM32CubeIDE/plugins/com.st.stm32cube.ide.mcu.externaltools.gnu-tools-for-stm32.13.3.rel1.win32_1.0.0.202411081344/tools/bin/../lib/gcc/arm-none-eabi/13.3.1/../../../../arm-none-eabi/lib/thumb/v7e-m+fp/hard\libc_nano.a
LOAD D:/STM32CubeIDE_1.19.0/STM32CubeIDE/plugins/com.st.stm32cube.ide.mcu.externaltools.gnu-tools-for-stm32.13.3.rel1.win32_1.0.0.202411081344/tools/bin/../lib/gcc/arm-none-eabi/13.3.1/../../../../arm-none-eabi/lib/thumb/v7e-m+fp/hard\libnosys.a
END GROUP
START GROUP
LOAD D:/STM32CubeIDE_1.19.0/STM32CubeIDE/plugins/com.st.stm32cube.ide.mcu.externaltools.gnu-tools-for-stm32.13.3.rel1.win32_1.0.0.202411081344/tools/bin/../lib/gcc/arm-none-eabi/13.3.1/thumb/v7e-m+fp/hard\libgcc.a
LOAD D:/STM32CubeIDE_1.19.0/STM32CubeIDE/plugins/com.st.stm32cube.ide.mcu.externaltools.gnu-tools-for-stm32.13.3.rel1.win32_1.0.0.202411081344/tools/bin/../lib/gcc/arm-none-eabi/13.3.1/../../../../arm-none-eabi/lib/thumb/v7e-m+fp/hard\libc_nano.a
LOAD D:/STM32CubeIDE_1.19.0/STM32CubeIDE/plugins/com.st.stm32cube.ide.mcu.externaltools.gnu-tools-for-stm32.13.3.rel1.win32_1.0.0.202411081344/tools/bin/../lib/gcc/arm-none-eabi/13.3.1/../../../../arm-none-eabi/lib/thumb/v7e-m+fp/hard\libnosys.a
END GROUP
LOAD D:/STM32CubeIDE_1.19.0/STM32CubeIDE/plugins/com.st.stm32cube.ide.mcu.externaltools.gnu-tools-for-stm32.13.3.rel1.win32_1.0.0.202411081344/tools/bin/../lib/gcc/arm-none-eabi/13.3.1/thumb/v7e-m+fp/hard/crtend.o
LOAD D:/STM32CubeIDE_1.19.0/STM32CubeIDE/plugins/com.st.stm32cube.ide.mcu.externaltools.gnu-tools-for-stm32.13.3.rel1.win32_1.0.0.202411081344/tools/bin/../lib/gcc/arm-none-eabi/13.3.1/thumb/v7e-m+fp/hard/crtn.o
                0x20020000                        _estack = (ORIGIN (RAM) + LENGTH (RAM))
                0x00000200                        _Min_Heap_Size = 0x200
                0x00000400                        _Min_Stack_Size = 0x400

.isr_vector     0x08000000      0x188
                0x08000000                        . = ALIGN (0x4)
 *(.isr_vector)
 .isr_vector    0x08000000      0x188 ./.settings/Core/Startup/startup_stm32f407zetx.o
                0x08000000                g_pfnVectors
                0x08000188                        . = ALIGN (0x4)

.text           0x08000188     0x695c
                0x08000188                        . = ALIGN (0x4)
 *(.text)
 .text          0x08000188       0x40 D:/STM32CubeIDE_1.19.0/STM32CubeIDE/plugins/com.st.stm32cube.ide.mcu.externaltools.gnu-tools-for-stm32.13.3.rel1.win32_1.0.0.202411081344/tools/bin/../lib/gcc/arm-none-eabi/13.3.1/thumb/v7e-m+fp/hard/crtbegin.o
 .text          0x080001c8       0x10 D:/STM32CubeIDE_1.19.0/STM32CubeIDE/plugins/com.st.stm32cube.ide.mcu.externaltools.gnu-tools-for-stm32.13.3.rel1.win32_1.0.0.202411081344/tools/bin/../lib/gcc/arm-none-eabi/13.3.1/../../../../arm-none-eabi/lib/thumb/v7e-m+fp/hard\libc_nano.a(libc_a-strlen.o)
                0x080001c8                strlen
 .text          0x080001d8       0x30 D:/STM32CubeIDE_1.19.0/STM32CubeIDE/plugins/com.st.stm32cube.ide.mcu.externaltools.gnu-tools-for-stm32.13.3.rel1.win32_1.0.0.202411081344/tools/bin/../lib/gcc/arm-none-eabi/13.3.1/thumb/v7e-m+fp/hard\libgcc.a(_aeabi_uldivmod.o)
                0x080001d8                __aeabi_uldivmod
 .text          0x08000208      0x2f8 D:/STM32CubeIDE_1.19.0/STM32CubeIDE/plugins/com.st.stm32cube.ide.mcu.externaltools.gnu-tools-for-stm32.13.3.rel1.win32_1.0.0.202411081344/tools/bin/../lib/gcc/arm-none-eabi/13.3.1/thumb/v7e-m+fp/hard\libgcc.a(_udivmoddi4.o)
                0x08000208                __udivmoddi4
 .text          0x08000500        0x4 D:/STM32CubeIDE_1.19.0/STM32CubeIDE/plugins/com.st.stm32cube.ide.mcu.externaltools.gnu-tools-for-stm32.13.3.rel1.win32_1.0.0.202411081344/tools/bin/../lib/gcc/arm-none-eabi/13.3.1/thumb/v7e-m+fp/hard\libgcc.a(_dvmd_tls.o)
                0x08000500                __aeabi_idiv0
                0x08000500                __aeabi_ldiv0
 *(.text*)
 .text.Reset_Handler
                0x08000504       0x50 ./.settings/Core/Startup/startup_stm32f407zetx.o
                0x08000504                Reset_Handler
 .text.Default_Handler
                0x08000554        0x2 ./.settings/Core/Startup/startup_stm32f407zetx.o
                0x08000554                RTC_Alarm_IRQHandler
                0x08000554                HASH_RNG_IRQHandler
                0x08000554                EXTI2_IRQHandler
                0x08000554                TIM8_CC_IRQHandler
                0x08000554                TIM1_CC_IRQHandler
                0x08000554                DMA2_Stream5_IRQHandler
                0x08000554                DMA1_Stream5_IRQHandler
                0x08000554                PVD_IRQHandler
                0x08000554                SDIO_IRQHandler
                0x08000554                TAMP_STAMP_IRQHandler
                0x08000554                CAN2_RX1_IRQHandler
                0x08000554                EXTI3_IRQHandler
                0x08000554                TIM8_TRG_COM_TIM14_IRQHandler
                0x08000554                TIM1_UP_TIM10_IRQHandler
                0x08000554                I2C3_ER_IRQHandler
                0x08000554                EXTI0_IRQHandler
                0x08000554                I2C2_EV_IRQHandler
                0x08000554                DMA1_Stream2_IRQHandler
                0x08000554                CAN1_RX0_IRQHandler
                0x08000554                FPU_IRQHandler
                0x08000554                OTG_HS_WKUP_IRQHandler
                0x08000554                CAN2_SCE_IRQHandler
                0x08000554                DMA2_Stream2_IRQHandler
                0x08000554                SPI1_IRQHandler
                0x08000554                TIM6_DAC_IRQHandler
                0x08000554                TIM1_BRK_TIM9_IRQHandler
                0x08000554                DCMI_IRQHandler
                0x08000554                CAN2_RX0_IRQHandler
                0x08000554                DMA2_Stream3_IRQHandler
                0x08000554                USART6_IRQHandler
                0x08000554                USART3_IRQHandler
                0x08000554                CAN1_RX1_IRQHandler
                0x08000554                UART5_IRQHandler
                0x08000554                DMA2_Stream0_IRQHandler
                0x08000554                I2C1_EV_IRQHandler
                0x08000554                DMA1_Stream6_IRQHandler
                0x08000554                DMA1_Stream1_IRQHandler
                0x08000554                UART4_IRQHandler
                0x08000554                TIM3_IRQHandler
                0x08000554                RCC_IRQHandler
                0x08000554                TIM8_BRK_TIM12_IRQHandler
                0x08000554                Default_Handler
                0x08000554                EXTI15_10_IRQHandler
                0x08000554                ADC_IRQHandler
                0x08000554                DMA1_Stream7_IRQHandler
                0x08000554                TIM7_IRQHandler
                0x08000554                CAN2_TX_IRQHandler
                0x08000554                TIM5_IRQHandler
                0x08000554                DMA2_Stream7_IRQHandler
                0x08000554                I2C3_EV_IRQHandler
                0x08000554                EXTI9_5_IRQHandler
                0x08000554                RTC_WKUP_IRQHandler
                0x08000554                ETH_WKUP_IRQHandler
                0x08000554                SPI2_IRQHandler
                0x08000554                OTG_HS_EP1_IN_IRQHandler
                0x08000554                DMA1_Stream0_IRQHandler
                0x08000554                CAN1_TX_IRQHandler
                0x08000554                EXTI4_IRQHandler
                0x08000554                FSMC_IRQHandler
                0x08000554                ETH_IRQHandler
                0x08000554                OTG_HS_EP1_OUT_IRQHandler
                0x08000554                WWDG_IRQHandler
                0x08000554                OTG_FS_WKUP_IRQHandler
                0x08000554                TIM1_TRG_COM_TIM11_IRQHandler
                0x08000554                OTG_HS_IRQHandler
                0x08000554                EXTI1_IRQHandler
                0x08000554                USART2_IRQHandler
                0x08000554                I2C2_ER_IRQHandler
                0x08000554                DMA2_Stream1_IRQHandler
                0x08000554                CAN1_SCE_IRQHandler
                0x08000554                FLASH_IRQHandler
                0x08000554                DMA2_Stream4_IRQHandler
                0x08000554                USART1_IRQHandler
                0x08000554                OTG_FS_IRQHandler
                0x08000554                SPI3_IRQHandler
                0x08000554                DMA1_Stream4_IRQHandler
                0x08000554                I2C1_ER_IRQHandler
                0x08000554                DMA2_Stream6_IRQHandler
                0x08000554                DMA1_Stream3_IRQHandler
 *fill*         0x08000556        0x2 
 .text.button_init
                0x08000558       0x18 ./Core/Src/button.o
                0x08000558                button_init
 .text.button_scan
                0x08000570       0xd8 ./Core/Src/button.o
                0x08000570                button_scan
 .text.buzzer_init
                0x08000648       0x1c ./Core/Src/buzzer.o
                0x08000648                buzzer_init
 .text.buzzer_SetVolume
                0x08000664       0x2c ./Core/Src/buzzer.o
                0x08000664                buzzer_SetVolume
 .text.buzzer_Stop
                0x08000690       0x14 ./Core/Src/buzzer.o
                0x08000690                buzzer_Stop
 .text.fsm_electronic_lock_run
                0x080006a4       0xb4 ./Core/Src/electronic_lock.o
                0x080006a4                fsm_electronic_lock_run
 .text.reset_inputs
                0x08000758       0x40 ./Core/Src/electronic_lock.o
 .text.read_edges
                0x08000798       0x70 ./Core/Src/electronic_lock.o
 .text.check_password
                0x08000808       0x44 ./Core/Src/electronic_lock.o
                0x08000808                check_password
 .text.init_idle
                0x0800084c       0xac ./Core/Src/electronic_lock.o
                0x0800084c                init_idle
 .text.init_receive_password_number
                0x080008f8       0x64 ./Core/Src/electronic_lock.o
                0x080008f8                init_receive_password_number
 .text.init_receive_password_character
                0x0800095c       0x64 ./Core/Src/electronic_lock.o
                0x0800095c                init_receive_password_character
 .text.init_process_and_control
                0x080009c0       0x64 ./Core/Src/electronic_lock.o
                0x080009c0                init_process_and_control
 .text.init_unlock_door
                0x08000a24       0x74 ./Core/Src/electronic_lock.o
                0x08000a24                init_unlock_door
 .text.init_door_open
                0x08000a98       0x84 ./Core/Src/electronic_lock.o
                0x08000a98                init_door_open
 .text.init_door_close
                0x08000b1c       0x84 ./Core/Src/electronic_lock.o
                0x08000b1c                init_door_close
 .text.init_alert
                0x08000ba0       0x94 ./Core/Src/electronic_lock.o
                0x08000ba0                init_alert
 .text.init_lock_door
                0x08000c34       0x74 ./Core/Src/electronic_lock.o
                0x08000c34                init_lock_door
 .text.init     0x08000ca8        0xe ./Core/Src/electronic_lock.o
                0x08000ca8                init
 *fill*         0x08000cb6        0x2 
 .text.idle     0x08000cb8      0x248 ./Core/Src/electronic_lock.o
                0x08000cb8                idle
 .text.receive_password_number
                0x08000f00      0x1b0 ./Core/Src/electronic_lock.o
                0x08000f00                receive_password_number
 .text.receive_password_character
                0x080010b0      0x180 ./Core/Src/electronic_lock.o
                0x080010b0                receive_password_character
 .text.show_7SEGMENT
                0x08001230       0xec ./Core/Src/electronic_lock.o
                0x08001230                show_7SEGMENT
 .text.process_and_control
                0x0800131c       0xe0 ./Core/Src/electronic_lock.o
                0x0800131c                process_and_control
 .text.password_incorrect
                0x080013fc       0xe4 ./Core/Src/electronic_lock.o
                0x080013fc                password_incorrect
 .text.init_lockout
                0x080014e0       0xa0 ./Core/Src/electronic_lock.o
                0x080014e0                init_lockout
 .text.lockout  0x08001580       0x80 ./Core/Src/electronic_lock.o
                0x08001580                lockout
 .text.unlock_door
                0x08001600       0x78 ./Core/Src/electronic_lock.o
                0x08001600                unlock_door
 .text.door_open
                0x08001678       0x6c ./Core/Src/electronic_lock.o
                0x08001678                door_open
 .text.door_close
                0x080016e4       0x4c ./Core/Src/electronic_lock.o
                0x080016e4                door_close
 .text.alert    0x08001730       0x80 ./Core/Src/electronic_lock.o
                0x08001730                alert
 .text.lock_door
                0x080017b0       0x30 ./Core/Src/electronic_lock.o
                0x080017b0                lock_door
 .text.get_digit_from_edges
                0x080017e0       0xa2 ./Core/Src/electronic_lock.o
 *fill*         0x08001882        0x2 
 .text.super_init_change_password_number
                0x08001884      0x120 ./Core/Src/electronic_lock.o
                0x08001884                super_init_change_password_number
 .text.reset_change_password_form
                0x080019a4      0x114 ./Core/Src/electronic_lock.o
                0x080019a4                reset_change_password_form
 .text.init_change_password_number
                0x08001ab8       0x58 ./Core/Src/electronic_lock.o
                0x08001ab8                init_change_password_number
 .text.init_change_password_character
                0x08001b10       0x58 ./Core/Src/electronic_lock.o
                0x08001b10                init_change_password_character
 .text.change_password_number
                0x08001b68      0x4b0 ./Core/Src/electronic_lock.o
                0x08001b68                change_password_number
 .text.change_password_character
                0x08002018      0x4f4 ./Core/Src/electronic_lock.o
                0x08002018                change_password_character
 .text.MX_FSMC_Init
                0x0800250c       0xf4 ./Core/Src/fsmc.o
                0x0800250c                MX_FSMC_Init
 .text.HAL_FSMC_MspInit
                0x08002600       0x98 ./Core/Src/fsmc.o
 .text.HAL_SRAM_MspInit
                0x08002698       0x14 ./Core/Src/fsmc.o
                0x08002698                HAL_SRAM_MspInit
 .text.MX_GPIO_Init
                0x080026ac      0x1dc ./Core/Src/gpio.o
                0x080026ac                MX_GPIO_Init
 .text.LCD_WR_REG
                0x08002888       0x20 ./Core/Src/lcd.o
                0x08002888                LCD_WR_REG
 .text.LCD_WR_DATA
                0x080028a8       0x20 ./Core/Src/lcd.o
 .text.LCD_RD_DATA
                0x080028c8       0x24 ./Core/Src/lcd.o
 .text.lcd_set_address
                0x080028ec       0x98 ./Core/Src/lcd.o
                0x080028ec                lcd_set_address
 .text.lcd_clear
                0x08002984       0x64 ./Core/Src/lcd.o
                0x08002984                lcd_clear
 .text.lcd_fill
                0x080029e8       0x6c ./Core/Src/lcd.o
                0x080029e8                lcd_fill
 .text.lcd_draw_point
                0x08002a54       0x2e ./Core/Src/lcd.o
                0x08002a54                lcd_draw_point
 *fill*         0x08002a82        0x2 
 .text.lcd_show_char
                0x08002a84      0x1a0 ./Core/Src/lcd.o
                0x08002a84                lcd_show_char
 .text.mypow    0x08002c24       0x38 ./Core/Src/lcd.o
 .text.lcd_show_int_num
                0x08002c5c       0xfc ./Core/Src/lcd.o
                0x08002c5c                lcd_show_int_num
 .text.lcd_show_picture
                0x08002d58       0xae ./Core/Src/lcd.o
                0x08002d58                lcd_show_picture
 *fill*         0x08002e06        0x2 
 .text.lcd_set_direction
                0x08002e08       0x44 ./Core/Src/lcd.o
                0x08002e08                lcd_set_direction
 .text.lcd_init
                0x08002e4c      0x2c0 ./Core/Src/lcd.o
                0x08002e4c                lcd_init
 .text.lcd_show_string
                0x0800310c       0xc8 ./Core/Src/lcd.o
                0x0800310c                lcd_show_string
 .text.lcd_show_string_center
                0x080031d4       0x64 ./Core/Src/lcd.o
                0x080031d4                lcd_show_string_center
 .text.led_7seg_init
                0x08003238       0x18 ./Core/Src/led_7seg.o
                0x08003238                led_7seg_init
 .text.led_7seg_display
                0x08003250      0x11c ./Core/Src/led_7seg.o
                0x08003250                led_7seg_display
 .text.led_7seg_set_digit
                0x0800336c       0x78 ./Core/Src/led_7seg.o
                0x0800336c                led_7seg_set_digit
 .text.led_7seg_clear_pos
                0x080033e4       0x30 ./Core/Src/led_7seg.o
                0x080033e4                led_7seg_clear_pos
 .text.main     0x08003414       0x4c ./Core/Src/main.o
                0x08003414                main
 .text.SystemClock_Config
                0x08003460       0xd4 ./Core/Src/main.o
                0x08003460                SystemClock_Config
 .text.init_system
                0x08003534       0x54 ./Core/Src/main.o
                0x08003534                init_system
 .text.HAL_TIM_PeriodElapsedCallback
                0x08003588       0x1e ./Core/Src/main.o
                0x08003588                HAL_TIM_PeriodElapsedCallback
 .text.Error_Handler
                0x080035a6        0xc ./Core/Src/main.o
                0x080035a6                Error_Handler
 *fill*         0x080035b2        0x2 
 .text.timer_init
                0x080035b4       0x28 ./Core/Src/software_timer.o
                0x080035b4                timer_init
 .text.setTimer
                0x080035dc       0x38 ./Core/Src/software_timer.o
                0x080035dc                setTimer
 .text.isTimerExpired
                0x08003614       0x2c ./Core/Src/software_timer.o
                0x08003614                isTimerExpired
 .text.timerRun
                0x08003640       0x60 ./Core/Src/software_timer.o
                0x08003640                timerRun
 .text.MX_SPI1_Init
                0x080036a0       0x6c ./Core/Src/spi.o
                0x080036a0                MX_SPI1_Init
 .text.HAL_SPI_MspInit
                0x0800370c       0x90 ./Core/Src/spi.o
                0x0800370c                HAL_SPI_MspInit
 .text.HAL_MspInit
                0x0800379c       0x50 ./Core/Src/stm32f4xx_hal_msp.o
                0x0800379c                HAL_MspInit
 .text.NMI_Handler
                0x080037ec        0x8 ./Core/Src/stm32f4xx_it.o
                0x080037ec                NMI_Handler
 .text.HardFault_Handler
                0x080037f4        0x8 ./Core/Src/stm32f4xx_it.o
                0x080037f4                HardFault_Handler
 .text.MemManage_Handler
                0x080037fc        0x8 ./Core/Src/stm32f4xx_it.o
                0x080037fc                MemManage_Handler
 .text.BusFault_Handler
                0x08003804        0x8 ./Core/Src/stm32f4xx_it.o
                0x08003804                BusFault_Handler
 .text.UsageFault_Handler
                0x0800380c        0x8 ./Core/Src/stm32f4xx_it.o
                0x0800380c                UsageFault_Handler
 .text.SVC_Handler
                0x08003814        0xe ./Core/Src/stm32f4xx_it.o
                0x08003814                SVC_Handler
 .text.DebugMon_Handler
                0x08003822        0xe ./Core/Src/stm32f4xx_it.o
                0x08003822                DebugMon_Handler
 .text.PendSV_Handler
                0x08003830        0xe ./Core/Src/stm32f4xx_it.o
                0x08003830                PendSV_Handler
 .text.SysTick_Handler
                0x0800383e        0xc ./Core/Src/stm32f4xx_it.o
                0x0800383e                SysTick_Handler
 *fill*         0x0800384a        0x2 
 .text.TIM2_IRQHandler
                0x0800384c       0x14 ./Core/Src/stm32f4xx_it.o
                0x0800384c                TIM2_IRQHandler
 .text.TIM4_IRQHandler
                0x08003860       0x14 ./Core/Src/stm32f4xx_it.o
                0x08003860                TIM4_IRQHandler
 .text.TIM8_UP_TIM13_IRQHandler
                0x08003874       0x14 ./Core/Src/stm32f4xx_it.o
                0x08003874                TIM8_UP_TIM13_IRQHandler
 .text.SystemInit
                0x08003888       0x24 ./Core/Src/system_stm32f4xx.o
                0x08003888                SystemInit
 .text.MX_TIM2_Init
                0x080038ac       0x98 ./Core/Src/tim.o
                0x080038ac                MX_TIM2_Init
 .text.MX_TIM4_Init
                0x08003944       0x9c ./Core/Src/tim.o
                0x08003944                MX_TIM4_Init
 .text.MX_TIM13_Init
                0x080039e0       0x9c ./Core/Src/tim.o
                0x080039e0                MX_TIM13_Init
 .text.HAL_TIM_Base_MspInit
                0x08003a7c       0xc4 ./Core/Src/tim.o
                0x08003a7c                HAL_TIM_Base_MspInit
 .text.HAL_TIM_MspPostInit
                0x08003b40       0x74 ./Core/Src/tim.o
                0x08003b40                HAL_TIM_MspPostInit
 .text.HAL_Init
                0x08003bb4       0x44 ./Drivers/STM32F4xx_HAL_Driver/Src/stm32f4xx_hal.o
                0x08003bb4                HAL_Init
 .text.HAL_InitTick
                0x08003bf8       0x60 ./Drivers/STM32F4xx_HAL_Driver/Src/stm32f4xx_hal.o
                0x08003bf8                HAL_InitTick
 .text.HAL_IncTick
                0x08003c58       0x28 ./Drivers/STM32F4xx_HAL_Driver/Src/stm32f4xx_hal.o
                0x08003c58                HAL_IncTick
 .text.HAL_GetTick
                0x08003c80       0x18 ./Drivers/STM32F4xx_HAL_Driver/Src/stm32f4xx_hal.o
                0x08003c80                HAL_GetTick
 .text.HAL_Delay
                0x08003c98       0x48 ./Drivers/STM32F4xx_HAL_Driver/Src/stm32f4xx_hal.o
                0x08003c98                HAL_Delay
 .text.__NVIC_SetPriorityGrouping
                0x08003ce0       0x48 ./Drivers/STM32F4xx_HAL_Driver/Src/stm32f4xx_hal_cortex.o
 .text.__NVIC_GetPriorityGrouping
                0x08003d28       0x1c ./Drivers/STM32F4xx_HAL_Driver/Src/stm32f4xx_hal_cortex.o
 .text.__NVIC_EnableIRQ
                0x08003d44       0x3c ./Drivers/STM32F4xx_HAL_Driver/Src/stm32f4xx_hal_cortex.o
 .text.__NVIC_SetPriority
                0x08003d80       0x54 ./Drivers/STM32F4xx_HAL_Driver/Src/stm32f4xx_hal_cortex.o
 .text.NVIC_EncodePriority
                0x08003dd4       0x66 ./Drivers/STM32F4xx_HAL_Driver/Src/stm32f4xx_hal_cortex.o
 *fill*         0x08003e3a        0x2 
 .text.SysTick_Config
                0x08003e3c       0x44 ./Drivers/STM32F4xx_HAL_Driver/Src/stm32f4xx_hal_cortex.o
 .text.HAL_NVIC_SetPriorityGrouping
                0x08003e80       0x16 ./Drivers/STM32F4xx_HAL_Driver/Src/stm32f4xx_hal_cortex.o
                0x08003e80                HAL_NVIC_SetPriorityGrouping
 .text.HAL_NVIC_SetPriority
                0x08003e96       0x38 ./Drivers/STM32F4xx_HAL_Driver/Src/stm32f4xx_hal_cortex.o
                0x08003e96                HAL_NVIC_SetPriority
 .text.HAL_NVIC_EnableIRQ
                0x08003ece       0x1c ./Drivers/STM32F4xx_HAL_Driver/Src/stm32f4xx_hal_cortex.o
                0x08003ece                HAL_NVIC_EnableIRQ
 .text.HAL_SYSTICK_Config
                0x08003eea       0x18 ./Drivers/STM32F4xx_HAL_Driver/Src/stm32f4xx_hal_cortex.o
                0x08003eea                HAL_SYSTICK_Config
 *fill*         0x08003f02        0x2 
 .text.HAL_GPIO_Init
                0x08003f04      0x338 ./Drivers/STM32F4xx_HAL_Driver/Src/stm32f4xx_hal_gpio.o
                0x08003f04                HAL_GPIO_Init
 .text.HAL_GPIO_WritePin
                0x0800423c       0x32 ./Drivers/STM32F4xx_HAL_Driver/Src/stm32f4xx_hal_gpio.o
                0x0800423c                HAL_GPIO_WritePin
 .text.HAL_GPIO_TogglePin
                0x0800426e       0x34 ./Drivers/STM32F4xx_HAL_Driver/Src/stm32f4xx_hal_gpio.o
                0x0800426e                HAL_GPIO_TogglePin
 *fill*         0x080042a2        0x2 
 .text.HAL_RCC_OscConfig
                0x080042a4      0x4f0 ./Drivers/STM32F4xx_HAL_Driver/Src/stm32f4xx_hal_rcc.o
                0x080042a4                HAL_RCC_OscConfig
 .text.HAL_RCC_ClockConfig
                0x08004794      0x1cc ./Drivers/STM32F4xx_HAL_Driver/Src/stm32f4xx_hal_rcc.o
                0x08004794                HAL_RCC_ClockConfig
 .text.HAL_RCC_GetSysClockFreq
                0x08004960      0x20c ./Drivers/STM32F4xx_HAL_Driver/Src/stm32f4xx_hal_rcc.o
                0x08004960                HAL_RCC_GetSysClockFreq
 .text.HAL_SPI_Init
                0x08004b6c      0x112 ./Drivers/STM32F4xx_HAL_Driver/Src/stm32f4xx_hal_spi.o
                0x08004b6c                HAL_SPI_Init
 .text.HAL_SPI_Transmit
                0x08004c7e      0x288 ./Drivers/STM32F4xx_HAL_Driver/Src/stm32f4xx_hal_spi.o
                0x08004c7e                HAL_SPI_Transmit
 .text.HAL_SPI_Receive
                0x08004f06      0x232 ./Drivers/STM32F4xx_HAL_Driver/Src/stm32f4xx_hal_spi.o
                0x08004f06                HAL_SPI_Receive
 .text.HAL_SPI_TransmitReceive
                0x08005138      0x352 ./Drivers/STM32F4xx_HAL_Driver/Src/stm32f4xx_hal_spi.o
                0x08005138                HAL_SPI_TransmitReceive
 *fill*         0x0800548a        0x2 
 .text.SPI_WaitFlagStateUntilTimeout
                0x0800548c      0x110 ./Drivers/STM32F4xx_HAL_Driver/Src/stm32f4xx_hal_spi.o
 .text.SPI_EndRxTransaction
                0x0800559c       0xca ./Drivers/STM32F4xx_HAL_Driver/Src/stm32f4xx_hal_spi.o
 *fill*         0x08005666        0x2 
 .text.SPI_EndRxTxTransaction
                0x08005668       0xa8 ./Drivers/STM32F4xx_HAL_Driver/Src/stm32f4xx_hal_spi.o
 .text.HAL_SRAM_Init
                0x08005710       0x90 ./Drivers/STM32F4xx_HAL_Driver/Src/stm32f4xx_hal_sram.o
                0x08005710                HAL_SRAM_Init
 .text.HAL_TIM_Base_Init
                0x080057a0       0x9e ./Drivers/STM32F4xx_HAL_Driver/Src/stm32f4xx_hal_tim.o
                0x080057a0                HAL_TIM_Base_Init
 *fill*         0x0800583e        0x2 
 .text.HAL_TIM_Base_Start_IT
                0x08005840       0xe0 ./Drivers/STM32F4xx_HAL_Driver/Src/stm32f4xx_hal_tim.o
                0x08005840                HAL_TIM_Base_Start_IT
 .text.HAL_TIM_PWM_Init
                0x08005920       0x9e ./Drivers/STM32F4xx_HAL_Driver/Src/stm32f4xx_hal_tim.o
                0x08005920                HAL_TIM_PWM_Init
 .text.HAL_TIM_PWM_MspInit
                0x080059be       0x14 ./Drivers/STM32F4xx_HAL_Driver/Src/stm32f4xx_hal_tim.o
                0x080059be                HAL_TIM_PWM_MspInit
 *fill*         0x080059d2        0x2 
 .text.HAL_TIM_PWM_Start
                0x080059d4      0x190 ./Drivers/STM32F4xx_HAL_Driver/Src/stm32f4xx_hal_tim.o
                0x080059d4                HAL_TIM_PWM_Start
 .text.HAL_TIM_PWM_Stop
                0x08005b64       0xe0 ./Drivers/STM32F4xx_HAL_Driver/Src/stm32f4xx_hal_tim.o
                0x08005b64                HAL_TIM_PWM_Stop
 .text.HAL_TIM_IRQHandler
                0x08005c44      0x1e0 ./Drivers/STM32F4xx_HAL_Driver/Src/stm32f4xx_hal_tim.o
                0x08005c44                HAL_TIM_IRQHandler
 .text.HAL_TIM_PWM_ConfigChannel
                0x08005e24      0x184 ./Drivers/STM32F4xx_HAL_Driver/Src/stm32f4xx_hal_tim.o
                0x08005e24                HAL_TIM_PWM_ConfigChannel
 .text.HAL_TIM_ConfigClockSource
                0x08005fa8      0x18e ./Drivers/STM32F4xx_HAL_Driver/Src/stm32f4xx_hal_tim.o
                0x08005fa8                HAL_TIM_ConfigClockSource
 .text.HAL_TIM_OC_DelayElapsedCallback
                0x08006136       0x14 ./Drivers/STM32F4xx_HAL_Driver/Src/stm32f4xx_hal_tim.o
                0x08006136                HAL_TIM_OC_DelayElapsedCallback
 .text.HAL_TIM_IC_CaptureCallback
                0x0800614a       0x14 ./Drivers/STM32F4xx_HAL_Driver/Src/stm32f4xx_hal_tim.o
                0x0800614a                HAL_TIM_IC_CaptureCallback
 .text.HAL_TIM_PWM_PulseFinishedCallback
                0x0800615e       0x14 ./Drivers/STM32F4xx_HAL_Driver/Src/stm32f4xx_hal_tim.o
                0x0800615e                HAL_TIM_PWM_PulseFinishedCallback
 .text.HAL_TIM_TriggerCallback
                0x08006172       0x14 ./Drivers/STM32F4xx_HAL_Driver/Src/stm32f4xx_hal_tim.o
                0x08006172                HAL_TIM_TriggerCallback
 *fill*         0x08006186        0x2 
 .text.TIM_Base_SetConfig
                0x08006188      0x14c ./Drivers/STM32F4xx_HAL_Driver/Src/stm32f4xx_hal_tim.o
                0x08006188                TIM_Base_SetConfig
 .text.TIM_OC1_SetConfig
                0x080062d4       0xe0 ./Drivers/STM32F4xx_HAL_Driver/Src/stm32f4xx_hal_tim.o
 .text.TIM_OC2_SetConfig
                0x080063b4       0xec ./Drivers/STM32F4xx_HAL_Driver/Src/stm32f4xx_hal_tim.o
                0x080063b4                TIM_OC2_SetConfig
 .text.TIM_OC3_SetConfig
                0x080064a0       0xe8 ./Drivers/STM32F4xx_HAL_Driver/Src/stm32f4xx_hal_tim.o
 .text.TIM_OC4_SetConfig
                0x08006588       0xac ./Drivers/STM32F4xx_HAL_Driver/Src/stm32f4xx_hal_tim.o
 .text.TIM_TI1_ConfigInputStage
                0x08006634       0x5e ./Drivers/STM32F4xx_HAL_Driver/Src/stm32f4xx_hal_tim.o
 .text.TIM_TI2_ConfigInputStage
                0x08006692       0x60 ./Drivers/STM32F4xx_HAL_Driver/Src/stm32f4xx_hal_tim.o
 .text.TIM_ITRx_SetConfig
                0x080066f2       0x36 ./Drivers/STM32F4xx_HAL_Driver/Src/stm32f4xx_hal_tim.o
 .text.TIM_ETR_SetConfig
                0x08006728       0x40 ./Drivers/STM32F4xx_HAL_Driver/Src/stm32f4xx_hal_tim.o
                0x08006728                TIM_ETR_SetConfig
 .text.TIM_CCxChannelCmd
                0x08006768       0x4a ./Drivers/STM32F4xx_HAL_Driver/Src/stm32f4xx_hal_tim.o
                0x08006768                TIM_CCxChannelCmd
 *fill*         0x080067b2        0x2 
 .text.HAL_TIMEx_MasterConfigSynchronization
                0x080067b4       0xf8 ./Drivers/STM32F4xx_HAL_Driver/Src/stm32f4xx_hal_tim_ex.o
                0x080067b4                HAL_TIMEx_MasterConfigSynchronization
 .text.HAL_TIMEx_CommutCallback
                0x080068ac       0x14 ./Drivers/STM32F4xx_HAL_Driver/Src/stm32f4xx_hal_tim_ex.o
                0x080068ac                HAL_TIMEx_CommutCallback
 .text.HAL_TIMEx_BreakCallback
                0x080068c0       0x14 ./Drivers/STM32F4xx_HAL_Driver/Src/stm32f4xx_hal_tim_ex.o
                0x080068c0                HAL_TIMEx_BreakCallback
 .text.FSMC_NORSRAM_Init
                0x080068d4       0xd4 ./Drivers/STM32F4xx_HAL_Driver/Src/stm32f4xx_ll_fsmc.o
                0x080068d4                FSMC_NORSRAM_Init
 .text.FSMC_NORSRAM_Timing_Init
                0x080069a8       0x5c ./Drivers/STM32F4xx_HAL_Driver/Src/stm32f4xx_ll_fsmc.o
                0x080069a8                FSMC_NORSRAM_Timing_Init
 .text.FSMC_NORSRAM_Extended_Timing_Init
                0x08006a04       0x70 ./Drivers/STM32F4xx_HAL_Driver/Src/stm32f4xx_ll_fsmc.o
                0x08006a04                FSMC_NORSRAM_Extended_Timing_Init
 .text.memset   0x08006a74       0x10 D:/STM32CubeIDE_1.19.0/STM32CubeIDE/plugins/com.st.stm32cube.ide.mcu.externaltools.gnu-tools-for-stm32.13.3.rel1.win32_1.0.0.202411081344/tools/bin/../lib/gcc/arm-none-eabi/13.3.1/../../../../arm-none-eabi/lib/thumb/v7e-m+fp/hard\libc_nano.a(libc_a-memset.o)
                0x08006a74                memset
 .text.__libc_init_array
                0x08006a84       0x48 D:/STM32CubeIDE_1.19.0/STM32CubeIDE/plugins/com.st.stm32cube.ide.mcu.externaltools.gnu-tools-for-stm32.13.3.rel1.win32_1.0.0.202411081344/tools/bin/../lib/gcc/arm-none-eabi/13.3.1/../../../../arm-none-eabi/lib/thumb/v7e-m+fp/hard\libc_nano.a(libc_a-init.o)
                0x08006a84                __libc_init_array
 *(.glue_7)
 .glue_7        0x08006acc        0x0 linker stubs
 *(.glue_7t)
 .glue_7t       0x08006acc        0x0 linker stubs
 *(.eh_frame)
 .eh_frame      0x08006acc        0x0 D:/STM32CubeIDE_1.19.0/STM32CubeIDE/plugins/com.st.stm32cube.ide.mcu.externaltools.gnu-tools-for-stm32.13.3.rel1.win32_1.0.0.202411081344/tools/bin/../lib/gcc/arm-none-eabi/13.3.1/thumb/v7e-m+fp/hard/crtbegin.o
 *(.init)
 .init          0x08006acc        0x4 D:/STM32CubeIDE_1.19.0/STM32CubeIDE/plugins/com.st.stm32cube.ide.mcu.externaltools.gnu-tools-for-stm32.13.3.rel1.win32_1.0.0.202411081344/tools/bin/../lib/gcc/arm-none-eabi/13.3.1/thumb/v7e-m+fp/hard/crti.o
                0x08006acc                _init
 .init          0x08006ad0        0x8 D:/STM32CubeIDE_1.19.0/STM32CubeIDE/plugins/com.st.stm32cube.ide.mcu.externaltools.gnu-tools-for-stm32.13.3.rel1.win32_1.0.0.202411081344/tools/bin/../lib/gcc/arm-none-eabi/13.3.1/thumb/v7e-m+fp/hard/crtn.o
 *(.fini)
 .fini          0x08006ad8        0x4 D:/STM32CubeIDE_1.19.0/STM32CubeIDE/plugins/com.st.stm32cube.ide.mcu.externaltools.gnu-tools-for-stm32.13.3.rel1.win32_1.0.0.202411081344/tools/bin/../lib/gcc/arm-none-eabi/13.3.1/thumb/v7e-m+fp/hard/crti.o
                0x08006ad8                _fini
 .fini          0x08006adc        0x8 D:/STM32CubeIDE_1.19.0/STM32CubeIDE/plugins/com.st.stm32cube.ide.mcu.externaltools.gnu-tools-for-stm32.13.3.rel1.win32_1.0.0.202411081344/tools/bin/../lib/gcc/arm-none-eabi/13.3.1/thumb/v7e-m+fp/hard/crtn.o
                0x08006ae4                        . = ALIGN (0x4)
                0x08006ae4                        _etext = .

.vfp11_veneer   0x08006ae4        0x0
 .vfp11_veneer  0x08006ae4        0x0 linker stubs

.v4_bx          0x08006ae4        0x0
 .v4_bx         0x08006ae4        0x0 linker stubs

.iplt           0x08006ae4        0x0
 .iplt          0x08006ae4        0x0 D:/STM32CubeIDE_1.19.0/STM32CubeIDE/plugins/com.st.stm32cube.ide.mcu.externaltools.gnu-tools-for-stm32.13.3.rel1.win32_1.0.0.202411081344/tools/bin/../lib/gcc/arm-none-eabi/13.3.1/thumb/v7e-m+fp/hard/crtbegin.o

.rodata         0x08006ae4    0x2f814
                0x08006ae4                        . = ALIGN (0x4)
 *(.rodata)
 .rodata        0x08006ae4      0x16b ./Core/Src/electronic_lock.o
 *(.rodata*)
 *fill*         0x08006c4f        0x1 
 .rodata.ascii_1608
                0x08006c50      0x5f0 ./Core/Src/lcd.o
                0x08006c50                ascii_1608
 .rodata.ascii_2412
                0x08007240     0x11d0 ./Core/Src/lcd.o
                0x08007240                ascii_2412
 .rodata.ascii_3216
                0x08008410     0x17c0 ./Core/Src/lcd.o
                0x08008410                ascii_3216
 .rodata.gImage_ini_key_num
                0x08009bd0    0x11580 ./Core/Src/picture.o
                0x08009bd0                gImage_ini_key_num
 .rodata.gImage_door_close
                0x0801b150     0x4380 ./Core/Src/picture.o
                0x0801b150                gImage_door_close
 .rodata.gImage_ini_key_char
                0x0801f4d0    0x11580 ./Core/Src/picture.o
                0x0801f4d0                gImage_ini_key_char
 .rodata.gImage_locked
                0x08030a50      0x708 ./Core/Src/picture.o
                0x08030a50                gImage_locked
 .rodata.gImage_unlocked
                0x08031158      0x708 ./Core/Src/picture.o
                0x08031158                gImage_unlocked
 .rodata.gImage_door_open
                0x08031860     0x4380 ./Core/Src/picture.o
                0x08031860                gImage_door_open
 .rodata.gImage_alert
                0x08035be0      0x708 ./Core/Src/picture.o
                0x08035be0                gImage_alert
 .rodata.AHBPrescTable
                0x080362e8       0x10 ./Core/Src/system_stm32f4xx.o
                0x080362e8                AHBPrescTable
                0x080362f8                        . = ALIGN (0x4)

.ARM.extab      0x080362f8        0x0
                0x080362f8                        . = ALIGN (0x4)
 *(.ARM.extab* .gnu.linkonce.armextab.*)
                0x080362f8                        . = ALIGN (0x4)

.ARM            0x080362f8        0x8
                0x080362f8                        . = ALIGN (0x4)
                0x080362f8                        __exidx_start = .
 *(.ARM.exidx*)
 .ARM.exidx     0x080362f8        0x8 D:/STM32CubeIDE_1.19.0/STM32CubeIDE/plugins/com.st.stm32cube.ide.mcu.externaltools.gnu-tools-for-stm32.13.3.rel1.win32_1.0.0.202411081344/tools/bin/../lib/gcc/arm-none-eabi/13.3.1/../../../../arm-none-eabi/lib/thumb/v7e-m+fp/hard\libc_nano.a(libc_a-strlen.o)
 .ARM.exidx     0x08036300        0x0 D:/STM32CubeIDE_1.19.0/STM32CubeIDE/plugins/com.st.stm32cube.ide.mcu.externaltools.gnu-tools-for-stm32.13.3.rel1.win32_1.0.0.202411081344/tools/bin/../lib/gcc/arm-none-eabi/13.3.1/thumb/v7e-m+fp/hard\libgcc.a(_udivmoddi4.o)
                                  0x8 (size before relaxing)
                0x08036300                        __exidx_end = .
                0x08036300                        . = ALIGN (0x4)

.preinit_array  0x08036300        0x0
                0x08036300                        . = ALIGN (0x4)
                0x08036300                        PROVIDE (__preinit_array_start = .)
 *(.preinit_array*)
                0x08036300                        PROVIDE (__preinit_array_end = .)
                0x08036300                        . = ALIGN (0x4)

.init_array     0x08036300        0x4
                0x08036300                        . = ALIGN (0x4)
                0x08036300                        PROVIDE (__init_array_start = .)
 *(SORT_BY_NAME(.init_array.*))
 *(.init_array*)
 .init_array    0x08036300        0x4 D:/STM32CubeIDE_1.19.0/STM32CubeIDE/plugins/com.st.stm32cube.ide.mcu.externaltools.gnu-tools-for-stm32.13.3.rel1.win32_1.0.0.202411081344/tools/bin/../lib/gcc/arm-none-eabi/13.3.1/thumb/v7e-m+fp/hard/crtbegin.o
                0x08036304                        PROVIDE (__init_array_end = .)
                0x08036304                        . = ALIGN (0x4)

.fini_array     0x08036304        0x4
                0x08036304                        . = ALIGN (0x4)
                [!provide]                        PROVIDE (__fini_array_start = .)
 *(SORT_BY_NAME(.fini_array.*))
 *(.fini_array*)
 .fini_array    0x08036304        0x4 D:/STM32CubeIDE_1.19.0/STM32CubeIDE/plugins/com.st.stm32cube.ide.mcu.externaltools.gnu-tools-for-stm32.13.3.rel1.win32_1.0.0.202411081344/tools/bin/../lib/gcc/arm-none-eabi/13.3.1/thumb/v7e-m+fp/hard/crtbegin.o
                [!provide]                        PROVIDE (__fini_array_end = .)
                0x08036308                        . = ALIGN (0x4)
                0x08036308                        _sidata = LOADADDR (.data)

.rel.dyn        0x08036308        0x0
 .rel.iplt      0x08036308        0x0 D:/STM32CubeIDE_1.19.0/STM32CubeIDE/plugins/com.st.stm32cube.ide.mcu.externaltools.gnu-tools-for-stm32.13.3.rel1.win32_1.0.0.202411081344/tools/bin/../lib/gcc/arm-none-eabi/13.3.1/thumb/v7e-m+fp/hard/crtbegin.o

.data           0x20000000       0x30 load address 0x08036308
                0x20000000                        . = ALIGN (0x4)
                0x20000000                        _sdata = .
 *(.data)
 *(.data*)
 .data.keyboard_state
                0x20000000        0x1 ./Core/Src/electronic_lock.o
                0x20000000                keyboard_state
 *fill*         0x20000001        0x3 
 .data.correct_password
                0x20000004        0x4 ./Core/Src/electronic_lock.o
                0x20000004                correct_password
 .data.idle_first_input
                0x20000008        0x1 ./Core/Src/electronic_lock.o
                0x20000008                idle_first_input
 *fill*         0x20000009        0x3 
 .data.led_7seg
                0x2000000c        0x4 ./Core/Src/led_7seg.o
 .data.led_7seg_map_of_output
                0x20000010       0x10 ./Core/Src/led_7seg.o
 .data.spi_buffer
                0x20000020        0x2 ./Core/Src/led_7seg.o
 *fill*         0x20000022        0x2 
 .data.SystemCoreClock
                0x20000024        0x4 ./Core/Src/system_stm32f4xx.o
                0x20000024                SystemCoreClock
 .data.uwTickPrio
                0x20000028        0x4 ./Drivers/STM32F4xx_HAL_Driver/Src/stm32f4xx_hal.o
                0x20000028                uwTickPrio
 .data.uwTickFreq
                0x2000002c        0x1 ./Drivers/STM32F4xx_HAL_Driver/Src/stm32f4xx_hal.o
                0x2000002c                uwTickFreq
 *(.RamFunc)
 *(.RamFunc*)
                0x20000030                        . = ALIGN (0x4)
 *fill*         0x2000002d        0x3 
                0x20000030                        _edata = .
                0x08036338                        _siccmram = LOADADDR (.ccmram)

.igot.plt       0x20000030        0x0 load address 0x08036338
 .igot.plt      0x20000030        0x0 D:/STM32CubeIDE_1.19.0/STM32CubeIDE/plugins/com.st.stm32cube.ide.mcu.externaltools.gnu-tools-for-stm32.13.3.rel1.win32_1.0.0.202411081344/tools/bin/../lib/gcc/arm-none-eabi/13.3.1/thumb/v7e-m+fp/hard/crtbegin.o

.ccmram         0x10000000        0x0 load address 0x08036338
                0x10000000                        . = ALIGN (0x4)
                0x10000000                        _sccmram = .
 *(.ccmram)
 *(.ccmram*)
                0x10000000                        . = ALIGN (0x4)
                0x10000000                        _eccmram = .
                0x10000000                        . = ALIGN (0x4)

.bss            0x20000030      0x214
                0x20000030                        _sbss = .
                0x20000030                        __bss_start__ = _sbss
 *(.bss)
 .bss           0x20000030       0x1c D:/STM32CubeIDE_1.19.0/STM32CubeIDE/plugins/com.st.stm32cube.ide.mcu.externaltools.gnu-tools-for-stm32.13.3.rel1.win32_1.0.0.202411081344/tools/bin/../lib/gcc/arm-none-eabi/13.3.1/thumb/v7e-m+fp/hard/crtbegin.o
 *(.bss*)
 .bss.button_count
                0x2000004c       0x20 ./Core/Src/button.o
                0x2000004c                button_count
 .bss.button_spi_buffer
                0x2000006c        0x2 ./Core/Src/button.o
 .bss.electronic_lock_state
                0x2000006e        0x1 ./Core/Src/electronic_lock.o
                0x2000006e                electronic_lock_state
 .bss.entered_index
                0x2000006f        0x1 ./Core/Src/electronic_lock.o
                0x2000006f                entered_index
 .bss.entered_password
                0x20000070        0x4 ./Core/Src/electronic_lock.o
                0x20000070                entered_password
 .bss.prev_pressed
                0x20000074       0x10 ./Core/Src/electronic_lock.o
 .bss.wrong_counter
                0x20000084        0x1 ./Core/Src/electronic_lock.o
 .bss.lock_level
                0x20000085        0x1 ./Core/Src/electronic_lock.o
                0x20000085                lock_level
 *fill*         0x20000086        0x2 
 .bss.lockout_remaining_ms
                0x20000088        0x4 ./Core/Src/electronic_lock.o
                0x20000088                lockout_remaining_ms
 .bss.change_stage
                0x2000008c        0x1 ./Core/Src/electronic_lock.o
 *fill*         0x2000008d        0x3 
 .bss.old_password_input
                0x20000090        0x4 ./Core/Src/electronic_lock.o
 .bss.new_password_input
                0x20000094        0x4 ./Core/Src/electronic_lock.o
 .bss.confirm_password_input
                0x20000098        0x4 ./Core/Src/electronic_lock.o
 .bss.change_password_index
                0x2000009c        0x1 ./Core/Src/electronic_lock.o
 .bss.change_password_wrong_count
                0x2000009d        0x1 ./Core/Src/electronic_lock.o
 *fill*         0x2000009e        0x2 
 .bss.hsram1    0x200000a0       0x50 ./Core/Src/fsmc.o
                0x200000a0                hsram1
 .bss.FSMC_Initialized
                0x200000f0        0x4 ./Core/Src/fsmc.o
 .bss.lcddev    0x200000f4        0x6 ./Core/Src/lcd.o
                0x200000f4                lcddev
 .bss.led_7seg_index
                0x200000fa        0x2 ./Core/Src/led_7seg.o
 .bss.timer_counter
                0x200000fc        0xa ./Core/Src/software_timer.o
                0x200000fc                timer_counter
 *fill*         0x20000106        0x2 
 .bss.timer_flag
                0x20000108        0x5 ./Core/Src/software_timer.o
                0x20000108                timer_flag
 *fill*         0x2000010d        0x3 
 .bss.hspi1     0x20000110       0x58 ./Core/Src/spi.o
                0x20000110                hspi1
 .bss.htim2     0x20000168       0x48 ./Core/Src/tim.o
                0x20000168                htim2
 .bss.htim4     0x200001b0       0x48 ./Core/Src/tim.o
                0x200001b0                htim4
 .bss.htim13    0x200001f8       0x48 ./Core/Src/tim.o
                0x200001f8                htim13
 .bss.uwTick    0x20000240        0x4 ./Drivers/STM32F4xx_HAL_Driver/Src/stm32f4xx_hal.o
                0x20000240                uwTick
 *(COMMON)
                0x20000244                        . = ALIGN (0x4)
                0x20000244                        _ebss = .
                0x20000244                        __bss_end__ = _ebss

._user_heap_stack
                0x20000244      0x604
                0x20000248                        . = ALIGN (0x8)
 *fill*         0x20000244        0x4 
                [!provide]                        PROVIDE (end = .)
                0x20000248                        PROVIDE (_end = .)
                0x20000448                        . = (. + _Min_Heap_Size)
 *fill*         0x20000248      0x200 
                0x20000848                        . = (. + _Min_Stack_Size)
 *fill*         0x20000448      0x400 
                0x20000848                        . = ALIGN (0x8)

/DISCARD/
 libc.a(*)
 libm.a(*)
 libgcc.a(*)

.ARM.attributes
                0x00000000       0x30
 *(.ARM.attributes)
 .ARM.attributes
                0x00000000       0x22 D:/STM32CubeIDE_1.19.0/STM32CubeIDE/plugins/com.st.stm32cube.ide.mcu.externaltools.gnu-tools-for-stm32.13.3.rel1.win32_1.0.0.202411081344/tools/bin/../lib/gcc/arm-none-eabi/13.3.1/thumb/v7e-m+fp/hard/crti.o
 .ARM.attributes
                0x00000022       0x34 D:/STM32CubeIDE_1.19.0/STM32CubeIDE/plugins/com.st.stm32cube.ide.mcu.externaltools.gnu-tools-for-stm32.13.3.rel1.win32_1.0.0.202411081344/tools/bin/../lib/gcc/arm-none-eabi/13.3.1/thumb/v7e-m+fp/hard/crtbegin.o
 .ARM.attributes
                0x00000056       0x21 ./.settings/Core/Startup/startup_stm32f407zetx.o
 .ARM.attributes
                0x00000077       0x34 ./Core/Src/button.o
 .ARM.attributes
                0x000000ab       0x34 ./Core/Src/buzzer.o
 .ARM.attributes
                0x000000df       0x34 ./Core/Src/electronic_lock.o
 .ARM.attributes
                0x00000113       0x34 ./Core/Src/fsmc.o
 .ARM.attributes
                0x00000147       0x34 ./Core/Src/gpio.o
 .ARM.attributes
                0x0000017b       0x34 ./Core/Src/lcd.o
 .ARM.attributes
                0x000001af       0x34 ./Core/Src/led_7seg.o
 .ARM.attributes
                0x000001e3       0x34 ./Core/Src/main.o
 .ARM.attributes
                0x00000217       0x34 ./Core/Src/picture.o
 .ARM.attributes
                0x0000024b       0x34 ./Core/Src/software_timer.o
 .ARM.attributes
                0x0000027f       0x34 ./Core/Src/spi.o
 .ARM.attributes
                0x000002b3       0x34 ./Core/Src/stm32f4xx_hal_msp.o
 .ARM.attributes
                0x000002e7       0x34 ./Core/Src/stm32f4xx_it.o
 .ARM.attributes
                0x0000031b       0x34 ./Core/Src/system_stm32f4xx.o
 .ARM.attributes
                0x0000034f       0x34 ./Core/Src/tim.o
 .ARM.attributes
                0x00000383       0x34 ./Drivers/STM32F4xx_HAL_Driver/Src/stm32f4xx_hal.o
 .ARM.attributes
                0x000003b7       0x34 ./Drivers/STM32F4xx_HAL_Driver/Src/stm32f4xx_hal_cortex.o
 .ARM.attributes
                0x000003eb       0x34 ./Drivers/STM32F4xx_HAL_Driver/Src/stm32f4xx_hal_gpio.o
 .ARM.attributes
                0x0000041f       0x34 ./Drivers/STM32F4xx_HAL_Driver/Src/stm32f4xx_hal_rcc.o
 .ARM.attributes
                0x00000453       0x34 ./Drivers/STM32F4xx_HAL_Driver/Src/stm32f4xx_hal_spi.o
 .ARM.attributes
                0x00000487       0x34 ./Drivers/STM32F4xx_HAL_Driver/Src/stm32f4xx_hal_sram.o
 .ARM.attributes
                0x000004bb       0x34 ./Drivers/STM32F4xx_HAL_Driver/Src/stm32f4xx_hal_tim.o
 .ARM.attributes
                0x000004ef       0x34 ./Drivers/STM32F4xx_HAL_Driver/Src/stm32f4xx_hal_tim_ex.o
 .ARM.attributes
                0x00000523       0x34 ./Drivers/STM32F4xx_HAL_Driver/Src/stm32f4xx_ll_fsmc.o
 .ARM.attributes
                0x00000557       0x34 D:/STM32CubeIDE_1.19.0/STM32CubeIDE/plugins/com.st.stm32cube.ide.mcu.externaltools.gnu-tools-for-stm32.13.3.rel1.win32_1.0.0.202411081344/tools/bin/../lib/gcc/arm-none-eabi/13.3.1/../../../../arm-none-eabi/lib/thumb/v7e-m+fp/hard\libc_nano.a(libc_a-memset.o)
 .ARM.attributes
                0x0000058b       0x34 D:/STM32CubeIDE_1.19.0/STM32CubeIDE/plugins/com.st.stm32cube.ide.mcu.externaltools.gnu-tools-for-stm32.13.3.rel1.win32_1.0.0.202411081344/tools/bin/../lib/gcc/arm-none-eabi/13.3.1/../../../../arm-none-eabi/lib/thumb/v7e-m+fp/hard\libc_nano.a(libc_a-init.o)
 .ARM.attributes
                0x000005bf       0x17 D:/STM32CubeIDE_1.19.0/STM32CubeIDE/plugins/com.st.stm32cube.ide.mcu.externaltools.gnu-tools-for-stm32.13.3.rel1.win32_1.0.0.202411081344/tools/bin/../lib/gcc/arm-none-eabi/13.3.1/../../../../arm-none-eabi/lib/thumb/v7e-m+fp/hard\libc_nano.a(libc_a-strlen.o)
 .ARM.attributes
                0x000005d6       0x22 D:/STM32CubeIDE_1.19.0/STM32CubeIDE/plugins/com.st.stm32cube.ide.mcu.externaltools.gnu-tools-for-stm32.13.3.rel1.win32_1.0.0.202411081344/tools/bin/../lib/gcc/arm-none-eabi/13.3.1/thumb/v7e-m+fp/hard\libgcc.a(_aeabi_uldivmod.o)
 .ARM.attributes
                0x000005f8       0x34 D:/STM32CubeIDE_1.19.0/STM32CubeIDE/plugins/com.st.stm32cube.ide.mcu.externaltools.gnu-tools-for-stm32.13.3.rel1.win32_1.0.0.202411081344/tools/bin/../lib/gcc/arm-none-eabi/13.3.1/thumb/v7e-m+fp/hard\libgcc.a(_udivmoddi4.o)
 .ARM.attributes
                0x0000062c       0x22 D:/STM32CubeIDE_1.19.0/STM32CubeIDE/plugins/com.st.stm32cube.ide.mcu.externaltools.gnu-tools-for-stm32.13.3.rel1.win32_1.0.0.202411081344/tools/bin/../lib/gcc/arm-none-eabi/13.3.1/thumb/v7e-m+fp/hard\libgcc.a(_dvmd_tls.o)
 .ARM.attributes
                0x0000064e       0x22 D:/STM32CubeIDE_1.19.0/STM32CubeIDE/plugins/com.st.stm32cube.ide.mcu.externaltools.gnu-tools-for-stm32.13.3.rel1.win32_1.0.0.202411081344/tools/bin/../lib/gcc/arm-none-eabi/13.3.1/thumb/v7e-m+fp/hard/crtn.o
OUTPUT(LogicDesignProject.elf elf32-littlearm)
LOAD linker stubs
LOAD D:/STM32CubeIDE_1.19.0/STM32CubeIDE/plugins/com.st.stm32cube.ide.mcu.externaltools.gnu-tools-for-stm32.13.3.rel1.win32_1.0.0.202411081344/tools/bin/../lib/gcc/arm-none-eabi/13.3.1/../../../../arm-none-eabi/lib/thumb/v7e-m+fp/hard\libc.a
LOAD D:/STM32CubeIDE_1.19.0/STM32CubeIDE/plugins/com.st.stm32cube.ide.mcu.externaltools.gnu-tools-for-stm32.13.3.rel1.win32_1.0.0.202411081344/tools/bin/../lib/gcc/arm-none-eabi/13.3.1/../../../../arm-none-eabi/lib/thumb/v7e-m+fp/hard\libm.a
LOAD D:/STM32CubeIDE_1.19.0/STM32CubeIDE/plugins/com.st.stm32cube.ide.mcu.externaltools.gnu-tools-for-stm32.13.3.rel1.win32_1.0.0.202411081344/tools/bin/../lib/gcc/arm-none-eabi/13.3.1/thumb/v7e-m+fp/hard\libgcc.a

.debug_line     0x00000000    0x1415f
 .debug_line    0x00000000       0x7a ./.settings/Core/Startup/startup_stm32f407zetx.o
 .debug_line    0x0000007a      0x7ea ./Core/Src/button.o
 .debug_line    0x00000864      0x7c4 ./Core/Src/buzzer.o
 .debug_line    0x00001028     0x1802 ./Core/Src/electronic_lock.o
 .debug_line    0x0000282a      0x871 ./Core/Src/fsmc.o
 .debug_line    0x0000309b      0x7b4 ./Core/Src/gpio.o
 .debug_line    0x0000384f      0xf8d ./Core/Src/lcd.o
 .debug_line    0x000047dc      0x8a3 ./Core/Src/led_7seg.o
 .debug_line    0x0000507f      0x8d5 ./Core/Src/main.o
 .debug_line    0x00005954       0x4f ./Core/Src/picture.o
 .debug_line    0x000059a3      0x80d ./Core/Src/software_timer.o
 .debug_line    0x000061b0      0x7de ./Core/Src/spi.o
 .debug_line    0x0000698e      0x768 ./Core/Src/stm32f4xx_hal_msp.o
 .debug_line    0x000070f6      0x85f ./Core/Src/stm32f4xx_it.o
 .debug_line    0x00007955      0x7de ./Core/Src/system_stm32f4xx.o
 .debug_line    0x00008133      0x912 ./Core/Src/tim.o
 .debug_line    0x00008a45      0xa5a ./Drivers/STM32F4xx_HAL_Driver/Src/stm32f4xx_hal.o
 .debug_line    0x0000949f      0xd2a ./Drivers/STM32F4xx_HAL_Driver/Src/stm32f4xx_hal_cortex.o
 .debug_line    0x0000a1c9      0xbb2 ./Drivers/STM32F4xx_HAL_Driver/Src/stm32f4xx_hal_gpio.o
 .debug_line    0x0000ad7b      0xe69 ./Drivers/STM32F4xx_HAL_Driver/Src/stm32f4xx_hal_rcc.o
 .debug_line    0x0000bbe4     0x1cf5 ./Drivers/STM32F4xx_HAL_Driver/Src/stm32f4xx_hal_spi.o
 .debug_line    0x0000d8d9      0xc47 ./Drivers/STM32F4xx_HAL_Driver/Src/stm32f4xx_hal_sram.o
 .debug_line    0x0000e520     0x37cf ./Drivers/STM32F4xx_HAL_Driver/Src/stm32f4xx_hal_tim.o
 .debug_line    0x00011cef     0x19ba ./Drivers/STM32F4xx_HAL_Driver/Src/stm32f4xx_hal_tim_ex.o
 .debug_line    0x000136a9      0xab6 ./Drivers/STM32F4xx_HAL_Driver/Src/stm32f4xx_ll_fsmc.o

.debug_line_str
                0x00000000       0x79
 .debug_line_str
                0x00000000       0x79 ./.settings/Core/Startup/startup_stm32f407zetx.o

.debug_info     0x00000000    0x10acf
 .debug_info    0x00000000       0x30 ./.settings/Core/Startup/startup_stm32f407zetx.o
 .debug_info    0x00000030      0x776 ./Core/Src/button.o
 .debug_info    0x000007a6      0x6e8 ./Core/Src/buzzer.o
 .debug_info    0x00000e8e      0xd3c ./Core/Src/electronic_lock.o
 .debug_info    0x00001bca      0x9ee ./Core/Src/fsmc.o
 .debug_info    0x000025b8      0x479 ./Core/Src/gpio.o
 .debug_info    0x00002a31      0xc29 ./Core/Src/lcd.o
 .debug_info    0x0000365a      0x83f ./Core/Src/led_7seg.o
 .debug_info    0x00003e99      0xbdb ./Core/Src/main.o
 .debug_info    0x00004a74      0x11b ./Core/Src/picture.o
 .debug_info    0x00004b8f      0x78b ./Core/Src/software_timer.o
 .debug_info    0x0000531a      0x94d ./Core/Src/spi.o
 .debug_info    0x00005c67      0x269 ./Core/Src/stm32f4xx_hal_msp.o
 .debug_info    0x00005ed0      0x713 ./Core/Src/stm32f4xx_it.o
 .debug_info    0x000065e3      0x512 ./Core/Src/system_stm32f4xx.o
 .debug_info    0x00006af5      0xefa ./Core/Src/tim.o
 .debug_info    0x000079ef      0x944 ./Drivers/STM32F4xx_HAL_Driver/Src/stm32f4xx_hal.o
 .debug_info    0x00008333      0xd8c ./Drivers/STM32F4xx_HAL_Driver/Src/stm32f4xx_hal_cortex.o
 .debug_info    0x000090bf      0x6c3 ./Drivers/STM32F4xx_HAL_Driver/Src/stm32f4xx_hal_gpio.o
 .debug_info    0x00009782      0x8c3 ./Drivers/STM32F4xx_HAL_Driver/Src/stm32f4xx_hal_rcc.o
 .debug_info    0x0000a045     0x1525 ./Drivers/STM32F4xx_HAL_Driver/Src/stm32f4xx_hal_spi.o
 .debug_info    0x0000b56a      0xd48 ./Drivers/STM32F4xx_HAL_Driver/Src/stm32f4xx_hal_sram.o
 .debug_info    0x0000c2b2     0x299d ./Drivers/STM32F4xx_HAL_Driver/Src/stm32f4xx_hal_tim.o
 .debug_info    0x0000ec4f     0x14db ./Drivers/STM32F4xx_HAL_Driver/Src/stm32f4xx_hal_tim_ex.o
 .debug_info    0x0001012a      0x9a5 ./Drivers/STM32F4xx_HAL_Driver/Src/stm32f4xx_ll_fsmc.o

.debug_abbrev   0x00000000     0x3084
 .debug_abbrev  0x00000000       0x24 ./.settings/Core/Startup/startup_stm32f407zetx.o
 .debug_abbrev  0x00000024      0x1cf ./Core/Src/button.o
 .debug_abbrev  0x000001f3      0x192 ./Core/Src/buzzer.o
 .debug_abbrev  0x00000385      0x32a ./Core/Src/electronic_lock.o
 .debug_abbrev  0x000006af      0x212 ./Core/Src/fsmc.o
 .debug_abbrev  0x000008c1      0x152 ./Core/Src/gpio.o
 .debug_abbrev  0x00000a13      0x328 ./Core/Src/lcd.o
 .debug_abbrev  0x00000d3b      0x1e2 ./Core/Src/led_7seg.o
 .debug_abbrev  0x00000f1d      0x291 ./Core/Src/main.o
 .debug_abbrev  0x000011ae       0x65 ./Core/Src/picture.o
 .debug_abbrev  0x00001213      0x1f6 ./Core/Src/software_timer.o
 .debug_abbrev  0x00001409      0x1fa ./Core/Src/spi.o
 .debug_abbrev  0x00001603       0xd8 ./Core/Src/stm32f4xx_hal_msp.o
 .debug_abbrev  0x000016db      0x194 ./Core/Src/stm32f4xx_it.o
 .debug_abbrev  0x0000186f      0x11a ./Core/Src/system_stm32f4xx.o
 .debug_abbrev  0x00001989      0x22c ./Core/Src/tim.o
 .debug_abbrev  0x00001bb5      0x214 ./Drivers/STM32F4xx_HAL_Driver/Src/stm32f4xx_hal.o
 .debug_abbrev  0x00001dc9      0x31d ./Drivers/STM32F4xx_HAL_Driver/Src/stm32f4xx_hal_cortex.o
 .debug_abbrev  0x000020e6      0x1d4 ./Drivers/STM32F4xx_HAL_Driver/Src/stm32f4xx_hal_gpio.o
 .debug_abbrev  0x000022ba      0x2b7 ./Drivers/STM32F4xx_HAL_Driver/Src/stm32f4xx_hal_rcc.o
 .debug_abbrev  0x00002571      0x27a ./Drivers/STM32F4xx_HAL_Driver/Src/stm32f4xx_hal_spi.o
 .debug_abbrev  0x000027eb      0x1f3 ./Drivers/STM32F4xx_HAL_Driver/Src/stm32f4xx_hal_sram.o
 .debug_abbrev  0x000029de      0x278 ./Drivers/STM32F4xx_HAL_Driver/Src/stm32f4xx_hal_tim.o
 .debug_abbrev  0x00002c56      0x283 ./Drivers/STM32F4xx_HAL_Driver/Src/stm32f4xx_hal_tim_ex.o
 .debug_abbrev  0x00002ed9      0x1ab ./Drivers/STM32F4xx_HAL_Driver/Src/stm32f4xx_ll_fsmc.o

.debug_aranges  0x00000000     0x1088
 .debug_aranges
                0x00000000       0x28 ./.settings/Core/Startup/startup_stm32f407zetx.o
 .debug_aranges
                0x00000028       0x28 ./Core/Src/button.o
 .debug_aranges
                0x00000050       0x30 ./Core/Src/buzzer.o
 .debug_aranges
                0x00000080      0x150 ./Core/Src/electronic_lock.o
 .debug_aranges
                0x000001d0       0x40 ./Core/Src/fsmc.o
 .debug_aranges
                0x00000210       0x20 ./Core/Src/gpio.o
 .debug_aranges
                0x00000230       0xd8 ./Core/Src/lcd.o
 .debug_aranges
                0x00000308       0x50 ./Core/Src/led_7seg.o
 .debug_aranges
                0x00000358       0x40 ./Core/Src/main.o
 .debug_aranges
                0x00000398       0x18 ./Core/Src/picture.o
 .debug_aranges
                0x000003b0       0x38 ./Core/Src/software_timer.o
 .debug_aranges
                0x000003e8       0x30 ./Core/Src/spi.o
 .debug_aranges
                0x00000418       0x20 ./Core/Src/stm32f4xx_hal_msp.o
 .debug_aranges
                0x00000438       0x78 ./Core/Src/stm32f4xx_it.o
 .debug_aranges
                0x000004b0       0x28 ./Core/Src/system_stm32f4xx.o
 .debug_aranges
                0x000004d8       0x48 ./Core/Src/tim.o
 .debug_aranges
                0x00000520       0xf0 ./Drivers/STM32F4xx_HAL_Driver/Src/stm32f4xx_hal.o
 .debug_aranges
                0x00000610      0x130 ./Drivers/STM32F4xx_HAL_Driver/Src/stm32f4xx_hal_cortex.o
 .debug_aranges
                0x00000740       0x58 ./Drivers/STM32F4xx_HAL_Driver/Src/stm32f4xx_hal_gpio.o
 .debug_aranges
                0x00000798       0x88 ./Drivers/STM32F4xx_HAL_Driver/Src/stm32f4xx_hal_rcc.o
 .debug_aranges
                0x00000820      0x1d0 ./Drivers/STM32F4xx_HAL_Driver/Src/stm32f4xx_hal_spi.o
 .debug_aranges
                0x000009f0       0xb8 ./Drivers/STM32F4xx_HAL_Driver/Src/stm32f4xx_hal_sram.o
 .debug_aranges
                0x00000aa8      0x3d0 ./Drivers/STM32F4xx_HAL_Driver/Src/stm32f4xx_hal_tim.o
 .debug_aranges
                0x00000e78      0x168 ./Drivers/STM32F4xx_HAL_Driver/Src/stm32f4xx_hal_tim_ex.o
 .debug_aranges
                0x00000fe0       0xa8 ./Drivers/STM32F4xx_HAL_Driver/Src/stm32f4xx_ll_fsmc.o

.debug_str      0x00000000    0xce6c5
 .debug_str     0x00000000    0xce6c5 ./.settings/Core/Startup/startup_stm32f407zetx.o
                                 0x95 (size before relaxing)
 .debug_str     0x000ce6c5    0xc6b51 ./Core/Src/button.o
 .debug_str     0x000ce6c5    0xc6bde ./Core/Src/buzzer.o
 .debug_str     0x000ce6c5    0xc71d6 ./Core/Src/electronic_lock.o
 .debug_str     0x000ce6c5    0xc6d0f ./Core/Src/fsmc.o
 .debug_str     0x000ce6c5    0xc67bd ./Core/Src/gpio.o
 .debug_str     0x000ce6c5    0xc9e07 ./Core/Src/lcd.o
 .debug_str     0x000ce6c5    0xc6be1 ./Core/Src/led_7seg.o
 .debug_str     0x000ce6c5    0xc749e ./Core/Src/main.o
 .debug_str     0x000ce6c5     0x2f23 ./Core/Src/picture.o
 .debug_str     0x000ce6c5    0xc6c16 ./Core/Src/software_timer.o
 .debug_str     0x000ce6c5    0xc6c49 ./Core/Src/spi.o
 .debug_str     0x000ce6c5    0xc66f2 ./Core/Src/stm32f4xx_hal_msp.o
 .debug_str     0x000ce6c5    0xc6c0c ./Core/Src/stm32f4xx_it.o
 .debug_str     0x000ce6c5    0xc6644 ./Core/Src/system_stm32f4xx.o
 .debug_str     0x000ce6c5    0xc7439 ./Core/Src/tim.o
 .debug_str     0x000ce6c5    0xc71c8 ./Drivers/STM32F4xx_HAL_Driver/Src/stm32f4xx_hal.o
 .debug_str     0x000ce6c5    0xc6f44 ./Drivers/STM32F4xx_HAL_Driver/Src/stm32f4xx_hal_cortex.o
 .debug_str     0x000ce6c5    0xc67bf ./Drivers/STM32F4xx_HAL_Driver/Src/stm32f4xx_hal_gpio.o
 .debug_str     0x000ce6c5    0xc6a78 ./Drivers/STM32F4xx_HAL_Driver/Src/stm32f4xx_hal_rcc.o
 .debug_str     0x000ce6c5    0xc6f02 ./Drivers/STM32F4xx_HAL_Driver/Src/stm32f4xx_hal_spi.o
 .debug_str     0x000ce6c5    0xc6c42 ./Drivers/STM32F4xx_HAL_Driver/Src/stm32f4xx_hal_sram.o
 .debug_str     0x000ce6c5    0xc79ce ./Drivers/STM32F4xx_HAL_Driver/Src/stm32f4xx_hal_tim.o
 .debug_str     0x000ce6c5    0xc71da ./Drivers/STM32F4xx_HAL_Driver/Src/stm32f4xx_hal_tim_ex.o
 .debug_str     0x000ce6c5    0xc6eaf ./Drivers/STM32F4xx_HAL_Driver/Src/stm32f4xx_ll_fsmc.o

.debug_rnglists
                0x00000000      0xc90
 .debug_rnglists
                0x00000000       0x19 ./.settings/Core/Startup/startup_stm32f407zetx.o
 .debug_rnglists
                0x00000019       0x1a ./Core/Src/button.o
 .debug_rnglists
                0x00000033       0x1f ./Core/Src/buzzer.o
 .debug_rnglists
                0x00000052      0x10a ./Core/Src/electronic_lock.o
 .debug_rnglists
                0x0000015c       0x2d ./Core/Src/fsmc.o
 .debug_rnglists
                0x00000189       0x14 ./Core/Src/gpio.o
 .debug_rnglists
                0x0000019d       0xa8 ./Core/Src/lcd.o
 .debug_rnglists
                0x00000245       0x38 ./Core/Src/led_7seg.o
 .debug_rnglists
                0x0000027d       0x2c ./Core/Src/main.o
 .debug_rnglists
                0x000002a9       0x25 ./Core/Src/software_timer.o
 .debug_rnglists
                0x000002ce       0x20 ./Core/Src/spi.o
 .debug_rnglists
                0x000002ee       0x13 ./Core/Src/stm32f4xx_hal_msp.o
 .debug_rnglists
                0x00000301       0x55 ./Core/Src/stm32f4xx_it.o
 .debug_rnglists
                0x00000356       0x1a ./Core/Src/system_stm32f4xx.o
 .debug_rnglists
                0x00000370       0x35 ./Core/Src/tim.o
 .debug_rnglists
                0x000003a5       0xaf ./Drivers/STM32F4xx_HAL_Driver/Src/stm32f4xx_hal.o
 .debug_rnglists
                0x00000454       0xe0 ./Drivers/STM32F4xx_HAL_Driver/Src/stm32f4xx_hal_cortex.o
 .debug_rnglists
                0x00000534       0x3f ./Drivers/STM32F4xx_HAL_Driver/Src/stm32f4xx_hal_gpio.o
 .debug_rnglists
                0x00000573       0x66 ./Drivers/STM32F4xx_HAL_Driver/Src/stm32f4xx_hal_rcc.o
 .debug_rnglists
                0x000005d9      0x16f ./Drivers/STM32F4xx_HAL_Driver/Src/stm32f4xx_hal_spi.o
 .debug_rnglists
                0x00000748       0x8d ./Drivers/STM32F4xx_HAL_Driver/Src/stm32f4xx_hal_sram.o
 .debug_rnglists
                0x000007d5      0x31a ./Drivers/STM32F4xx_HAL_Driver/Src/stm32f4xx_hal_tim.o
 .debug_rnglists
                0x00000aef      0x125 ./Drivers/STM32F4xx_HAL_Driver/Src/stm32f4xx_hal_tim_ex.o
 .debug_rnglists
                0x00000c14       0x7c ./Drivers/STM32F4xx_HAL_Driver/Src/stm32f4xx_ll_fsmc.o

.debug_macro    0x00000000    0x22c69
 .debug_macro   0x00000000      0x216 ./Core/Src/button.o
 .debug_macro   0x00000216      0xad8 ./Core/Src/button.o
 .debug_macro   0x00000cee       0x22 ./Core/Src/button.o
 .debug_macro   0x00000d10       0x8e ./Core/Src/button.o
 .debug_macro   0x00000d9e       0x51 ./Core/Src/button.o
 .debug_macro   0x00000def      0x103 ./Core/Src/button.o
 .debug_macro   0x00000ef2       0x6a ./Core/Src/button.o
 .debug_macro   0x00000f5c      0x1df ./Core/Src/button.o
 .debug_macro   0x0000113b      0x2a1 ./Core/Src/button.o
 .debug_macro   0x000013dc       0x2e ./Core/Src/button.o
 .debug_macro   0x0000140a       0x2f ./Core/Src/button.o
 .debug_macro   0x00001439       0x1c ./Core/Src/button.o
 .debug_macro   0x00001455       0x22 ./Core/Src/button.o
 .debug_macro   0x00001477       0xfb ./Core/Src/button.o
 .debug_macro   0x00001572     0x1011 ./Core/Src/button.o
 .debug_macro   0x00002583      0x11f ./Core/Src/button.o
 .debug_macro   0x000026a2    0x15ea5 ./Core/Src/button.o
 .debug_macro   0x00018547       0x6d ./Core/Src/button.o
 .debug_macro   0x000185b4     0x3693 ./Core/Src/button.o
 .debug_macro   0x0001bc47      0x190 ./Core/Src/button.o
 .debug_macro   0x0001bdd7       0x5c ./Core/Src/button.o
 .debug_macro   0x0001be33      0x980 ./Core/Src/button.o
 .debug_macro   0x0001c7b3      0x9e9 ./Core/Src/button.o
 .debug_macro   0x0001d19c      0x115 ./Core/Src/button.o
 .debug_macro   0x0001d2b1      0x13e ./Core/Src/button.o
 .debug_macro   0x0001d3ef       0xa5 ./Core/Src/button.o
 .debug_macro   0x0001d494      0x174 ./Core/Src/button.o
 .debug_macro   0x0001d608      0x287 ./Core/Src/button.o
 .debug_macro   0x0001d88f       0x5f ./Core/Src/button.o
 .debug_macro   0x0001d8ee      0x236 ./Core/Src/button.o
 .debug_macro   0x0001db24      0x12c ./Core/Src/button.o
 .debug_macro   0x0001dc50      0x21e ./Core/Src/button.o
 .debug_macro   0x0001de6e       0x2e ./Core/Src/button.o
 .debug_macro   0x0001de9c      0x516 ./Core/Src/button.o
 .debug_macro   0x0001e3b2      0x127 ./Core/Src/button.o
 .debug_macro   0x0001e4d9       0x7e ./Core/Src/button.o
 .debug_macro   0x0001e557       0x89 ./Core/Src/button.o
 .debug_macro   0x0001e5e0      0x225 ./Core/Src/button.o
 .debug_macro   0x0001e805      0x8ed ./Core/Src/button.o
 .debug_macro   0x0001f0f2       0x4d ./Core/Src/button.o
 .debug_macro   0x0001f13f      0x12d ./Core/Src/button.o
 .debug_macro   0x0001f26c       0x58 ./Core/Src/button.o
 .debug_macro   0x0001f2c4      0x224 ./Core/Src/buzzer.o
 .debug_macro   0x0001f4e8      0x264 ./Core/Src/electronic_lock.o
 .debug_macro   0x0001f74c      0x13c ./Core/Src/electronic_lock.o
 .debug_macro   0x0001f888       0xca ./Core/Src/electronic_lock.o
 .debug_macro   0x0001f952      0x202 ./Core/Src/fsmc.o
 .debug_macro   0x0001fb54      0x202 ./Core/Src/gpio.o
 .debug_macro   0x0001fd56      0x321 ./Core/Src/lcd.o
 .debug_macro   0x00020077       0x2a ./Core/Src/lcd.o
 .debug_macro   0x000200a1       0x61 ./Core/Src/lcd.o
 .debug_macro   0x00020102       0x43 ./Core/Src/lcd.o
 .debug_macro   0x00020145       0x34 ./Core/Src/lcd.o
 .debug_macro   0x00020179       0x16 ./Core/Src/lcd.o
 .debug_macro   0x0002018f       0x3c ./Core/Src/lcd.o
 .debug_macro   0x000201cb      0x370 ./Core/Src/lcd.o
 .debug_macro   0x0002053b       0x16 ./Core/Src/lcd.o
 .debug_macro   0x00020551       0x4a ./Core/Src/lcd.o
 .debug_macro   0x0002059b       0x34 ./Core/Src/lcd.o
 .debug_macro   0x000205cf       0x10 ./Core/Src/lcd.o
 .debug_macro   0x000205df       0x58 ./Core/Src/lcd.o
 .debug_macro   0x00020637       0x8e ./Core/Src/lcd.o
 .debug_macro   0x000206c5       0x1c ./Core/Src/lcd.o
 .debug_macro   0x000206e1      0x185 ./Core/Src/lcd.o
 .debug_macro   0x00020866       0x16 ./Core/Src/lcd.o
 .debug_macro   0x0002087c       0x29 ./Core/Src/lcd.o
 .debug_macro   0x000208a5       0x16 ./Core/Src/lcd.o
 .debug_macro   0x000208bb       0x20 ./Core/Src/lcd.o
 .debug_macro   0x000208db      0x20c ./Core/Src/led_7seg.o
 .debug_macro   0x00020ae7      0x28e ./Core/Src/main.o
 .debug_macro   0x00020d75       0xd0 ./Core/Src/main.o
 .debug_macro   0x00020e45       0x1b ./Core/Src/picture.o
 .debug_macro   0x00020e60      0x21c ./Core/Src/software_timer.o
 .debug_macro   0x0002107c      0x202 ./Core/Src/spi.o
 .debug_macro   0x0002127e      0x1f8 ./Core/Src/stm32f4xx_hal_msp.o
 .debug_macro   0x00021476      0x202 ./Core/Src/stm32f4xx_it.o
 .debug_macro   0x00021678      0x1e9 ./Core/Src/system_stm32f4xx.o
 .debug_macro   0x00021861      0x202 ./Core/Src/tim.o
 .debug_macro   0x00021a63      0x249 ./Drivers/STM32F4xx_HAL_Driver/Src/stm32f4xx_hal.o
 .debug_macro   0x00021cac      0x1e9 ./Drivers/STM32F4xx_HAL_Driver/Src/stm32f4xx_hal_cortex.o
 .debug_macro   0x00021e95      0x1ef ./Drivers/STM32F4xx_HAL_Driver/Src/stm32f4xx_hal_gpio.o
 .debug_macro   0x00022084      0x20d ./Drivers/STM32F4xx_HAL_Driver/Src/stm32f4xx_hal_rcc.o
 .debug_macro   0x00022291      0x1f8 ./Drivers/STM32F4xx_HAL_Driver/Src/stm32f4xx_hal_spi.o
 .debug_macro   0x00022489      0x1e9 ./Drivers/STM32F4xx_HAL_Driver/Src/stm32f4xx_hal_sram.o
 .debug_macro   0x00022672      0x1ea ./Drivers/STM32F4xx_HAL_Driver/Src/stm32f4xx_hal_tim.o
 .debug_macro   0x0002285c      0x1e9 ./Drivers/STM32F4xx_HAL_Driver/Src/stm32f4xx_hal_tim_ex.o
 .debug_macro   0x00022a45      0x224 ./Drivers/STM32F4xx_HAL_Driver/Src/stm32f4xx_ll_fsmc.o

.comment        0x00000000       0x43
 .comment       0x00000000       0x43 ./Core/Src/button.o
                                 0x44 (size before relaxing)
 .comment       0x00000043       0x44 ./Core/Src/buzzer.o
 .comment       0x00000043       0x44 ./Core/Src/electronic_lock.o
 .comment       0x00000043       0x44 ./Core/Src/fsmc.o
 .comment       0x00000043       0x44 ./Core/Src/gpio.o
 .comment       0x00000043       0x44 ./Core/Src/lcd.o
 .comment       0x00000043       0x44 ./Core/Src/led_7seg.o
 .comment       0x00000043       0x44 ./Core/Src/main.o
 .comment       0x00000043       0x44 ./Core/Src/picture.o
 .comment       0x00000043       0x44 ./Core/Src/software_timer.o
 .comment       0x00000043       0x44 ./Core/Src/spi.o
 .comment       0x00000043       0x44 ./Core/Src/stm32f4xx_hal_msp.o
 .comment       0x00000043       0x44 ./Core/Src/stm32f4xx_it.o
 .comment       0x00000043       0x44 ./Core/Src/system_stm32f4xx.o
 .comment       0x00000043       0x44 ./Core/Src/tim.o
 .comment       0x00000043       0x44 ./Drivers/STM32F4xx_HAL_Driver/Src/stm32f4xx_hal.o
 .comment       0x00000043       0x44 ./Drivers/STM32F4xx_HAL_Driver/Src/stm32f4xx_hal_cortex.o
 .comment       0x00000043       0x44 ./Drivers/STM32F4xx_HAL_Driver/Src/stm32f4xx_hal_gpio.o
 .comment       0x00000043       0x44 ./Drivers/STM32F4xx_HAL_Driver/Src/stm32f4xx_hal_rcc.o
 .comment       0x00000043       0x44 ./Drivers/STM32F4xx_HAL_Driver/Src/stm32f4xx_hal_spi.o
 .comment       0x00000043       0x44 ./Drivers/STM32F4xx_HAL_Driver/Src/stm32f4xx_hal_sram.o
 .comment       0x00000043       0x44 ./Drivers/STM32F4xx_HAL_Driver/Src/stm32f4xx_hal_tim.o
 .comment       0x00000043       0x44 ./Drivers/STM32F4xx_HAL_Driver/Src/stm32f4xx_hal_tim_ex.o
 .comment       0x00000043       0x44 ./Drivers/STM32F4xx_HAL_Driver/Src/stm32f4xx_ll_fsmc.o

.debug_frame    0x00000000     0x42e4
 .debug_frame   0x00000000       0x50 ./Core/Src/button.o
 .debug_frame   0x00000050       0x70 ./Core/Src/buzzer.o
 .debug_frame   0x000000c0      0x588 ./Core/Src/electronic_lock.o
 .debug_frame   0x00000648       0xbc ./Core/Src/fsmc.o
 .debug_frame   0x00000704       0x34 ./Core/Src/gpio.o
 .debug_frame   0x00000738      0x394 ./Core/Src/lcd.o
 .debug_frame   0x00000acc      0x110 ./Core/Src/led_7seg.o
 .debug_frame   0x00000bdc       0xb0 ./Core/Src/main.o
 .debug_frame   0x00000c8c       0xa4 ./Core/Src/software_timer.o
 .debug_frame   0x00000d30       0x74 ./Core/Src/spi.o
 .debug_frame   0x00000da4       0x38 ./Core/Src/stm32f4xx_hal_msp.o
 .debug_frame   0x00000ddc      0x158 ./Core/Src/stm32f4xx_it.o
 .debug_frame   0x00000f34       0x58 ./Core/Src/system_stm32f4xx.o
 .debug_frame   0x00000f8c       0xe8 ./Core/Src/tim.o
 .debug_frame   0x00001074      0x374 ./Drivers/STM32F4xx_HAL_Driver/Src/stm32f4xx_hal.o
 .debug_frame   0x000013e8      0x508 ./Drivers/STM32F4xx_HAL_Driver/Src/stm32f4xx_hal_cortex.o
 .debug_frame   0x000018f0      0x14c ./Drivers/STM32F4xx_HAL_Driver/Src/stm32f4xx_hal_gpio.o
 .debug_frame   0x00001a3c      0x1f4 ./Drivers/STM32F4xx_HAL_Driver/Src/stm32f4xx_hal_rcc.o
 .debug_frame   0x00001c30      0x828 ./Drivers/STM32F4xx_HAL_Driver/Src/stm32f4xx_hal_spi.o
 .debug_frame   0x00002458      0x30c ./Drivers/STM32F4xx_HAL_Driver/Src/stm32f4xx_hal_sram.o
 .debug_frame   0x00002764     0x11c0 ./Drivers/STM32F4xx_HAL_Driver/Src/stm32f4xx_hal_tim.o
 .debug_frame   0x00003924      0x638 ./Drivers/STM32F4xx_HAL_Driver/Src/stm32f4xx_hal_tim_ex.o
 .debug_frame   0x00003f5c      0x2dc ./Drivers/STM32F4xx_HAL_Driver/Src/stm32f4xx_ll_fsmc.o
 .debug_frame   0x00004238       0x20 D:/STM32CubeIDE_1.19.0/STM32CubeIDE/plugins/com.st.stm32cube.ide.mcu.externaltools.gnu-tools-for-stm32.13.3.rel1.win32_1.0.0.202411081344/tools/bin/../lib/gcc/arm-none-eabi/13.3.1/../../../../arm-none-eabi/lib/thumb/v7e-m+fp/hard\libc_nano.a(libc_a-memset.o)
 .debug_frame   0x00004258       0x2c D:/STM32CubeIDE_1.19.0/STM32CubeIDE/plugins/com.st.stm32cube.ide.mcu.externaltools.gnu-tools-for-stm32.13.3.rel1.win32_1.0.0.202411081344/tools/bin/../lib/gcc/arm-none-eabi/13.3.1/../../../../arm-none-eabi/lib/thumb/v7e-m+fp/hard\libc_nano.a(libc_a-init.o)
 .debug_frame   0x00004284       0x2c D:/STM32CubeIDE_1.19.0/STM32CubeIDE/plugins/com.st.stm32cube.ide.mcu.externaltools.gnu-tools-for-stm32.13.3.rel1.win32_1.0.0.202411081344/tools/bin/../lib/gcc/arm-none-eabi/13.3.1/thumb/v7e-m+fp/hard\libgcc.a(_aeabi_uldivmod.o)
 .debug_frame   0x000042b0       0x34 D:/STM32CubeIDE_1.19.0/STM32CubeIDE/plugins/com.st.stm32cube.ide.mcu.externaltools.gnu-tools-for-stm32.13.3.rel1.win32_1.0.0.202411081344/tools/bin/../lib/gcc/arm-none-eabi/13.3.1/thumb/v7e-m+fp/hard\libgcc.a(_udivmoddi4.o)
