../Core/Src/electronic_lock.c:20:6:fsm_electronic_lock_run	8	static
../Core/Src/electronic_lock.c:64:13:reset_inputs	16	static
../Core/Src/electronic_lock.c:77:13:read_edges	24	static
../Core/Src/electronic_lock.c:86:6:init_idle	24	static
../Core/Src/electronic_lock.c:96:6:init_receive_password_number	24	static
../Core/Src/electronic_lock.c:102:6:init_receive_password_character	24	static
../Core/Src/electronic_lock.c:108:6:init_process_and_control	24	static
../Core/Src/electronic_lock.c:115:6:init_unlock_door	4	static
../Core/Src/electronic_lock.c:123:6:idle_receive_password_number	4	static
../Core/Src/electronic_lock.c:127:6:idle_receive_password_character	4	static
../Core/Src/electronic_lock.c:131:6:init	4	static
../Core/Src/electronic_lock.c:135:6:idle	48	static
../Core/Src/electronic_lock.c:215:6:receive_password_number	32	static
../Core/Src/electronic_lock.c:287:6:receive_password_character	32	static
../Core/Src/electronic_lock.c:353:6:process_and_control	4	static
