../Core/Src/electronic_lock.c:20:6:fsm_electronic_lock_run	8	static
../Core/Src/electronic_lock.c:73:13:reset_inputs	16	static
../Core/Src/electronic_lock.c:86:13:read_edges	24	static
../Core/Src/electronic_lock.c:94:9:check_password	16	static
../Core/Src/electronic_lock.c:103:6:init_idle	24	static
../Core/Src/electronic_lock.c:114:6:init_receive_password_number	24	static
../Core/Src/electronic_lock.c:120:6:init_receive_password_character	24	static
../Core/Src/electronic_lock.c:126:6:init_process_and_control	24	static
../Core/Src/electronic_lock.c:135:6:init_unlock_door	24	static
../Core/Src/electronic_lock.c:143:6:init_door_open	24	static
../Core/Src/electronic_lock.c:152:6:init_door_close	24	static
../Core/Src/electronic_lock.c:161:6:init_alert	24	static
../Core/Src/electronic_lock.c:170:6:init_lock_door	24	static
../Core/Src/electronic_lock.c:183:6:idle_receive_password_number	4	static
../Core/Src/electronic_lock.c:187:6:idle_receive_password_character	4	static
../Core/Src/electronic_lock.c:191:6:init	4	static
../Core/Src/electronic_lock.c:195:6:idle	48	static
../Core/Src/electronic_lock.c:276:6:receive_password_number	32	static
../Core/Src/electronic_lock.c:348:6:receive_password_character	32	static
../Core/Src/electronic_lock.c:418:6:process_and_control	24	static
../Core/Src/electronic_lock.c:440:6:password_incorrect	8	static
../Core/Src/electronic_lock.c:450:6:unlock_door	24	static
../Core/Src/electronic_lock.c:478:6:door_open	24	static
../Core/Src/electronic_lock.c:504:6:door_close	24	static
../Core/Src/electronic_lock.c:521:6:alert	24	static
../Core/Src/electronic_lock.c:539:6:lock_door	8	static
