../Core/Src/electronic_lock.c:25:6:fsm_electronic_lock_run	8	static
../Core/Src/electronic_lock.c:83:13:reset_inputs	16	static
../Core/Src/electronic_lock.c:96:13:read_edges	24	static
../Core/Src/electronic_lock.c:104:9:check_password	16	static
../Core/Src/electronic_lock.c:113:6:init_idle	24	static
../Core/Src/electronic_lock.c:124:6:init_receive_password_number	24	static
../Core/Src/electronic_lock.c:130:6:init_receive_password_character	24	static
../Core/Src/electronic_lock.c:136:6:init_process_and_control	24	static
../Core/Src/electronic_lock.c:145:6:init_unlock_door	24	static
../Core/Src/electronic_lock.c:153:6:init_door_open	24	static
../Core/Src/electronic_lock.c:162:6:init_door_close	24	static
../Core/Src/electronic_lock.c:171:6:init_alert	24	static
../Core/Src/electronic_lock.c:180:6:init_lock_door	24	static
../Core/Src/electronic_lock.c:191:6:init_update_password	24	static
../Core/Src/electronic_lock.c:204:6:idle_receive_password_number	4	static
../Core/Src/electronic_lock.c:208:6:idle_receive_password_character	4	static
../Core/Src/electronic_lock.c:212:6:init	4	static
../Core/Src/electronic_lock.c:216:6:idle	48	static
../Core/Src/electronic_lock.c:302:6:receive_password_number	32	static
../Core/Src/electronic_lock.c:374:6:receive_password_character	32	static
../Core/Src/electronic_lock.c:445:6:show_7SEGMENT	32	static
../Core/Src/electronic_lock.c:462:6:process_and_control	24	static
../Core/Src/electronic_lock.c:485:6:password_incorrect	16	static
../Core/Src/electronic_lock.c:502:6:init_lockout	40	static
../Core/Src/electronic_lock.c:513:6:lockout	16	static
../Core/Src/electronic_lock.c:530:6:unlock_door	24	static
../Core/Src/electronic_lock.c:558:6:door_open	24	static
../Core/Src/electronic_lock.c:584:6:door_close	24	static
../Core/Src/electronic_lock.c:601:6:alert	24	static
../Core/Src/electronic_lock.c:619:6:lock_door	8	static
../Core/Src/electronic_lock.c:628:12:get_digit_from_edges	16	static
../Core/Src/electronic_lock.c:642:6:update_password_number	48	static
