../Core/Src/electronic_lock.c:28:6:fsm_electronic_lock_run	8	static
../Core/Src/electronic_lock.c:93:13:reset_inputs	16	static
../Core/Src/electronic_lock.c:106:13:read_edges	24	static
../Core/Src/electronic_lock.c:114:9:check_password	16	static
../Core/Src/electronic_lock.c:123:6:init_idle	24	static
../Core/Src/electronic_lock.c:135:6:init_receive_password_number	24	static
../Core/Src/electronic_lock.c:142:6:init_receive_password_character	24	static
../Core/Src/electronic_lock.c:149:6:init_process_and_control	24	static
../Core/Src/electronic_lock.c:159:6:init_unlock_door	24	static
../Core/Src/electronic_lock.c:167:6:init_door_open	24	static
../Core/Src/electronic_lock.c:176:6:init_door_close	24	static
../Core/Src/electronic_lock.c:185:6:init_alert	24	static
../Core/Src/electronic_lock.c:196:6:init_lock_door	24	static
../Core/Src/electronic_lock.c:207:6:init_update_password	4	static
../Core/Src/electronic_lock.c:220:6:idle_receive_password_number	4	static
../Core/Src/electronic_lock.c:224:6:idle_receive_password_character	4	static
../Core/Src/electronic_lock.c:228:6:init	4	static
../Core/Src/electronic_lock.c:232:6:idle	48	static
../Core/Src/electronic_lock.c:334:6:receive_password_number	32	static
../Core/Src/electronic_lock.c:417:6:receive_password_character	32	static
../Core/Src/electronic_lock.c:507:6:show_7SEGMENT	32	static
../Core/Src/electronic_lock.c:524:6:process_and_control	24	static
../Core/Src/electronic_lock.c:549:6:password_incorrect	16	static
../Core/Src/electronic_lock.c:595:6:init_lockout	40	static
../Core/Src/electronic_lock.c:606:6:lockout	16	static
../Core/Src/electronic_lock.c:623:6:unlock_door	24	static
../Core/Src/electronic_lock.c:651:6:door_open	24	static
../Core/Src/electronic_lock.c:677:6:door_close	24	static
../Core/Src/electronic_lock.c:703:6:alert	24	static
../Core/Src/electronic_lock.c:727:6:lock_door	8	static
../Core/Src/electronic_lock.c:736:12:get_digit_from_edges	16	static
../Core/Src/electronic_lock.c:750:6:update_password_number	4	static
../Core/Src/electronic_lock.c:754:6:update_password_character	4	static
../Core/Src/electronic_lock.c:759:6:super_init_change_password_number	32	static
../Core/Src/electronic_lock.c:784:6:reset_change_password_form	32	static
../Core/Src/electronic_lock.c:807:6:init_change_password_number	24	static
../Core/Src/electronic_lock.c:816:6:init_change_password_character	24	static
../Core/Src/electronic_lock.c:824:6:change_password_number	88	static
../Core/Src/electronic_lock.c:968:6:change_password_character	96	static
../Core/Src/electronic_lock.c:1122:6:notify_password_not_ready	24	static
../Core/Src/electronic_lock.c:1132:6:clear_notify	16	static
